Component: ARM Compiler 5.05 update 1 (build 106) Tool: armlink [4d0efa]

==============================================================================

Section Cross References

    main.o(.text) refers to adc.o(.text) for GetMiliVoltage
    main.o(.text) refers to f2d.o(x$fpl$f2d) for __aeabi_f2d
    main.o(.text) refers to daddsub_clz.o(x$fpl$dsub) for __aeabi_dsub
    main.o(.text) refers to ddiv.o(x$fpl$ddiv) for __aeabi_ddiv
    main.o(.text) refers to d2f.o(x$fpl$d2f) for __aeabi_d2f
    main.o(.text) refers to sensor.o(.text) for slope_pH
    main.o(.text) refers to daddsub_clz.o(x$fpl$drsb) for __aeabi_drsub
    main.o(.text) refers to tasks.o(.text) for vTaskDelay
    main.o(.text) refers to stm32f4xx_rcc.o(.text) for RCC_APB1PeriphClockCmd
    main.o(.text) refers to stm32f4xx_tim.o(.text) for TIM_TimeBaseInit
    main.o(.text) refers to stm32f4xx_gpio.o(.text) for GPIO_ResetBits
    main.o(.text) refers to actuator.o(.text) for ControlActuator
    main.o(.text) refers to stm32f4_discovery_tsc2046.o(.text) for getTouchPoint
    main.o(.text) refers to graphicobject.o(.text) for ProcessInputData
    main.o(.text) refers to displaynumber.o(.text) for DisplayNumber
    main.o(.text) refers to stm32f4_discovery_user.o(.text) for STM_EVAL_LEDInit
    main.o(.text) refers to stm32f4xx_uartstdio.o(.text) for UARTstdio_Configuration
    main.o(.text) refers to stm32f4_discovery_lcd_ssd1963.o(.text) for STM324xG_LCD_Init
    main.o(.text) refers to lcdhal.o(.text) for GL_SetFont
    main.o(.text) refers to flash_memory_driver.o(.text) for ReadSavedValue
    main.o(.text) refers to uiframework.o(.text) for Show_StartScreen
    main.o(.text) refers to stm32f4x7_eth_bsp.o(.text) for ETH_BSP_Config
    main.o(.text) refers to netconf.o(.text) for LwIP_Init
    main.o(.text) refers to misc.o(.text) for NVIC_PriorityGroupConfig
    main.o(.text) refers to httpserver-socket.o(.text) for http_server_socket_init
    main.o(.text) refers to main.o(.data) for pH_V_read
    main.o(.text) refers to displaynumber.o(.data) for sec
    main.o(.text) refers to uiappuser.o(.data) for DosingTest_Flag
    system_stm32f4xx.o(.text) refers to system_stm32f4xx.o(.data) for SystemCoreClock
    stm32f4xx_it.o(.text) refers to stm32f4x7_eth.o(.text) for ETH_GetDMAFlagStatus
    stm32f4xx_it.o(.text) refers to queue.o(.text) for xQueueGiveFromISR
    stm32f4xx_it.o(.text) refers to stm32f4xx_tim.o(.text) for TIM_ClearITPendingBit
    stm32f4xx_it.o(.text) refers to hw_config.o(.text) for decrement_us_delay
    stm32f4xx_it.o(.text) refers to ethernetif.o(.data) for s_xSemaphore
    netconf.o(.text) refers to _printf_percent.o(.ARM.Collect$$_printf_percent$$00000000) for _printf_percent
    netconf.o(.text) refers to _printf_d.o(.ARM.Collect$$_printf_percent$$00000009) for _printf_d
    netconf.o(.text) refers to _printf_dec.o(.text) for _printf_int_dec
    netconf.o(.text) refers to tcpip.o(.text) for tcpip_init
    netconf.o(.text) refers to inet.o(.text) for htonl
    netconf.o(.text) refers to noretval__2sprintf.o(.text) for __2sprintf
    netconf.o(.text) refers to netif.o(.text) for netif_add
    netconf.o(.text) refers to ethernetif.o(.text) for ethernetif_init
    netconf.o(.text) refers to netconf.o(.bss) for xnetif
    stm32f4x7_eth_bsp.o(.text) refers to stm32f4xx_rcc.o(.text) for RCC_AHB1PeriphClockCmd
    stm32f4x7_eth_bsp.o(.text) refers to stm32f4x7_eth.o(.text) for ETH_DeInit
    stm32f4x7_eth_bsp.o(.text) refers to misc.o(.text) for NVIC_PriorityGroupConfig
    stm32f4x7_eth_bsp.o(.text) refers to stm32f4xx_syscfg.o(.text) for SYSCFG_ETH_MediaInterfaceConfig
    stm32f4x7_eth_bsp.o(.text) refers to stm32f4xx_gpio.o(.text) for GPIO_Init
    stm32f4x7_eth_bsp.o(.text) refers to stm32f4x7_eth_bsp.o(.data) for EthInitStatus
    fs.o(.text) refers to strcmpv7m.o(.text) for strcmp
    fs.o(.text) refers to rt_memcpy_v6.o(.text) for __aeabi_memcpy
    fs.o(.text) refers to fs.o(.bss) for fs_memory
    fs.o(.text) refers to fs.o(.constdata) for file__STM32F4x7_html
    httpserver-socket.o(.text) refers to _printf_percent.o(.ARM.Collect$$_printf_percent$$00000000) for _printf_percent
    httpserver-socket.o(.text) refers to _printf_d.o(.ARM.Collect$$_printf_percent$$00000009) for _printf_d
    httpserver-socket.o(.text) refers to _printf_dec.o(.text) for _printf_int_dec
    httpserver-socket.o(.text) refers to strlen.o(.text) for strlen
    httpserver-socket.o(.text) refers to sockets.o(.text) for lwip_write
    httpserver-socket.o(.text) refers to rt_memclr.o(.text) for __aeabi_memclr
    httpserver-socket.o(.text) refers to strcat.o(.text) for strcat
    httpserver-socket.o(.text) refers to httpserver-socket.o(.constdata) for LOGIN
    httpserver-socket.o(.text) refers to httpserver-socket.o(.bss) for PAGE_BODY2
    httpserver-socket.o(.text) refers to httpserver-socket.o(.conststring) for .conststring
    httpserver-socket.o(.text) refers to noretval__2sprintf.o(.text) for __2sprintf
[...]
    vTaskPrioritySet                         0x08020713   Thumb Code   260  tasks.o(.text)
    vTaskSwitchContext                       0x08020817   Thumb Code   236  tasks.o(.text)
    vTaskSuspend                             0x08020903   Thumb Code   196  tasks.o(.text)
    vTaskResume                              0x08020a17   Thumb Code   128  tasks.o(.text)
    xTaskResumeFromISR                       0x08020a97   Thumb Code   158  tasks.o(.text)
    vTaskStartScheduler                      0x08020bab   Thumb Code   108  tasks.o(.text)
    vTaskEndScheduler                        0x08020c17   Thumb Code    32  tasks.o(.text)
    xTaskGetTickCount                        0x08020c37   Thumb Code     6  tasks.o(.text)
    xTaskGetTickCountFromISR                 0x08020c3d   Thumb Code    16  tasks.o(.text)
    uxTaskGetNumberOfTasks                   0x08020c4d   Thumb Code     6  tasks.o(.text)
    pcTaskGetName                            0x08020c53   Thumb Code    44  tasks.o(.text)
    vTaskGetInfo                             0x08020cd9   Thumb Code   114  tasks.o(.text)
    uxTaskGetSystemState                     0x08020db5   Thumb Code   152  tasks.o(.text)
    vTaskPlaceOnEventList                    0x08020e4d   Thumb Code    52  tasks.o(.text)
    vTaskPlaceOnUnorderedEventList           0x08020e81   Thumb Code   100  tasks.o(.text)
    xTaskRemoveFromEventList                 0x08020ee5   Thumb Code   128  tasks.o(.text)
    xTaskRemoveFromUnorderedEventList        0x08020f65   Thumb Code   154  tasks.o(.text)
    vTaskSetTimeOutState                     0x08020fff   Thumb Code    38  tasks.o(.text)
    xTaskCheckForTimeOut                     0x08021025   Thumb Code   132  tasks.o(.text)
    vTaskMissedYield                         0x080210a9   Thumb Code     8  tasks.o(.text)
    uxTaskGetTaskNumber                      0x080210b1   Thumb Code    14  tasks.o(.text)
    vTaskSetTaskNumber                       0x080210bf   Thumb Code    62  tasks.o(.text)
    xTaskGetCurrentTaskHandle                0x080210fd   Thumb Code     6  tasks.o(.text)
    vTaskPriorityInherit                     0x08021103   Thumb Code   164  tasks.o(.text)
    xTaskPriorityDisinherit                  0x080211a7   Thumb Code   188  tasks.o(.text)
    vTaskList                                0x0802128d   Thumb Code   204  tasks.o(.text)
    uxTaskResetEventItemValue                0x08021359   Thumb Code    24  tasks.o(.text)
    pvTaskIncrementMutexHeldCount            0x08021371   Thumb Code    26  tasks.o(.text)
    ulTaskNotifyTake                         0x0802138b   Thumb Code   108  tasks.o(.text)
    xTaskNotifyWait                          0x080213f7   Thumb Code   150  tasks.o(.text)
    xTaskGenericNotify                       0x0802148d   Thumb Code   280  tasks.o(.text)
    xTaskGenericNotifyFromISR                0x080215a5   Thumb Code   298  tasks.o(.text)
    vTaskNotifyGiveFromISR                   0x080216cf   Thumb Code   216  tasks.o(.text)
    xTaskNotifyStateClear                    0x080217a7   Thumb Code    48  tasks.o(.text)
    pxPortInitialiseStack                    0x08021831   Thumb Code    38  port.o(.text)
    vPortSetupTimerInterrupt                 0x08021857   Thumb Code    14  port.o(.text)
    xPortStartScheduler                      0x08021865   Thumb Code   288  port.o(.text)
    vPortEndScheduler                        0x08021985   Thumb Code    42  port.o(.text)
    vPortEnterCritical                       0x080219af   Thumb Code    78  port.o(.text)
    vPortExitCritical                        0x080219fd   Thumb Code    56  port.o(.text)
    SysTick_Handler                          0x08021a35   Thumb Code    48  port.o(.text)
    vPortValidateInterruptPriority           0x08021a65   Thumb Code   108  port.o(.text)
    pvPortMalloc                             0x08021b1f   Thumb Code   176  heap_2.o(.text)
    vPortFree                                0x08021bcf   Thumb Code    56  heap_2.o(.text)
    xPortGetFreeHeapSize                     0x08021c07   Thumb Code     6  heap_2.o(.text)
    vPortInitialiseBlocks                    0x08021c0d   Thumb Code     2  heap_2.o(.text)
    Reset_Handler                            0x08021c25   Thumb Code     8  startup_stm32f4xx.o(.text)
    ADC_IRQHandler                           0x08021c3f   Thumb Code     0  startup_stm32f4xx.o(.text)
    CAN1_RX0_IRQHandler                      0x08021c3f   Thumb Code     0  startup_stm32f4xx.o(.text)
    CAN1_RX1_IRQHandler                      0x08021c3f   Thumb Code     0  startup_stm32f4xx.o(.text)
    CAN1_SCE_IRQHandler                      0x08021c3f   Thumb Code     0  startup_stm32f4xx.o(.text)
    CAN1_TX_IRQHandler                       0x08021c3f   Thumb Code     0  startup_stm32f4xx.o(.text)
    CAN2_RX0_IRQHandler                      0x08021c3f   Thumb Code     0  startup_stm32f4xx.o(.text)
    CAN2_RX1_IRQHandler                      0x08021c3f   Thumb Code     0  startup_stm32f4xx.o(.text)
    CAN2_SCE_IRQHandler                      0x08021c3f   Thumb Code     0  startup_stm32f4xx.o(.text)
    CAN2_TX_IRQHandler                       0x08021c3f   Thumb Code     0  startup_stm32f4xx.o(.text)
    CRYP_IRQHandler                          0x08021c3f   Thumb Code     0  startup_stm32f4xx.o(.text)
    DCMI_IRQHandler                          0x08021c3f   Thumb Code     0  startup_stm32f4xx.o(.text)
    DMA1_Stream0_IRQHandler                  0x08021c3f   Thumb Code     0  startup_stm32f4xx.o(.text)
    DMA1_Stream1_IRQHandler                  0x08021c3f   Thumb Code     0  startup_stm32f4xx.o(.text)
    DMA1_Stream2_IRQHandler                  0x08021c3f   Thumb Code     0  startup_stm32f4xx.o(.text)
    DMA1_Stream3_IRQHandler                  0x08021c3f   Thumb Code     0  startup_stm32f4xx.o(.text)
    DMA1_Stream4_IRQHandler                  0x08021c3f   Thumb Code     0  startup_stm32f4xx.o(.text)
    DMA1_Stream5_IRQHandler                  0x08021c3f   Thumb Code     0  startup_stm32f4xx.o(.text)
    DMA1_Stream6_IRQHandler                  0x08021c3f   Thumb Code     0  startup_stm32f4xx.o(.text)
    DMA1_Stream7_IRQHandler                  0x08021c3f   Thumb Code     0  startup_stm32f4xx.o(.text)
    DMA2_Stream0_IRQHandler                  0x08021c3f   Thumb Code     0  startup_stm32f4xx.o(.text)
    DMA2_Stream1_IRQHandler                  0x08021c3f   Thumb Code     0  startup_stm32f4xx.o(.text)
    DMA2_Stream2_IRQHandler                  0x08021c3f   Thumb Code     0  startup_stm32f4xx.o(.text)
    DMA2_Stream3_IRQHandler                  0x08021c3f   Thumb Code     0  startup_stm32f4xx.o(.text)
    DMA2_Stream4_IRQHandler                  0x08021c3f   Thumb Code     0  startup_stm32f4xx.o(.text)
    DMA2_Stream5_IRQHandler                  0x08021c3f   Thumb Code     0  startup_stm32f4xx.o(.text)
    DMA2_Stream6_IRQHandler                  0x08021c3f   Thumb Code     0  startup_stm32f4xx.o(.text)
    DMA2_Stream7_IRQHandler                  0x08021c3f   Thumb Code     0  startup_stm32f4xx.o(.text)
    ETH_WKUP_IRQHandler                      0x08021c3f   Thumb Code     0  startup_stm32f4xx.o(.text)
    EXTI0_IRQHandler                         0x08021c3f   Thumb Code     0  startup_stm32f4xx.o(.text)
    EXTI15_10_IRQHandler                     0x08021c3f   Thumb Code     0  startup_stm32f4xx.o(.text)
    EXTI1_IRQHandler                         0x08021c3f   Thumb Code     0  startup_stm32f4xx.o(.text)
    EXTI2_IRQHandler                         0x08021c3f   Thumb Code     0  startup_stm32f4xx.o(.text)
    EXTI3_IRQHandler                         0x08021c3f   Thumb Code     0  startup_stm32f4xx.o(.text)
    EXTI4_IRQHandler                         0x08021c3f   Thumb Code     0  startup_stm32f4xx.o(.text)
    EXTI9_5_IRQHandler                       0x08021c3f   Thumb Code     0  startup_stm32f4xx.o(.text)
    FLASH_IRQHandler                         0x08021c3f   Thumb Code     0  startup_stm32f4xx.o(.text)
    FPU_IRQHandler                           0x08021c3f   Thumb Code     0  startup_stm32f4xx.o(.text)
    FSMC_IRQHandler                          0x08021c3f   Thumb Code     0  startup_stm32f4xx.o(.text)
    HASH_RNG_IRQHandler                      0x08021c3f   Thumb Code     0  startup_stm32f4xx.o(.text)
    I2C1_ER_IRQHandler                       0x08021c3f   Thumb Code     0  startup_stm32f4xx.o(.text)
    I2C1_EV_IRQHandler                       0x08021c3f   Thumb Code     0  startup_stm32f4xx.o(.text)
    I2C2_ER_IRQHandler                       0x08021c3f   Thumb Code     0  startup_stm32f4xx.o(.text)
    I2C2_EV_IRQHandler                       0x08021c3f   Thumb Code     0  startup_stm32f4xx.o(.text)
    I2C3_ER_IRQHandler                       0x08021c3f   Thumb Code     0  startup_stm32f4xx.o(.text)
    I2C3_EV_IRQHandler                       0x08021c3f   Thumb Code     0  startup_stm32f4xx.o(.text)
    OTG_FS_IRQHandler                        0x08021c3f   Thumb Code     0  startup_stm32f4xx.o(.text)
    OTG_FS_WKUP_IRQHandler                   0x08021c3f   Thumb Code     0  startup_stm32f4xx.o(.text)
    OTG_HS_EP1_IN_IRQHandler                 0x08021c3f   Thumb Code     0  startup_stm32f4xx.o(.text)
    OTG_HS_EP1_OUT_IRQHandler                0x08021c3f   Thumb Code     0  startup_stm32f4xx.o(.text)
    OTG_HS_IRQHandler                        0x08021c3f   Thumb Code     0  startup_stm32f4xx.o(.text)
    OTG_HS_WKUP_IRQHandler                   0x08021c3f   Thumb Code     0  startup_stm32f4xx.o(.text)
    PVD_IRQHandler                           0x08021c3f   Thumb Code     0  startup_stm32f4xx.o(.text)
    RCC_IRQHandler                           0x08021c3f   Thumb Code     0  startup_stm32f4xx.o(.text)
    RTC_Alarm_IRQHandler                     0x08021c3f   Thumb Code     0  startup_stm32f4xx.o(.text)
    RTC_WKUP_IRQHandler                      0x08021c3f   Thumb Code     0  startup_stm32f4xx.o(.text)
    SDIO_IRQHandler                          0x08021c3f   Thumb Code     0  startup_stm32f4xx.o(.text)
    SPI1_IRQHandler                          0x08021c3f   Thumb Code     0  startup_stm32f4xx.o(.text)
    SPI2_IRQHandler                          0x08021c3f   Thumb Code     0  startup_stm32f4xx.o(.text)
    SPI3_IRQHandler                          0x08021c3f   Thumb Code     0  startup_stm32f4xx.o(.text)
    TAMP_STAMP_IRQHandler                    0x08021c3f   Thumb Code     0  startup_stm32f4xx.o(.text)
    TIM1_BRK_TIM9_IRQHandler                 0x08021c3f   Thumb Code     0  startup_stm32f4xx.o(.text)
    TIM1_CC_IRQHandler                       0x08021c3f   Thumb Code     0  startup_stm32f4xx.o(.text)
    TIM1_TRG_COM_TIM11_IRQHandler            0x08021c3f   Thumb Code     0  startup_stm32f4xx.o(.text)
    TIM1_UP_TIM10_IRQHandler                 0x08021c3f   Thumb Code     0  startup_stm32f4xx.o(.text)
    TIM6_DAC_IRQHandler                      0x08021c3f   Thumb Code     0  startup_stm32f4xx.o(.text)
    TIM7_IRQHandler                          0x08021c3f   Thumb Code     0  startup_stm32f4xx.o(.text)
    TIM8_BRK_TIM12_IRQHandler                0x08021c3f   Thumb Code     0  startup_stm32f4xx.o(.text)
    TIM8_CC_IRQHandler                       0x08021c3f   Thumb Code     0  startup_stm32f4xx.o(.text)
    TIM8_TRG_COM_TIM14_IRQHandler            0x08021c3f   Thumb Code     0  startup_stm32f4xx.o(.text)
    TIM8_UP_TIM13_IRQHandler                 0x08021c3f   Thumb Code     0  startup_stm32f4xx.o(.text)
    UART4_IRQHandler                         0x08021c3f   Thumb Code     0  startup_stm32f4xx.o(.text)
    UART5_IRQHandler                         0x08021c3f   Thumb Code     0  startup_stm32f4xx.o(.text)
    USART1_IRQHandler                        0x08021c3f   Thumb Code     0  startup_stm32f4xx.o(.text)
    USART2_IRQHandler                        0x08021c3f   Thumb Code     0  startup_stm32f4xx.o(.text)
    USART3_IRQHandler                        0x08021c3f   Thumb Code     0  startup_stm32f4xx.o(.text)
    USART6_IRQHandler                        0x08021c3f   Thumb Code     0  startup_stm32f4xx.o(.text)
    WWDG_IRQHandler                          0x08021c3f   Thumb Code     0  startup_stm32f4xx.o(.text)
    __user_initial_stackheap                 0x08021c41   Thumb Code     0  startup_stm32f4xx.o(.text)
    malloc                                   0x08021c65   Thumb Code    94  h1_alloc.o(.text)
    free                                     0x08021cc3   Thumb Code    78  h1_free.o(.text)
    __2sprintf                               0x08021d11   Thumb Code    34  noretval__2sprintf.o(.text)
    _printf_pre_padding                      0x08021d39   Thumb Code    44  _printf_pad.o(.text)
    _printf_post_padding                     0x08021d65   Thumb Code    34  _printf_pad.o(.text)
    _printf_str                              0x08021d87   Thumb Code    82  _printf_str.o(.text)
    _printf_int_dec                          0x08021dd9   Thumb Code   104  _printf_dec.o(.text)
    __printf                                 0x08021e51   Thumb Code   270  __printf_wp.o(.text)
    atoi                                     0x08021f5f   Thumb Code    26  atoi.o(.text)
    strstr                                   0x08021f79   Thumb Code    36  strstr.o(.text)
    memcmp                                   0x08021f9d   Thumb Code    88  memcmp.o(.text)
    strcpy                                   0x08021ff5   Thumb Code    72  strcpy.o(.text)
    strlen                                   0x0802203d   Thumb Code    62  strlen.o(.text)
    strncmp                                  0x0802207b   Thumb Code   150  strncmp.o(.text)
    strcat                                   0x08022111   Thumb Code    24  strcat.o(.text)
    __aeabi_memcpy                           0x08022129   Thumb Code     0  rt_memcpy_v6.o(.text)
    __rt_memcpy                              0x08022129   Thumb Code   138  rt_memcpy_v6.o(.text)
    _memcpy_lastbytes                        0x0802218f   Thumb Code     0  rt_memcpy_v6.o(.text)
    __aeabi_memset                           0x080221b3   Thumb Code    16  aeabi_memset.o(.text)
    __aeabi_memclr                           0x080221c3   Thumb Code     0  rt_memclr.o(.text)
    __rt_memclr                              0x080221c3   Thumb Code    68  rt_memclr.o(.text)
    _memset                                  0x080221c7   Thumb Code     0  rt_memclr.o(.text)
    __aeabi_memclr4                          0x08022207   Thumb Code     0  rt_memclr_w.o(.text)
    __aeabi_memclr8                          0x08022207   Thumb Code     0  rt_memclr_w.o(.text)
    __rt_memclr_w                            0x08022207   Thumb Code    78  rt_memclr_w.o(.text)
    _memset_w                                0x0802220b   Thumb Code     0  rt_memclr_w.o(.text)
    strncpy                                  0x08022255   Thumb Code    86  strncpy.o(.text)
    strcmp                                   0x080222ad   Thumb Code   128  strcmpv7m.o(.text)
    __use_two_region_memory                  0x0802232d   Thumb Code     2  heapauxi.o(.text)
    __rt_heap_escrow                         0x0802232f   Thumb Code     2  heapauxi.o(.text)
    __rt_heap_expand                         0x08022331   Thumb Code     2  heapauxi.o(.text)
    __rt_heap_descriptor                     0x08022335   Thumb Code     8  rt_heap_descriptor_intlibspace.o(.text)
    __aeabi_errno_addr                       0x0802233d   Thumb Code     8  rt_errno_addr_intlibspace.o(.text)
    __errno$intlibspace                      0x0802233d   Thumb Code     0  rt_errno_addr_intlibspace.o(.text)
    __rt_errno_addr$intlibspace              0x0802233d   Thumb Code     0  rt_errno_addr_intlibspace.o(.text)
    __use_no_heap                            0x08022345   Thumb Code     2  hguard.o(.text)
    __heap$guard                             0x08022347   Thumb Code     2  hguard.o(.text)
    _terminate_user_alloc                    0x08022349   Thumb Code     2  init_alloc.o(.text)
    _init_user_alloc                         0x0802234b   Thumb Code     2  init_alloc.o(.text)
    __Heap_Full                              0x0802234d   Thumb Code    34  init_alloc.o(.text)
    __Heap_Broken                            0x0802236f   Thumb Code     6  init_alloc.o(.text)
    _init_alloc                              0x08022375   Thumb Code    94  init_alloc.o(.text)
    __Heap_Initialize                        0x080223d3   Thumb Code    10  h1_init.o(.text)
    __Heap_DescSize                          0x080223dd   Thumb Code     4  h1_init.o(.text)
    _printf_int_common                       0x080223e1   Thumb Code   178  _printf_intcommon.o(.text)
    __lib_sel_fp_printf                      0x08022493   Thumb Code     2  _printf_fp_dec.o(.text)
    _printf_fp_dec_real                      0x08022641   Thumb Code   620  _printf_fp_dec.o(.text)
    _printf_char_common                      0x080228b7   Thumb Code    32  _printf_char_common.o(.text)
    _sputc                                   0x080228dd   Thumb Code    10  _sputc.o(.text)
    _printf_cs_common                        0x080228e7   Thumb Code    20  _printf_char.o(.text)
    _printf_char                             0x080228fb   Thumb Code    16  _printf_char.o(.text)
    _printf_string                           0x0802290b   Thumb Code     8  _printf_char.o(.text)
    strtol                                   0x08022913   Thumb Code   112  strtol.o(.text)
    __aeabi_memcpy4                          0x08022983   Thumb Code     0  rt_memcpy_w.o(.text)
    __aeabi_memcpy8                          0x08022983   Thumb Code     0  rt_memcpy_w.o(.text)
    __rt_memcpy_w                            0x08022983   Thumb Code   100  rt_memcpy_w.o(.text)
    _memcpy_lastbytes_aligned                0x080229cb   Thumb Code     0  rt_memcpy_w.o(.text)
    __user_libspace                          0x080229e9   Thumb Code     8  libspace.o(.text)
    __user_perproc_libspace                  0x080229e9   Thumb Code     0  libspace.o(.text)
    __user_perthread_libspace                0x080229e9   Thumb Code     0  libspace.o(.text)
    __rt_ctype_table                         0x080229f1   Thumb Code    16  rt_ctype_table.o(.text)
    __rt_locale                              0x08022a01   Thumb Code     8  rt_locale_intlibspace.o(.text)
    __Heap_ProvideMemory                     0x08022a09   Thumb Code    52  h1_extend.o(.text)
    _ll_udiv10                               0x08022a3d   Thumb Code   138  lludiv10.o(.text)
    _printf_fp_infnan                        0x08022ac9   Thumb Code   112  _printf_fp_infnan.o(.text)
    _strtoul                                 0x08022b49   Thumb Code   158  _strtoul.o(.text)
    _btod_etento                             0x08022be9   Thumb Code   216  bigflt0.o(.text)
    __rt_SIGRTMEM                            0x08022cc5   Thumb Code    14  defsig_rtmem_outer.o(.text)
    __I$use$semihosting                      0x08022cd3   Thumb Code     0  use_no_semi.o(.text)
    __use_no_semihosting_swi                 0x08022cd3   Thumb Code     2  use_no_semi.o(.text)
    __semihosting_library_function           0x08022cd5   Thumb Code     0  indicate_semi.o(.text)
    __user_setup_stackheap                   0x08022cd5   Thumb Code    74  sys_stackheap_outer.o(.text)
    _chval                                   0x08022d1f   Thumb Code    28  _chval.o(.text)
    exit                                     0x08022d3b   Thumb Code    12  exit.o(.text)
    __sig_exit                               0x08022d47   Thumb Code    10  defsig_exit.o(.text)
    __rt_SIGRTMEM_inner                      0x08022d51   Thumb Code    22  defsig_rtmem_inner.o(.text)
    _sys_exit                                0x08022da1   Thumb Code     8  sys_exit.o(.text)
    __default_signal_display                 0x08022dad   Thumb Code    50  defsig_general.o(.text)
    _ttywrch                                 0x08022ddf   Thumb Code    14  sys_wrch.o(.text)
    _btod_d2e                                0x08022ded   Thumb Code    62  btod.o(CL$$btod_d2e)
    _d2e_denorm_low                          0x08022e2b   Thumb Code    70  btod.o(CL$$btod_d2e_denorm_low)
    _d2e_norm_op1                            0x08022e71   Thumb Code    96  btod.o(CL$$btod_d2e_norm_op1)
    __btod_div_common                        0x08022ed1   Thumb Code   696  btod.o(CL$$btod_div_common)
    _e2e                                     0x08023209   Thumb Code   198  btod.o(CL$$btod_e2e)
    _btod_ediv                               0x080232cf   Thumb Code    40  btod.o(CL$$btod_ediv)
    _btod_emul                               0x080232f7   Thumb Code    40  btod.o(CL$$btod_emul)
    __btod_mult_common                       0x0802331f   Thumb Code   580  btod.o(CL$$btod_mult_common)
    __ARM_fpclassify                         0x08023563   Thumb Code    48  fpclassify.o(i.__ARM_fpclassify)
    _is_digit                                0x08023593   Thumb Code    14  __printf_wp.o(i._is_digit)
    _get_lc_numeric                          0x080235a1   Thumb Code    44  lc_numeric_c.o(locale$$code)
    _get_lc_ctype                            0x080235cd   Thumb Code    44  lc_ctype_c.o(locale$$code)
    __aeabi_d2f                              0x080235f9   Thumb Code     0  d2f.o(x$fpl$d2f)
    _d2f                                     0x080235f9   Thumb Code    98  d2f.o(x$fpl$d2f)
    __aeabi_dadd                             0x0802365d   Thumb Code     0  daddsub_clz.o(x$fpl$dadd)
    _dadd                                    0x0802365d   Thumb Code   332  daddsub_clz.o(x$fpl$dadd)
    __fpl_dcmp_Inf                           0x080237ad   Thumb Code    24  dcmpi.o(x$fpl$dcmpinf)
    __aeabi_ddiv                             0x080237c5   Thumb Code     0  ddiv.o(x$fpl$ddiv)
    _ddiv                                    0x080237c5   Thumb Code   552  ddiv.o(x$fpl$ddiv)
    __aeabi_d2uiz                            0x08023a75   Thumb Code     0  dfixu.o(x$fpl$dfixu)
    _dfixu                                   0x08023a75   Thumb Code    90  dfixu.o(x$fpl$dfixu)
    __aeabi_i2d                              0x08023acf   Thumb Code     0  dflt_clz.o(x$fpl$dflt)
    _dflt                                    0x08023acf   Thumb Code    46  dflt_clz.o(x$fpl$dflt)
    __aeabi_ui2d                             0x08023afd   Thumb Code     0  dflt_clz.o(x$fpl$dfltu)
    _dfltu                                   0x08023afd   Thumb Code    38  dflt_clz.o(x$fpl$dfltu)
    __aeabi_cdcmple                          0x08023b25   Thumb Code     0  dleqf.o(x$fpl$dleqf)
    _dcmple                                  0x08023b25   Thumb Code   120  dleqf.o(x$fpl$dleqf)
    __fpl_dcmple_InfNaN                      0x08023b87   Thumb Code     0  dleqf.o(x$fpl$dleqf)
    __aeabi_dmul                             0x08023b9d   Thumb Code     0  dmul.o(x$fpl$dmul)
    _dmul                                    0x08023b9d   Thumb Code   332  dmul.o(x$fpl$dmul)
    __fpl_dnaninf                            0x08023cf1   Thumb Code   156  dnaninf.o(x$fpl$dnaninf)
    __fpl_dretinf                            0x08023d8d   Thumb Code    12  dretinf.o(x$fpl$dretinf)
    __aeabi_cdrcmple                         0x08023d99   Thumb Code     0  drleqf.o(x$fpl$drleqf)
    _drcmple                                 0x08023d99   Thumb Code   108  drleqf.o(x$fpl$drleqf)
    __aeabi_drsub                            0x08023e05   Thumb Code     0  daddsub_clz.o(x$fpl$drsb)
    _drsb                                    0x08023e05   Thumb Code    22  daddsub_clz.o(x$fpl$drsb)
    __aeabi_dsub                             0x08023e1d   Thumb Code     0  daddsub_clz.o(x$fpl$dsub)
    _dsub                                    0x08023e1d   Thumb Code   464  daddsub_clz.o(x$fpl$dsub)
    __aeabi_f2d                              0x08023ff1   Thumb Code     0  f2d.o(x$fpl$f2d)
    _f2d                                     0x08023ff1   Thumb Code    86  f2d.o(x$fpl$f2d)
    __fpl_fnaninf                            0x08024047   Thumb Code   140  fnaninf.o(x$fpl$fnaninf)
    _fp_init                                 0x080240d3   Thumb Code    10  fpinit.o(x$fpl$fpinit)
    __fplib_config_fpu_vfp                   0x080240db   Thumb Code     0  fpinit.o(x$fpl$fpinit)
    __fplib_config_pureend_doubles           0x080240db   Thumb Code     0  fpinit.o(x$fpl$fpinit)
    __fpl_fretinf                            0x080240dd   Thumb Code    10  fretinf.o(x$fpl$fretinf)
    _printf_fp_dec                           0x080240e7   Thumb Code     4  printf1.o(x$fpl$printf1)
    __I$use$fp                               0x080240ea   Number         0  usenofp.o(x$fpl$usenofp)
    file__STM32F4x7_files_logo_jpg           0x0802e94c   Data          20  fs.o(.constdata)
    file__STM32F4x7_files_ST_gif             0x0802e960   Data          20  fs.o(.constdata)
    file__STM32F4x7_files_stm32_jpg          0x0802e974   Data          20  fs.o(.constdata)
    file__404_html                           0x0802e988   Data          20  fs.o(.constdata)
    file__STM32F4x7_html                     0x0802e99c   Data          20  fs.o(.constdata)
    GL_ASCII16x24_Table                      0x0802f9a8   Data        4560  gl_fonts.o(.constdata)
    GL_ASCII12x12_Table                      0x08030b78   Data        2304  gl_fonts.o(.constdata)
    GL_ASCII8x12_Table                       0x08031478   Data        2304  gl_fonts.o(.constdata)
    GL_ASCII8x8_Table                        0x08031d78   Data        1536  gl_fonts.o(.constdata)
    GL_ASCII8x12_bold_Table                  0x08032378   Data        5376  gl_fonts.o(.constdata)
    GL_ASCII36x48                            0x08033878   Data       12480  gl_fonts.o(.constdata)
    GL_ASCII5x8_Table                        0x08036938   Data        1520  gl_fonts.o(.constdata)
    GL_ASCII14x20_Table                      0x08036f28   Data        7600  gl_fonts.o(.constdata)
    GL_ASCII11x16_Table                      0x08038cd8   Data        6080  gl_fonts.o(.constdata)
    GL_ASCII7x12_Table                       0x0803a498   Data        2280  gl_fonts.o(.constdata)
    GL_ASCII17x24_Table                      0x0803ad80   Data       13680  gl_fonts.o(.constdata)
    RButtonA                                 0x0803e2f0   Data         866  images.o(.constdata)
    RButtonB                                 0x0803e652   Data         866  images.o(.constdata)
    CheckBox1                                0x0803e9b4   Data         866  images.o(.constdata)
    CheckBox2                                0x0803ed16   Data         866  images.o(.constdata)
    ArrowUpUntouched                         0x0803f078   Data        1034  images.o(.constdata)
    ArrowUpTouched                           0x0803f482   Data        1034  images.o(.constdata)
    ArrowDownUntouched                       0x0803f88c   Data        1034  images.o(.constdata)
    ArrowDownTouched                         0x0803fc96   Data        1034  images.o(.constdata)
    BtnNormalLeft                            0x080400a0   Data         482  images.o(.constdata)
    BtnNormalRight                           0x08040282   Data         482  images.o(.constdata)
    BtnNormal                                0x08040464   Data         482  images.o(.constdata)
    BtnPressedLeft                           0x08040646   Data         482  images.o(.constdata)
    BtnPressedRight                          0x08040828   Data         482  images.o(.constdata)
    BtnPressed                               0x08040a0a   Data         482  images.o(.constdata)
    SwitchNormalLeft                         0x08040bec   Data         482  images.o(.constdata)
    SwitchNormalRight                        0x08040dce   Data         482  images.o(.constdata)
    SwitchNormal                             0x08040fb0   Data         482  images.o(.constdata)
    SwitchPressedLeft                        0x08041192   Data         482  images.o(.constdata)
    SwitchPressedRight                       0x08041374   Data         482  images.o(.constdata)
    SwitchPressed                            0x08041556   Data         482  images.o(.constdata)
    SlidebarLeft                             0x08041738   Data         210  images.o(.constdata)
    SlidebarRight                            0x0804180a   Data         210  images.o(.constdata)
    SlidebarCentral                          0x080418dc   Data         210  images.o(.constdata)
    SlidebarCursor                           0x080419ae   Data         306  images.o(.constdata)
    logobk                                   0x08041ae0   Data       14083  images.o(.constdata)
    ASCII16x24_Table                         0x080451e8   Data        4560  fonts.o(.constdata)
    ASCII12x12_Table                         0x080463b8   Data        2304  fonts.o(.constdata)
    ASCII8x12_Table                          0x08046cb8   Data        2304  fonts.o(.constdata)
    ASCII8x8_Table                           0x080475b8   Data        1536  fonts.o(.constdata)
    ASCII36x48_Table                         0x08047bb8   Data       12480  fonts.o(.constdata)
    ASCII8x12_bold_Table                     0x0804ac78   Data        5376  fonts.o(.constdata)
    ASCII17x24_Table                         0x0804c178   Data       13680  fonts.o(.constdata)
    ASCII5x8_Table                           0x0804f6e8   Data        1520  fonts.o(.constdata)
    ASCII14x20_Table                         0x0804fcd8   Data        7600  fonts.o(.constdata)
    ASCII11x16_Table                         0x08051a88   Data        6080  fonts.o(.constdata)
    ASCII7x12_Table                          0x08053248   Data        2280  fonts.o(.constdata)
    GPIO_PIN                                 0x08053b30   Data           8  stm32f4_discovery_user.o(.constdata)
    GPIO_CLK                                 0x08053b38   Data          16  stm32f4_discovery_user.o(.constdata)
    BUTTON_PIN                               0x08053b48   Data           2  stm32f4_discovery_user.o(.constdata)
    BUTTON_CLK                               0x08053b4c   Data           4  stm32f4_discovery_user.o(.constdata)
    BUTTON_EXTI_LINE                         0x08053b50   Data           2  stm32f4_discovery_user.o(.constdata)
    BUTTON_PORT_SOURCE                       0x08053b52   Data           1  stm32f4_discovery_user.o(.constdata)
    BUTTON_PIN_SOURCE                        0x08053b53   Data           1  stm32f4_discovery_user.o(.constdata)
    BUTTON_IRQn                              0x08053b54   Data           1  stm32f4_discovery_user.o(.constdata)
    COM_USART_CLK                            0x08053b58   Data           8  stm32f4_discovery_user.o(.constdata)
    COM_TX_PORT_CLK                          0x08053b60   Data           8  stm32f4_discovery_user.o(.constdata)
    COM_RX_PORT_CLK                          0x08053b68   Data           8  stm32f4_discovery_user.o(.constdata)
    COM_TX_PIN                               0x08053b70   Data           4  stm32f4_discovery_user.o(.constdata)
    COM_RX_PIN                               0x08053b74   Data           4  stm32f4_discovery_user.o(.constdata)
    COM_TX_PIN_SOURCE                        0x08053b78   Data           4  stm32f4_discovery_user.o(.constdata)
    COM_RX_PIN_SOURCE                        0x08053b7c   Data           4  stm32f4_discovery_user.o(.constdata)
    COM_TX_AF                                0x08053b80   Data           4  stm32f4_discovery_user.o(.constdata)
    COM_RX_AF                                0x08053b84   Data           4  stm32f4_discovery_user.o(.constdata)
    tcp_backoff                              0x08053bf4   Data          13  tcp.o(.constdata)
    tcp_persist_backoff                      0x08053c01   Data           7  tcp.o(.constdata)
    ip_addr_any                              0x08053c08   Data           4  ip_addr.o(.constdata)
    ip_addr_broadcast                        0x08053c0c   Data           4  ip_addr.o(.constdata)
    ethbroadcast                             0x08053c10   Data           6  etharp.o(.constdata)
    ethzero                                  0x08053c16   Data           6  etharp.o(.constdata)
    Region$$Table$$Base                      0x080543e8   Number         0  anon$$obj.o(Region$$Table)
    Region$$Table$$Limit                     0x08054408   Number         0  anon$$obj.o(Region$$Table)
    __ctype                                  0x08054431   Data           0  lc_ctype_c.o(locale$$data)
    PrescalerValue                           0x20000000   Data           2  main.o(.data)
    pH_read                                  0x20000004   Data           4  main.o(.data)
    ORP_read                                 0x20000008   Data           4  main.o(.data)
    pH_V_read                                0x2000000c   Data           4  main.o(.data)
    V_pH                                     0x20000010   Data           4  main.o(.data)
    V_Clo                                    0x20000014   Data           4  main.o(.data)
    V_step                                   0x20000018   Data           4  main.o(.data)
    step_pH                                  0x2000001c   Data           4  main.o(.data)
    step_Clo                                 0x20000020   Data           4  main.o(.data)
    pH_V_calibration                         0x20000024   Data           4  main.o(.data)
    temp                                     0x20000028   Data           4  main.o(.data)
    counter_delay_us                         0x2000002c   Data           2  main.o(.data)
    SystemCoreClock                          0x20000030   Data           4  system_stm32f4xx.o(.data)
    AHBPrescTable                            0x20000034   Data          16  system_stm32f4xx.o(.data)
    EthInitStatus                            0x20000044   Data           4  stm32f4x7_eth_bsp.o(.data)
    nPageHits                                0x20000048   Data           4  httpserver-socket.o(.data)
    ph_min                                   0x2000004c   Data           4  httpserver-socket.o(.data)
    ph_max                                   0x20000050   Data           4  httpserver-socket.o(.data)
    cl_min                                   0x20000054   Data           4  httpserver-socket.o(.data)
    cl_max                                   0x20000058   Data           4  httpserver-socket.o(.data)
    update                                   0x2000005c   Data           1  httpserver-socket.o(.data)
    user                                     0x20000060   Data           4  httpserver-socket.o(.data)
    pass                                     0x20000064   Data           4  httpserver-socket.o(.data)
    security                                 0x20000068   Data           1  httpserver-socket.o(.data)
    HSEStartUpStatus                         0x2000006a   Data           1  hw_config.o(.data)
    vu_mydata                                0x20000070   Data           4  flash_memory_driver.o(.data)
    hour                                     0x20000074   Data           1  displaynumber.o(.data)
    min                                      0x20000075   Data           1  displaynumber.o(.data)
    sec                                      0x20000076   Data           1  displaynumber.o(.data)
    ADC1ConvertedValue                       0x20000078   Data           2  adc.o(.data)
    ADC1ConvertedmV                          0x2000007c   Data           4  adc.o(.data)
    slope_24                                 0x20000080   Data           4  sensor.o(.data)
    DosingTest_Flag                          0x20000084   Data           1  uiappuser.o(.data)
    Languages_Choose                         0x20000085   Data           1  uiappuser.o(.data)
    PoolSelect                               0x20000086   Data           1  uiappuser.o(.data)
    Temperature                              0x20000087   Data           1  uiappuser.o(.data)
    WaterHardnessSelect                      0x20000088   Data           1  uiappuser.o(.data)
    TypeofProbe                              0x20000089   Data           1  uiappuser.o(.data)
    RequireValueDosepH_DoseHour              0x2000008a   Data           1  uiappuser.o(.data)
    RequireValueDosepH_DoseDay               0x2000008b   Data           1  uiappuser.o(.data)
    PoolVolume                               0x2000008c   Data           2  uiappuser.o(.data)
    FiltrationPeriod                         0x2000008e   Data           2  uiappuser.o(.data)
    CalibrationAir                           0x20000090   Data           2  uiappuser.o(.data)
    CalibrationWater                         0x20000092   Data           2  uiappuser.o(.data)
    RequireValueRedoxpH_Redox                0x20000094   Data           2  uiappuser.o(.data)
    Probe_pH                                 0x20000098   Data           4  uiappuser.o(.data)
    Probe_CLF                                0x2000009c   Data           4  uiappuser.o(.data)
    RequireValuepH                           0x200000a0   Data           4  uiappuser.o(.data)
    RequireValueCLF                          0x200000a4   Data           4  uiappuser.o(.data)
    RequireValueDosepH_DoseHour_Display      0x200000a8   Data           1  uiappuser.o(.data)
    RequireValueDosepH_DoseDay_Display       0x200000a9   Data           1  uiappuser.o(.data)
    PoolVolume_Display                       0x200000aa   Data           2  uiappuser.o(.data)
    FiltrationPeriod_Display                 0x200000ac   Data           2  uiappuser.o(.data)
    CalibrationAir_Display                   0x200000ae   Data           2  uiappuser.o(.data)
    CalibrationWater_Display                 0x200000b0   Data           2  uiappuser.o(.data)
    RequireValueRedoxpH_Redox_Display        0x200000b2   Data           2  uiappuser.o(.data)
    Probe_pH_Display                         0x200000b4   Data           4  uiappuser.o(.data)
    Probe_CLF_Display                        0x200000b8   Data           4  uiappuser.o(.data)
    RequireValuepH_Display                   0x200000bc   Data           4  uiappuser.o(.data)
    RequireValueCLF_Display                  0x200000c0   Data           4  uiappuser.o(.data)
    CurrentScreen                            0x200000c4   Data           4  uiframework.o(.data)
    Screen                                   0x200000c8   Data           2  uiframework.o(.data)
    GL_Font                                  0x200000ca   Data           1  lcdhal.o(.data)
    GL_FontWidth                             0x200000cb   Data           1  lcdhal.o(.data)
    GL_FontHeight                            0x200000cc   Data           1  lcdhal.o(.data)
    LCD_Height                               0x200000ce   Data           2  lcdhal.o(.data)
    LCD_Width                                0x200000d0   Data           2  lcdhal.o(.data)
    LCD_Direction                            0x200000d2   Data           1  lcdhal.o(.data)
    TextColor                                0x200000d4   Data           2  lcdhal.o(.data)
    BackColor                                0x200000d6   Data           2  lcdhal.o(.data)
    Cursor                                   0x200000dc   Data           4  cursor.o(.data)
    u32_TSXCoordinate                        0x200000f0   Data           4  cursor.o(.data)
    u32_TSYCoordinate                        0x200000f4   Data           4  cursor.o(.data)
    GL_Font16x24                             0x200000f8   Data           8  gl_fonts.o(.data)
    GL_Font12x12                             0x20000100   Data           8  gl_fonts.o(.data)
    GL_Font8x12                              0x20000108   Data           8  gl_fonts.o(.data)
    GL_Font8x8                               0x20000110   Data           8  gl_fonts.o(.data)
    GL_Font8x12_bold                         0x20000118   Data           8  gl_fonts.o(.data)
    GL_Font36x48                             0x20000120   Data           8  gl_fonts.o(.data)
    GL_Font5x8                               0x20000128   Data           8  gl_fonts.o(.data)
    GL_Font14x20                             0x20000130   Data           8  gl_fonts.o(.data)
    GL_Font11x16                             0x20000138   Data           8  gl_fonts.o(.data)
    GL_Font7x12                              0x20000140   Data           8  gl_fonts.o(.data)
    GL_Font17x24                             0x20000148   Data           8  gl_fonts.o(.data)
    vu32_gTimeOutCount                       0x20000180   Data           4  graphicobject.o(.data)
    vu8_gTouchEnable                         0x20000184   Data           1  graphicobject.o(.data)
    vu8_gSleepState                          0x20000185   Data           1  graphicobject.o(.data)
    ValidTouchDetected                       0x20000186   Data           1  graphicobject.o(.data)
    vu8_gPowerSaveOption                     0x20000187   Data           1  graphicobject.o(.data)
    touch_done                               0x20000188   Data           1  graphicobject.o(.data)
    joy_done                                 0x20000189   Data           1  graphicobject.o(.data)
    calibration_done                         0x2000018a   Data           1  graphicobject.o(.data)
    __stdout                                 0x20000190   Data           4  stm32f4xx_uartstdio.o(.data)
    Font16x24                                0x200001a0   Data           8  fonts.o(.data)
    Font12x12                                0x200001a8   Data           8  fonts.o(.data)
    Font8x12                                 0x200001b0   Data           8  fonts.o(.data)
    Font8x8                                  0x200001b8   Data           8  fonts.o(.data)
    Font36x48                                0x200001c0   Data           8  fonts.o(.data)
    Font8x12_bold                            0x200001c8   Data           8  fonts.o(.data)
    Font17x24                                0x200001d0   Data           8  fonts.o(.data)
    Font5x8                                  0x200001d8   Data           8  fonts.o(.data)
    Font14x20                                0x200001e0   Data           8  fonts.o(.data)
    Font11x16                                0x200001e8   Data           8  fonts.o(.data)
    Font7x12                                 0x200001f0   Data           8  fonts.o(.data)
    A2                                       0x200001f8   Data           4  stm32f4_discovery_tsc2046.o(.data)
    B2                                       0x200001fc   Data           4  stm32f4_discovery_tsc2046.o(.data)
    C2                                       0x20000200   Data           4  stm32f4_discovery_tsc2046.o(.data)
    D2                                       0x20000204   Data           4  stm32f4_discovery_tsc2046.o(.data)
    E2                                       0x20000208   Data           4  stm32f4_discovery_tsc2046.o(.data)
    F2                                       0x2000020c   Data           4  stm32f4_discovery_tsc2046.o(.data)
    XCoordinate                              0x20000210   Data           2  stm32f4_discovery_tsc2046.o(.data)
    YCoordinate                              0x20000212   Data           2  stm32f4_discovery_tsc2046.o(.data)
    tmp                                      0x20000214   Data           4  stm32f4_discovery_tsc2046.o(.data)
    mydata                                   0x20000218   Data           4  stm32f4_discovery_tsc2046.o(.data)
    display                                  0x2000021c   Data           4  stm32f4_discovery_tsc2046.o(.data)
    i                                        0x20000220   Data           4  stm32f4_discovery_tsc2046.o(.data)
    GPIO_PORT                                0x20000228   Data          16  stm32f4_discovery_user.o(.data)
    BUTTON_PORT                              0x20000238   Data           4  stm32f4_discovery_user.o(.data)
    COM_USART                                0x2000023c   Data           8  stm32f4_discovery_user.o(.data)
    COM_TX_PORT                              0x20000244   Data           8  stm32f4_discovery_user.o(.data)
    COM_RX_PORT                              0x2000024c   Data           8  stm32f4_discovery_user.o(.data)
    NVIC_InitStructure                       0x20000254   Data           4  stm32f4_discovery_user.o(.data)
    DMATxDescToSet                           0x20000268   Data           4  stm32f4x7_eth.o(.data)
    DMARxDescToGet                           0x2000026c   Data           4  stm32f4x7_eth.o(.data)
    DMA_RX_FRAME_infos                       0x20000270   Data           4  stm32f4x7_eth.o(.data)
    Frame_Rx_index                           0x20000274   Data           4  stm32f4x7_eth.o(.data)
    netif_list                               0x200002a8   Data           4  netif.o(.data)
    netif_default                            0x200002ac   Data           4  netif.o(.data)
    tcp_state_str                            0x200002b8   Data          44  tcp.o(.data)
    tcp_ticks                                0x200002e4   Data           4  tcp.o(.data)
    tcp_bound_pcbs                           0x200002e8   Data           4  tcp.o(.data)
    tcp_listen_pcbs                          0x200002ec   Data           4  tcp.o(.data)
    tcp_active_pcbs                          0x200002f0   Data           4  tcp.o(.data)
    tcp_tw_pcbs                              0x200002f4   Data           4  tcp.o(.data)
    tcp_tmp_pcb                              0x200002f8   Data           4  tcp.o(.data)
    tcp_input_pcb                            0x20000320   Data           4  tcp_in.o(.data)
    udp_pcbs                                 0x20000324   Data           4  udp.o(.data)
    current_netif                            0x20000328   Data           4  ip.o(.data)
    current_header                           0x2000032c   Data           4  ip.o(.data)
    s_xSemaphore                             0x20000338   Data           4  ethernetif.o(.data)
    pxCurrentTCB                             0x20000344   Data           4  tasks.o(.data)
    xnetif                                   0x200003a4   Data          56  netconf.o(.bss)
    fs_memory                                0x200003dc   Data         240  fs.o(.bss)
    PAGE_BODY                                0x200004cc   Data         512  httpserver-socket.o(.bss)
    PAGE_BODY2                               0x200006cc   Data        3500  httpserver-socket.o(.bss)
    StartScreen                              0x20001478   Data         164  uiframework.o(.bss)
    SettingsScreen                           0x2000151c   Data         164  uiframework.o(.bss)
    DosingTestScreen                         0x200015c0   Data         164  uiframework.o(.bss)
    ParametersScreen                         0x20001664   Data         164  uiframework.o(.bss)
    ParametersPoolVolumeScreen               0x20001708   Data         164  uiframework.o(.bss)
    ParametersFitrationPeriodScreen          0x200017ac   Data         164  uiframework.o(.bss)
    ParametersWaterScreen                    0x20001850   Data         164  uiframework.o(.bss)
    WarningMaximalSafetyScreen               0x200018f4   Data         164  uiframework.o(.bss)
    WarningExtremeConditionScreen            0x20001998   Data         164  uiframework.o(.bss)
    WarningWaterHardnessScreen               0x20001a3c   Data         164  uiframework.o(.bss)
    WarningProbeCalibration62_78Screen       0x20001ae0   Data         164  uiframework.o(.bss)
    WarningProbeCalibrationScreen            0x20001b84   Data         164  uiframework.o(.bss)
    WarningProbeCalibration70Screen          0x20001c28   Data         164  uiframework.o(.bss)
    WarningProbeCalibrationRequiredValueScreen 0x20001ccc   Data         164  uiframework.o(.bss)
    WarningProbeCalibrationRequiredValueRedScreen 0x20001d70   Data         164  uiframework.o(.bss)
    WarningProbeCalibrationRequiredValueImpossibleScreen 0x20001e14   Data         164  uiframework.o(.bss)
    WarningTooRapidChangeScreen              0x20001eb8   Data         164  uiframework.o(.bss)
    ParametersRequireValuepHScreen           0x20001f5c   Data         164  uiframework.o(.bss)
    ParametersRequireValueCLFScreen          0x20002000   Data         164  uiframework.o(.bss)
    CalibrationScreen                        0x200020a4   Data         164  uiframework.o(.bss)
    CalibrationpHProbeScreen                 0x20002148   Data         164  uiframework.o(.bss)
    CalibrationCLFProbeScreen                0x200021ec   Data         164  uiframework.o(.bss)
    ParametersRequireValueRedoxpH_RedoxScreen 0x20002290   Data         164  uiframework.o(.bss)
    ParametersRequireValueRedoxpH_pHScreen   0x20002334   Data         164  uiframework.o(.bss)
    ParametersRequireValueDosepH_DoseHourScreen 0x200023d8   Data         164  uiframework.o(.bss)
    ParametersRequireValueDosepH_DoseHour_pHScreen 0x2000247c   Data         164  uiframework.o(.bss)
    ParametersRequireValueDosepH_DoseDayScreen 0x20002520   Data         164  uiframework.o(.bss)
    ParametersRequireValueDosepH_DoseDay_pHScreen 0x200025c4   Data         164  uiframework.o(.bss)
    CalibrationWaterScreen                   0x20002668   Data         164  uiframework.o(.bss)
    CalibrationAirScreen                     0x2000270c   Data         164  uiframework.o(.bss)
    TypeOfProbeScreen                        0x200027b0   Data         164  uiframework.o(.bss)
    LanguagesScreen                          0x20002854   Data         164  uiframework.o(.bss)
    PagesList                                0x200028f8   Data         200  graphicobject.o(.bss)
    matrix                                   0x200029c0   Data          28  stm32f4_discovery_tsc2046.o(.bss)
    DMARxDscrTab                             0x200029dc   Data         160  stm32f4x7_eth.o(.bss)
    DMATxDscrTab                             0x20002a7c   Data         160  stm32f4x7_eth.o(.bss)
    Rx_Buff                                  0x20002b1c   Data        7620  stm32f4x7_eth.o(.bss)
    Tx_Buff                                  0x200048e0   Data        7620  stm32f4x7_eth.o(.bss)
    RX_Frame_Descriptor                      0x200066a4   Data          12  stm32f4x7_eth.o(.bss)
    xQueueRegistry                           0x2000b730   Data          64  queue.o(.bss)
    __libspace_start                         0x20010838   Data          96  libspace.o(.bss)
    __temporary_stack_top$libspace           0x20010898   Data           0  libspace.o(.bss)



==============================================================================

Memory Map of the image

  Image Entry point : 0x08000189

  Load Region LR_IROM1 (Base: 0x08000000, Size: 0x000548d8, Max: 0x00080000, ABSOLUTE, COMPRESSED[0x0005466c])

    Execution Region ER_IROM1 (Base: 0x08000000, Size: 0x00054534, Max: 0x00080000, ABSOLUTE)

    Base Addr    Size         Type   Attr      Idx    E Section Name        Object

    0x08000000   0x00000188   Data   RO         1981    RESET               startup_stm32f4xx.o
    0x08000188   0x00000008   Code   RO         2115  * !!!main             c_w.l(__main.o)
    0x08000190   0x00000034   Code   RO         2432    !!!scatter          c_w.l(__scatter.o)
    0x080001c4   0x0000005a   Code   RO         2430    !!dczerorl2         c_w.l(__dczerorl2.o)
    0x0800021e   0x00000002   PAD
    0x08000220   0x0000001c   Code   RO         2434    !!handler_zi        c_w.l(__scatter_zi.o)
    0x0800023c   0x00000000   Code   RO         2086    .ARM.Collect$$_printf_percent$$00000000  c_w.l(_printf_percent.o)
    0x0800023c   0x00000006   Code   RO         2085    .ARM.Collect$$_printf_percent$$00000003  c_w.l(_printf_f.o)
    0x08000242   0x00000006   Code   RO         2083    .ARM.Collect$$_printf_percent$$00000009  c_w.l(_printf_d.o)
    0x08000248   0x00000006   Code   RO         2084    .ARM.Collect$$_printf_percent$$0000000A  c_w.l(_printf_u.o)
    0x0800024e   0x00000006   Code   RO         2082    .ARM.Collect$$_printf_percent$$00000013  c_w.l(_printf_c.o)
    0x08000254   0x00000004   Code   RO         2192    .ARM.Collect$$_printf_percent$$00000017  c_w.l(_printf_percent_end.o)
    0x08000258   0x00000002   Code   RO         2370    .ARM.Collect$$libinit$$00000000  c_w.l(libinit.o)
    0x0800025a   0x00000004   Code   RO         2199    .ARM.Collect$$libinit$$00000001  c_w.l(libinit2.o)
    0x0800025e   0x00000000   Code   RO         2202    .ARM.Collect$$libinit$$00000004  c_w.l(libinit2.o)
    0x0800025e   0x00000008   Code   RO         2203    .ARM.Collect$$libinit$$00000005  c_w.l(libinit2.o)
    0x08000266   0x00000000   Code   RO         2205    .ARM.Collect$$libinit$$0000000A  c_w.l(libinit2.o)
    0x08000266   0x00000000   Code   RO         2207    .ARM.Collect$$libinit$$0000000C  c_w.l(libinit2.o)
    0x08000266   0x00000000   Code   RO         2209    .ARM.Collect$$libinit$$0000000E  c_w.l(libinit2.o)
    0x08000266   0x00000006   Code   RO         2210    .ARM.Collect$$libinit$$0000000F  c_w.l(libinit2.o)
    0x0800026c   0x00000000   Code   RO         2212    .ARM.Collect$$libinit$$00000011  c_w.l(libinit2.o)
    0x0800026c   0x0000000c   Code   RO         2213    .ARM.Collect$$libinit$$00000012  c_w.l(libinit2.o)
    0x08000278   0x00000000   Code   RO         2214    .ARM.Collect$$libinit$$00000013  c_w.l(libinit2.o)
    0x08000278   0x00000000   Code   RO         2216    .ARM.Collect$$libinit$$00000015  c_w.l(libinit2.o)
    0x08000278   0x0000000a   Code   RO         2217    .ARM.Collect$$libinit$$00000016  c_w.l(libinit2.o)
    0x08000282   0x00000000   Code   RO         2218    .ARM.Collect$$libinit$$00000017  c_w.l(libinit2.o)
    0x08000282   0x00000000   Code   RO         2220    .ARM.Collect$$libinit$$00000019  c_w.l(libinit2.o)
    0x08000282   0x00000000   Code   RO         2222    .ARM.Collect$$libinit$$0000001B  c_w.l(libinit2.o)
    0x08000282   0x00000000   Code   RO         2224    .ARM.Collect$$libinit$$0000001D  c_w.l(libinit2.o)
    0x08000282   0x00000000   Code   RO         2226    .ARM.Collect$$libinit$$0000001F  c_w.l(libinit2.o)
    0x08000282   0x00000000   Code   RO         2228    .ARM.Collect$$libinit$$00000021  c_w.l(libinit2.o)
    0x08000282   0x00000000   Code   RO         2230    .ARM.Collect$$libinit$$00000023  c_w.l(libinit2.o)
    0x08000282   0x00000000   Code   RO         2232    .ARM.Collect$$libinit$$00000025  c_w.l(libinit2.o)
    0x08000282   0x00000000   Code   RO         2236    .ARM.Collect$$libinit$$0000002C  c_w.l(libinit2.o)
    0x08000282   0x00000000   Code   RO         2238    .ARM.Collect$$libinit$$0000002E  c_w.l(libinit2.o)
    0x08000282   0x00000000   Code   RO         2240    .ARM.Collect$$libinit$$00000030  c_w.l(libinit2.o)
    0x08000282   0x00000000   Code   RO         2242    .ARM.Collect$$libinit$$00000032  c_w.l(libinit2.o)
    0x08000282   0x00000002   Code   RO         2243    .ARM.Collect$$libinit$$00000033  c_w.l(libinit2.o)
    0x08000284   0x00000002   Code   RO         2427    .ARM.Collect$$libshutdown$$00000000  c_w.l(libshutdown.o)
    0x08000286   0x00000000   Code   RO         2385    .ARM.Collect$$libshutdown$$00000003  c_w.l(libshutdown2.o)
    0x08000286   0x00000000   Code   RO         2388    .ARM.Collect$$libshutdown$$00000006  c_w.l(libshutdown2.o)
    0x08000286   0x00000000   Code   RO         2391    .ARM.Collect$$libshutdown$$00000009  c_w.l(libshutdown2.o)
    0x08000286   0x00000000   Code   RO         2393    .ARM.Collect$$libshutdown$$0000000B  c_w.l(libshutdown2.o)
    0x08000286   0x00000000   Code   RO         2396    .ARM.Collect$$libshutdown$$0000000E  c_w.l(libshutdown2.o)
    0x08000286   0x00000002   Code   RO         2397    .ARM.Collect$$libshutdown$$0000000F  c_w.l(libshutdown2.o)
    0x08000288   0x00000000   Code   RO         2151    .ARM.Collect$$rtentry$$00000000  c_w.l(__rtentry.o)
    0x08000288   0x00000000   Code   RO         2261    .ARM.Collect$$rtentry$$00000002  c_w.l(__rtentry2.o)
    0x08000288   0x00000006   Code   RO         2273    .ARM.Collect$$rtentry$$00000004  c_w.l(__rtentry4.o)
    0x0800028e   0x00000000   Code   RO         2263    .ARM.Collect$$rtentry$$00000009  c_w.l(__rtentry2.o)
    0x0800028e   0x00000004   Code   RO         2264    .ARM.Collect$$rtentry$$0000000A  c_w.l(__rtentry2.o)
    0x08000292   0x00000000   Code   RO         2266    .ARM.Collect$$rtentry$$0000000C  c_w.l(__rtentry2.o)
    0x08000292   0x00000008   Code   RO         2267    .ARM.Collect$$rtentry$$0000000D  c_w.l(__rtentry2.o)
    0x0800029a   0x00000002   Code   RO         2373    .ARM.Collect$$rtexit$$00000000  c_w.l(rtexit.o)
    0x0800029c   0x00000000   Code   RO         2401    .ARM.Collect$$rtexit$$00000002  c_w.l(rtexit2.o)
    0x0800029c   0x00000004   Code   RO         2402    .ARM.Collect$$rtexit$$00000003  c_w.l(rtexit2.o)
    0x080002a0   0x00000006   Code   RO         2403    .ARM.Collect$$rtexit$$00000004  c_w.l(rtexit2.o)
    0x080002a6   0x00000002   PAD
    0x080002a8   0x000000b6   Code   RO         1934    .emb_text           port.o
    0x0800035e   0x00000002   PAD
    0x08000360   0x00000000   Code   RO         2284    .emb_text           c_w.l(maybetermalloc1.o)
    0x08000360   0x0000050c   Code   RO            2    .text               main.o
    0x0800086c   0x00000210   Code   RO          323    .text               system_stm32f4xx.o
    0x08000a7c   0x00000078   Code   RO          345    .text               stm32f4xx_it.o
    0x08000af4   0x000000a4   Code   RO          388    .text               netconf.o
    0x08000b98   0x00000198   Code   RO          456    .text               stm32f4x7_eth_bsp.o
    0x08000d30   0x00000108   Code   RO          474    .text               fs.o
    0x08000e38   0x00001f44   Code   RO          507    .text               httpserver-socket.o
    0x08002d7c   0x00000260   Code   RO          592    .text               hw_config.o
    0x08002fdc   0x00000440   Code   RO          618    .text               flash_memory_driver.o
    0x0800341c   0x000008a0   Code   RO          644    .text               displaynumber.o
    0x08003cbc   0x000000e0   Code   RO          666    .text               adc.o
    0x08003d9c   0x00000048   Code   RO          689    .text               actuator.o
    0x08003de4   0x00000070   Code   RO          707    .text               sensor.o
    0x08003e54   0x00000b80   Code   RO          726    .text               uiappuser.o
    0x080049d4   0x00004284   Code   RO          752    .text               uiframework.o
    0x08008c58   0x0000077c   Code   RO          790    .text               lcdhal.o
    0x080093d4   0x0000029c   Code   RO          831    .text               cursor.o
    0x08009670   0x00004b00   Code   RO          874    .text               graphicobject.o
    0x0800e170   0x000006d4   Code   RO          932    .text               stm32f4xx_uartstdio.o
    0x0800e844   0x000013b8   Code   RO          960    .text               stm32f4_discovery_lcd_ssd1963.o
    0x0800fbfc   0x00001e18   Code   RO          991    .text               stm32f4_discovery_tsc2046.o
    0x08011a14   0x00000490   Code   RO         1015    .text               stm32f4_discovery_user.o
    0x08011ea4   0x0000041a   Code   RO         1035    .text               stm32f4xx_usart.o
    0x080122be   0x00000002   PAD
    0x080122c0   0x000000e0   Code   RO         1051    .text               misc.o
    0x080123a0   0x00000464   Code   RO         1067    .text               stm32f4xx_adc.o
    0x08012804   0x000003a8   Code   RO         1083    .text               stm32f4xx_dma.o
    0x08012bac   0x0000011c   Code   RO         1099    .text               stm32f4xx_exti.o
    0x08012cc8   0x00000608   Code   RO         1115    .text               stm32f4xx_fsmc.o
    0x080132d0   0x0000025c   Code   RO         1131    .text               stm32f4xx_gpio.o
    0x0801352c   0x00000580   Code   RO         1147    .text               stm32f4xx_rcc.o
    0x08013aac   0x0000008c   Code   RO         1165    .text               stm32f4xx_syscfg.o
    0x08013b38   0x000001dc   Code   RO         1181    .text               stm32f4xx_sdio.o
    0x08013d14   0x00000ca2   Code   RO         1197    .text               stm32f4xx_tim.o
    0x080149b6   0x00000002   PAD
    0x080149b8   0x000003f8   Code   RO         1213    .text               stm32f4xx_spi.o
    0x08014db0   0x000004bc   Code   RO         1229    .text               stm32f4xx_flash.o
    0x0801526c   0x00000e64   Code   RO         1245    .text               stm32f4x7_eth.o
    0x080160d0   0x000003c4   Code   RO         1264    .text               api_lib.o
    0x08016494   0x00000b28   Code   RO         1299    .text               api_msg.o
    0x08016fbc   0x00000190   Code   RO         1329    .text               netbuf.o
    0x0801714c   0x00001304   Code   RO         1356    .text               sockets.o
    0x08018450   0x00000394   Code   RO         1372    .text               tcpip.o
    0x080187e4   0x000011bc   Code   RO         1419    .text               dhcp.o
    0x080199a0   0x0000001e   Code   RO         1441    .text               init.o
    0x080199be   0x00000002   PAD
    0x080199c0   0x00000388   Code   RO         1470    .text               mem.o
    0x08019d48   0x000000ac   Code   RO         1485    .text               memp.o
    0x08019df4   0x00000248   Code   RO         1514    .text               netif.o
    0x0801a03c   0x000005da   Code   RO         1536    .text               pbuf.o
    0x0801a616   0x00000002   PAD
    0x0801a618   0x000001b4   Code   RO         1551    .text               raw.o
    0x0801a7cc   0x00000264   Code   RO         1571    .text               sys.o
    0x0801aa30   0x00000c98   Code   RO         1592    .text               tcp.o
    0x0801b6c8   0x0000136c   Code   RO         1613    .text               tcp_in.o
    0x0801ca34   0x00000b10   Code   RO         1636    .text               tcp_out.o
    0x0801d544   0x0000047c   Code   RO         1648    .text               udp.o
    0x0801d9c0   0x00000404   Code   RO         1677    .text               autoip.o
    0x0801ddc4   0x00000234   Code   RO         1692    .text               icmp.o
    0x0801dff8   0x0000021c   Code   RO         1710    .text               inet.o
    0x0801e214   0x0000015e   Code   RO         1723    .text               inet_chksum.o
    0x0801e372   0x00000002   PAD
    0x0801e374   0x00000378   Code   RO         1735    .text               ip.o
    0x0801e6ec   0x0000004e   Code   RO         1753    .text               ip_addr.o
    0x0801e73a   0x00000002   PAD
    0x0801e73c   0x000007c4   Code   RO         1781    .text               etharp.o
    0x0801ef00   0x0000029c   Code   RO         1817    .text               ethernetif.o
    0x0801f19c   0x0000024c   Code   RO         1836    .text               sys_arch.o
    0x0801f3e8   0x00000094   Code   RO         1866    .text               list.o
    0x0801f47c   0x00000b98   Code   RO         1878    .text               queue.o
    0x08020014   0x000017e0   Code   RO         1908    .text               tasks.o
    0x080217f4   0x00000300   Code   RO         1935    .text               port.o
    0x08021af4   0x00000130   Code   RO         1964    .text               heap_2.o
    0x08021c24   0x00000040   Code   RO         1982    .text               startup_stm32f4xx.o
    0x08021c64   0x0000005e   Code   RO         1992    .text               c_w.l(h1_alloc.o)
    0x08021cc2   0x0000004e   Code   RO         1994    .text               c_w.l(h1_free.o)
    0x08021d10   0x00000028   Code   RO         2052    .text               c_w.l(noretval__2sprintf.o)
    0x08021d38   0x0000004e   Code   RO         2056    .text               c_w.l(_printf_pad.o)
    0x08021d86   0x00000052   Code   RO         2058    .text               c_w.l(_printf_str.o)
    0x08021dd8   0x00000078   Code   RO         2060    .text               c_w.l(_printf_dec.o)
    0x08021e50   0x0000010e   Code   RO         2070    .text               c_w.l(__printf_wp.o)
    0x08021f5e   0x0000001a   Code   RO         2087    .text               c_w.l(atoi.o)
    0x08021f78   0x00000024   Code   RO         2089    .text               c_w.l(strstr.o)
    0x08021f9c   0x00000058   Code   RO         2091    .text               c_w.l(memcmp.o)
    0x08021ff4   0x00000048   Code   RO         2093    .text               c_w.l(strcpy.o)
    0x0802203c   0x0000003e   Code   RO         2095    .text               c_w.l(strlen.o)
    0x0802207a   0x00000096   Code   RO         2097    .text               c_w.l(strncmp.o)
    0x08022110   0x00000018   Code   RO         2099    .text               c_w.l(strcat.o)
    0x08022128   0x0000008a   Code   RO         2101    .text               c_w.l(rt_memcpy_v6.o)
    0x080221b2   0x00000010   Code   RO         2103    .text               c_w.l(aeabi_memset.o)
    0x080221c2   0x00000044   Code   RO         2105    .text               c_w.l(rt_memclr.o)
    0x08022206   0x0000004e   Code   RO         2107    .text               c_w.l(rt_memclr_w.o)
    0x08022254   0x00000056   Code   RO         2109    .text               c_w.l(strncpy.o)
    0x080222aa   0x00000002   PAD
    0x080222ac   0x00000080   Code   RO         2111    .text               c_w.l(strcmpv7m.o)
    0x0802232c   0x00000006   Code   RO         2113    .text               c_w.l(heapauxi.o)
    0x08022332   0x00000002   PAD
    0x08022334   0x00000008   Code   RO         2155    .text               c_w.l(rt_heap_descriptor_intlibspace.o)
    0x0802233c   0x00000008   Code   RO         2160    .text               c_w.l(rt_errno_addr_intlibspace.o)
    0x08022344   0x00000004   Code   RO         2162    .text               c_w.l(hguard.o)
    0x08022348   0x0000008a   Code   RO         2164    .text               c_w.l(init_alloc.o)
    0x080223d2   0x0000000e   Code   RO         2168    .text               c_w.l(h1_init.o)
    0x080223e0   0x000000b2   Code   RO         2182    .text               c_w.l(_printf_intcommon.o)
    0x08022492   0x0000041a   Code   RO         2184    .text               c_w.l(_printf_fp_dec.o)
    0x080228ac   0x00000030   Code   RO         2186    .text               c_w.l(_printf_char_common.o)
    0x080228dc   0x0000000a   Code   RO         2188    .text               c_w.l(_sputc.o)
    0x080228e6   0x0000002c   Code   RO         2190    .text               c_w.l(_printf_char.o)
    0x08022912   0x00000070   Code   RO         2193    .text               c_w.l(strtol.o)
    0x08022982   0x00000064   Code   RO         2195    .text               c_w.l(rt_memcpy_w.o)
    0x080229e6   0x00000002   PAD
    0x080229e8   0x00000008   Code   RO         2257    .text               c_w.l(libspace.o)
    0x080229f0   0x00000010   Code   RO         2275    .text               c_w.l(rt_ctype_table.o)
    0x08022a00   0x00000008   Code   RO         2280    .text               c_w.l(rt_locale_intlibspace.o)
    0x08022a08   0x00000034   Code   RO         2286    .text               c_w.l(h1_extend.o)
    0x08022a3c   0x0000008a   Code   RO         2290    .text               c_w.l(lludiv10.o)
    0x08022ac6   0x00000002   PAD
    0x08022ac8   0x00000080   Code   RO         2292    .text               c_w.l(_printf_fp_infnan.o)
    0x08022b48   0x0000009e   Code   RO         2296    .text               c_w.l(_strtoul.o)
    0x08022be6   0x00000002   PAD
    0x08022be8   0x000000dc   Code   RO         2298    .text               c_w.l(bigflt0.o)
    0x08022cc4   0x0000000e   Code   RO         2326    .text               c_w.l(defsig_rtmem_outer.o)
    0x08022cd2   0x00000002   Code   RO         2341    .text               c_w.l(use_no_semi.o)
    0x08022cd4   0x00000000   Code   RO         2343    .text               c_w.l(indicate_semi.o)
    0x08022cd4   0x0000004a   Code   RO         2344    .text               c_w.l(sys_stackheap_outer.o)
    0x08022d1e   0x0000001c   Code   RO         2350    .text               c_w.l(_chval.o)
    0x08022d3a   0x0000000c   Code   RO         2355    .text               c_w.l(exit.o)
    0x08022d46   0x0000000a   Code   RO         2357    .text               c_w.l(defsig_exit.o)
    0x08022d50   0x00000050   Code   RO         2359    .text               c_w.l(defsig_rtmem_inner.o)
    0x08022da0   0x0000000c   Code   RO         2371    .text               c_w.l(sys_exit.o)
    0x08022dac   0x00000032   Code   RO         2381    .text               c_w.l(defsig_general.o)
    0x08022dde   0x0000000e   Code   RO         2398    .text               c_w.l(sys_wrch.o)
    0x08022dec   0x0000003e   Code   RO         2301    CL$$btod_d2e        c_w.l(btod.o)
    0x08022e2a   0x00000046   Code   RO         2303    CL$$btod_d2e_denorm_low  c_w.l(btod.o)
    0x08022e70   0x00000060   Code   RO         2302    CL$$btod_d2e_norm_op1  c_w.l(btod.o)
    0x08022ed0   0x00000338   Code   RO         2311    CL$$btod_div_common  c_w.l(btod.o)
    0x08023208   0x000000c6   Code   RO         2308    CL$$btod_e2e        c_w.l(btod.o)
    0x080232ce   0x00000028   Code   RO         2305    CL$$btod_ediv       c_w.l(btod.o)
    0x080232f6   0x00000028   Code   RO         2304    CL$$btod_emul       c_w.l(btod.o)
    0x0802331e   0x00000244   Code   RO         2310    CL$$btod_mult_common  c_w.l(btod.o)
    0x08023562   0x00000030   Code   RO         2339    i.__ARM_fpclassify  m_wm.l(fpclassify.o)
    0x08023592   0x0000000e   Code   RO         2072    i._is_digit         c_w.l(__printf_wp.o)
    0x080235a0   0x0000002c   Code   RO         2324    locale$$code        c_w.l(lc_numeric_c.o)
    0x080235cc   0x0000002c   Code   RO         2353    locale$$code        c_w.l(lc_ctype_c.o)
    0x080235f8   0x00000062   Code   RO         2117    x$fpl$d2f           fz_wm.l(d2f.o)
    0x0802365a   0x00000002   PAD
    0x0802365c   0x00000150   Code   RO         2119    x$fpl$dadd          fz_wm.l(daddsub_clz.o)
    0x080237ac   0x00000018   Code   RO         2244    x$fpl$dcmpinf       fz_wm.l(dcmpi.o)
    0x080237c4   0x000002b0   Code   RO         2126    x$fpl$ddiv          fz_wm.l(ddiv.o)
    0x08023a74   0x0000005a   Code   RO         2129    x$fpl$dfixu         fz_wm.l(dfixu.o)
    0x08023ace   0x0000002e   Code   RO         2134    x$fpl$dflt          fz_wm.l(dflt_clz.o)
    0x08023afc   0x00000026   Code   RO         2133    x$fpl$dfltu         fz_wm.l(dflt_clz.o)
    0x08023b22   0x00000002   PAD
    0x08023b24   0x00000078   Code   RO         2139    x$fpl$dleqf         fz_wm.l(dleqf.o)
    0x08023b9c   0x00000154   Code   RO         2141    x$fpl$dmul          fz_wm.l(dmul.o)
    0x08023cf0   0x0000009c   Code   RO         2246    x$fpl$dnaninf       fz_wm.l(dnaninf.o)
    0x08023d8c   0x0000000c   Code   RO         2248    x$fpl$dretinf       fz_wm.l(dretinf.o)
    0x08023d98   0x0000006c   Code   RO         2143    x$fpl$drleqf        fz_wm.l(drleqf.o)
    0x08023e04   0x00000016   Code   RO         2120    x$fpl$drsb          fz_wm.l(daddsub_clz.o)
    0x08023e1a   0x00000002   PAD
    0x08023e1c   0x000001d4   Code   RO         2121    x$fpl$dsub          fz_wm.l(daddsub_clz.o)
    0x08023ff0   0x00000056   Code   RO         2145    x$fpl$f2d           fz_wm.l(f2d.o)
    0x08024046   0x0000008c   Code   RO         2250    x$fpl$fnaninf       fz_wm.l(fnaninf.o)
    0x080240d2   0x0000000a   Code   RO         2335    x$fpl$fpinit        fz_wm.l(fpinit.o)
    0x080240dc   0x0000000a   Code   RO         2252    x$fpl$fretinf       fz_wm.l(fretinf.o)
    0x080240e6   0x00000004   Code   RO         2147    x$fpl$printf1       fz_wm.l(printf1.o)
    0x080240ea   0x00000000   Code   RO         2254    x$fpl$usenofp       fz_wm.l(usenofp.o)
    0x080240ea   0x00000002   PAD
    0x080240ec   0x0000a8c4   Data   RO          476    .constdata          fs.o
    0x0802e9b0   0x00000ff7   Data   RO          509    .constdata          httpserver-socket.o
    0x0802f9a7   0x00000001   PAD
    0x0802f9a8   0x0000e948   Data   RO          860    .constdata          gl_fonts.o
    0x0803e2f0   0x00006ef3   Data   RO          916    .constdata          images.o
    0x080451e3   0x00000001   PAD
    0x080451e4   0x00000004   Data   RO          933    .constdata          stm32f4xx_uartstdio.o
    0x080451e8   0x0000e948   Data   RO          977    .constdata          fonts.o
    0x08053b30   0x00000058   Data   RO         1016    .constdata          stm32f4_discovery_user.o
    0x08053b88   0x0000003c   Data   RO         1358    .constdata          sockets.o
    0x08053bc4   0x00000030   Data   RO         1487    .constdata          memp.o
    0x08053bf4   0x00000014   Data   RO         1593    .constdata          tcp.o
    0x08053c08   0x00000008   Data   RO         1754    .constdata          ip_addr.o
    0x08053c10   0x0000000c   Data   RO         1783    .constdata          etharp.o
    0x08053c1c   0x00000094   Data   RO         2299    .constdata          c_w.l(bigflt0.o)
    0x08053cb0   0x000006ac   Data   RO          510    .conststring        httpserver-socket.o
    0x0805435c   0x00000011   Data   RO          934    .conststring        stm32f4xx_uartstdio.o
    0x0805436d   0x00000003   PAD
    0x08054370   0x00000075   Data   RO         1594    .conststring        tcp.o
    0x080543e5   0x00000003   PAD
    0x080543e8   0x00000020   Data   RO         2428    Region$$Table       anon$$obj.o
    0x08054408   0x0000001c   Data   RO         2323    locale$$data        c_w.l(lc_numeric_c.o)
    0x08054424   0x00000110   Data   RO         2352    locale$$data        c_w.l(lc_ctype_c.o)


    Execution Region RW_IRAM1 (Base: 0x20000000, Size: 0x00011098, Max: 0x00020000, ABSOLUTE, COMPRESSED[0x00000138])

    Base Addr    Size         Type   Attr      Idx    E Section Name        Object

    0x20000000   0x0000002e   Data   RW            4    .data               main.o
    0x2000002e   0x00000002   PAD
    0x20000030   0x00000014   Data   RW          324    .data               system_stm32f4xx.o
    0x20000044   0x00000004   Data   RW          457    .data               stm32f4x7_eth_bsp.o
    0x20000048   0x00000021   Data   RW          511    .data               httpserver-socket.o
    0x20000069   0x00000001   PAD
    0x2000006a   0x00000004   Data   RW          593    .data               hw_config.o
    0x2000006e   0x00000002   PAD
    0x20000070   0x00000004   Data   RW          619    .data               flash_memory_driver.o
    0x20000074   0x00000003   Data   RW          645    .data               displaynumber.o
    0x20000077   0x00000001   PAD
    0x20000078   0x00000008   Data   RW          667    .data               adc.o
    0x20000080   0x00000004   Data   RW          708    .data               sensor.o
    0x20000084   0x00000040   Data   RW          727    .data               uiappuser.o
    0x200000c4   0x00000006   Data   RW          754    .data               uiframework.o
    0x200000ca   0x00000010   Data   RW          792    .data               lcdhal.o
    0x200000da   0x00000002   PAD
    0x200000dc   0x0000001c   Data   RW          832    .data               cursor.o
    0x200000f8   0x00000058   Data   RW          861    .data               gl_fonts.o
    0x20000150   0x0000003b   Data   RW          876    .data               graphicobject.o
    0x2000018b   0x00000001   PAD
    0x2000018c   0x00000009   Data   RW          935    .data               stm32f4xx_uartstdio.o
    0x20000195   0x00000003   PAD
    0x20000198   0x00000008   Data   RW          961    .data               stm32f4_discovery_lcd_ssd1963.o
    0x200001a0   0x00000058   Data   RW          978    .data               fonts.o
    0x200001f8   0x00000030   Data   RW          993    .data               stm32f4_discovery_tsc2046.o
    0x20000228   0x00000030   Data   RW         1017    .data               stm32f4_discovery_user.o
    0x20000258   0x00000010   Data   RW         1148    .data               stm32f4xx_rcc.o
    0x20000268   0x00000010   Data   RW         1247    .data               stm32f4x7_eth.o
    0x20000278   0x0000000c   Data   RW         1359    .data               sockets.o
    0x20000284   0x00000010   Data   RW         1373    .data               tcpip.o
    0x20000294   0x00000004   Data   RW         1420    .data               dhcp.o
    0x20000298   0x00000010   Data   RW         1472    .data               mem.o
    0x200002a8   0x00000009   Data   RW         1515    .data               netif.o
    0x200002b1   0x00000003   PAD
    0x200002b4   0x00000004   Data   RW         1552    .data               raw.o
    0x200002b8   0x0000004c   Data   RW         1595    .data               tcp.o
    0x20000304   0x00000020   Data   RW         1615    .data               tcp_in.o
    0x20000324   0x00000004   Data   RW         1649    .data               udp.o
    0x20000328   0x0000000a   Data   RW         1736    .data               ip.o
    0x20000332   0x00000001   Data   RW         1784    .data               etharp.o
    0x20000333   0x00000001   PAD
    0x20000334   0x0000000c   Data   RW         1818    .data               ethernetif.o
    0x20000340   0x00000002   Data   RW         1838    .data               sys_arch.o
    0x20000342   0x00000002   PAD
    0x20000344   0x0000003c   Data   RW         1910    .data               tasks.o
    0x20000380   0x0000000c   Data   RW         1936    .data               port.o
    0x2000038c   0x00000018   Data   RW         1966    .data               heap_2.o
    0x200003a4   0x00000038   Zero   RW          389    .bss                netconf.o
    0x200003dc   0x000000f0   Zero   RW          475    .bss                fs.o
    0x200004cc   0x00000fac   Zero   RW          508    .bss                httpserver-socket.o
    0x20001478   0x00001480   Zero   RW          753    .bss                uiframework.o
    0x200028f8   0x000000c8   Zero   RW          875    .bss                graphicobject.o
    0x200029c0   0x0000001c   Zero   RW          992    .bss                stm32f4_discovery_tsc2046.o
    0x200029dc   0x00003cd4   Zero   RW         1246    .bss                stm32f4x7_eth.o
    0x200066b0   0x00000050   Zero   RW         1357    .bss                sockets.o
    0x20006700   0x00001414   Zero   RW         1471    .bss                mem.o
    0x20007b14   0x00003b27   Zero   RW         1486    .bss                memp.o
    0x2000b63b   0x00000001   PAD
    0x2000b63c   0x00000014   Zero   RW         1614    .bss                tcp_in.o
    0x2000b650   0x00000010   Zero   RW         1711    .bss                inet.o
    0x2000b660   0x000000a0   Zero   RW         1782    .bss                etharp.o
    0x2000b700   0x00000030   Zero   RW         1837    .bss                sys_arch.o
    0x2000b730   0x00000040   Zero   RW         1879    .bss                queue.o
    0x2000b770   0x000000c8   Zero   RW         1909    .bss                tasks.o
    0x2000b838   0x00005000   Zero   RW         1965    .bss                heap_2.o
    0x20010838   0x00000060   Zero   RW         2258    .bss                c_w.l(libspace.o)
    0x20010898   0x00000400   Zero   RW         1980    HEAP                startup_stm32f4xx.o
    0x20010c98   0x00000400   Zero   RW         1979    STACK               startup_stm32f4xx.o


==============================================================================

Image component sizes


      Code (inc. data)   RO Data    RW Data    ZI Data      Debug   Object Name

        72          4          0          0          0       1173   actuator.o
       224         18          0          8          0       1521   adc.o
       964         46          0          0          0      20606   api_lib.o
      2856         34          0          0          0       8171   api_msg.o
      1028         34          0          0          0       4590   autoip.o
       668         18          0         28          0       3898   cursor.o
      4540         54          0          4          0      11741   dhcp.o
      2208        204          0          3          0       2990   displaynumber.o
      1988         22         12          1        160       9058   etharp.o
       668         66          0         12          0       3846   ethernetif.o
      1088        134          0          4          0       2569   flash_memory_driver.o
         0          0      59720         88          0       2139   fonts.o
       264          8      43204          0        240       6305   fs.o
         0          0      59720         88          0       2327   gl_fonts.o
     19200        564          0         59        200      38097   graphicobject.o
       304         22          0         24      20480       3556   heap_2.o
      8004       3822       5795         33       4012      13753   httpserver-socket.o
       608         22          0          4          0       3900   hw_config.o
       564          0          0          0          0       2679   icmp.o
         0          0      28403          0          0       1985   images.o
       540         12          0          0         16       3476   inet.o
       350          0          0          0          0       2582   inet_chksum.o
        30          0          0          0          0       1999   init.o
       888         20          0         10          0       6290   ip.o
        78          0          8          0          0       5937   ip_addr.o
      1916         86          0         16          0      12518   lcdhal.o
       148          0          0          0          0       2158   list.o
      1292        140          0         46          0     394652   main.o
       904         22          0         16       5140       3962   mem.o
       172         18         48          0      15143       2706   memp.o
       224         20          0          0          0       2121   misc.o
       400          0          0          0          0       3233   netbuf.o
       164         32          0          0         56       8263   netconf.o
       584         22          0          9          0       5916   netif.o
      1498          0          0          0          0       5940   pbuf.o
       950         52          0         12          0       9351   port.o
      2968         16          0          0         64      23889   queue.o
       436          6          0          4          0       3725   raw.o
       112         20          0          4          0        894   sensor.o
      4868         70         60         12         80      14891   sockets.o
        64         26        392          0       2048        864   startup_stm32f4xx.o
      5048         66          0          8          0      16534   stm32f4_discovery_lcd_ssd1963.o
      7704        228          0         48         28      11867   stm32f4_discovery_tsc2046.o
      1168        114         88         48          0       5099   stm32f4_discovery_user.o
      3684        100          0         16      15572      20212   stm32f4x7_eth.o
       408         22          0          4          0       1917   stm32f4x7_eth_bsp.o
      1124         24          0          0          0      10794   stm32f4xx_adc.o
       936         32          0          0          0       6601   stm32f4xx_dma.o
       284         10          0          0          0       2603   stm32f4xx_exti.o
      1212         26          0          0          0       7213   stm32f4xx_flash.o
      1544         14          0          0          0       5711   stm32f4xx_fsmc.o
       604         36          0          0          0       4369   stm32f4xx_gpio.o
       120         12          0          0          0      10802   stm32f4xx_it.o
      1408         48          0         16          0      11351   stm32f4xx_rcc.o
       476         16          0          0          0       7692   stm32f4xx_sdio.o
      1016         22          0          0          0       7085   stm32f4xx_spi.o
       140         12          0          0          0       1811   stm32f4xx_syscfg.o
      3234         60          0          0          0      22604   stm32f4xx_tim.o
      1748         80         21          9          0       6531   stm32f4xx_uartstdio.o
      1050         26          0          0          0       8076   stm32f4xx_usart.o
       612          4          0          0          0       3468   sys.o
       588          8          0          2         48       5582   sys_arch.o
       528         46          0         20          0       2019   system_stm32f4xx.o
      6112        342          0         60        200      24893   tasks.o
      3224        112        137         76          0      18592   tcp.o
      4972        210          0         32         20      13756   tcp_in.o
      2832         12          0          0          0       7134   tcp_out.o
       916         72          0         16          0      15309   tcpip.o
      1148          8          0          4          0      14235   udp.o
      2944        166          0         64          0      23920   uiappuser.o
     17028       2714          0          6       5248      22509   uiframework.o

    ----------------------------------------------------------------------
    137660      10276     197648        932      68756     980560   Object Totals
         0          0         32          0          0          0   (incl. Generated)
        14          0          8         18          1          0   (incl. Padding)

    ----------------------------------------------------------------------

      Code (inc. data)   RO Data    RW Data    ZI Data      Debug   Library Member Name

        90          0          0          0          0          0   __dczerorl2.o
         8          0          0          0          0         68   __main.o
       284          0          0          0          0        156   __printf_wp.o
         0          0          0          0          0          0   __rtentry.o
        12          0          0          0          0          0   __rtentry2.o
         6          0          0          0          0          0   __rtentry4.o
        52          8          0          0          0          0   __scatter.o
        28          0          0          0          0          0   __scatter_zi.o
        28          0          0          0          0         68   _chval.o
         6          0          0          0          0          0   _printf_c.o
        44          0          0          0          0        108   _printf_char.o
        48          6          0          0          0         96   _printf_char_common.o
         6          0          0          0          0          0   _printf_d.o
       120         16          0          0          0         92   _printf_dec.o
         6          0          0          0          0          0   _printf_f.o
      1050          0          0          0          0        216   _printf_fp_dec.o
       128         16          0          0          0         84   _printf_fp_infnan.o
       178          0          0          0          0         88   _printf_intcommon.o
        78          0          0          0          0        108   _printf_pad.o
         0          0          0          0          0          0   _printf_percent.o
         4          0          0          0          0          0   _printf_percent_end.o
        82          0          0          0          0         80   _printf_str.o
         6          0          0          0          0          0   _printf_u.o
        10          0          0          0          0         68   _sputc.o
       158          0          0          0          0         92   _strtoul.o
        16          0          0          0          0         68   aeabi_memset.o
        26          0          0          0          0         80   atoi.o
       220          4        148          0          0         96   bigflt0.o
      1910        128          0          0          0        672   btod.o
        10          0          0          0          0         68   defsig_exit.o
        50          0          0          0          0         88   defsig_general.o
        80         58          0          0          0         76   defsig_rtmem_inner.o
        14          0          0          0          0         80   defsig_rtmem_outer.o
        12          0          0          0          0         72   exit.o
        94          0          0          0          0         80   h1_alloc.o
        52          0          0          0          0         68   h1_extend.o
        78          0          0          0          0         80   h1_free.o
        14          0          0          0          0         84   h1_init.o
         6          0          0          0          0        152   heapauxi.o
         4          0          0          0          0        136   hguard.o
         0          0          0          0          0          0   indicate_semi.o
       138          0          0          0          0        168   init_alloc.o
        44         10        272          0          0         76   lc_ctype_c.o
        44         10         28          0          0         76   lc_numeric_c.o
         2          0          0          0          0          0   libinit.o
        42          0          0          0          0          0   libinit2.o
         2          0          0          0          0          0   libshutdown.o
         2          0          0          0          0          0   libshutdown2.o
         8          4          0          0         96         68   libspace.o
       138          0          0          0          0         80   lludiv10.o
         0          0          0          0          0          0   maybetermalloc1.o
        88          0          0          0          0         76   memcmp.o
        40          6          0          0          0         84   noretval__2sprintf.o
        16          4          0          0          0         76   rt_ctype_table.o
         8          4          0          0          0         68   rt_errno_addr_intlibspace.o
         8          4          0          0          0         68   rt_heap_descriptor_intlibspace.o
         8          4          0          0          0         68   rt_locale_intlibspace.o
        68          0          0          0          0         68   rt_memclr.o
        78          0          0          0          0         80   rt_memclr_w.o
       138          0          0          0          0         68   rt_memcpy_v6.o
       100          0          0          0          0         80   rt_memcpy_w.o
         2          0          0          0          0          0   rtexit.o
        10          0          0          0          0          0   rtexit2.o
        24          0          0          0          0         68   strcat.o
       128          0          0          0          0         68   strcmpv7m.o
        72          0          0          0          0         80   strcpy.o
        62          0          0          0          0         76   strlen.o
       150          0          0          0          0         80   strncmp.o
        86          0          0          0          0         76   strncpy.o
        36          0          0          0          0         80   strstr.o
       112          0          0          0          0         88   strtol.o
        12          4          0          0          0         68   sys_exit.o
        74          0          0          0          0         80   sys_stackheap_outer.o
        14          0          0          0          0         76   sys_wrch.o
         2          0          0          0          0         68   use_no_semi.o
        98          4          0          0          0        140   d2f.o
       826         16          0          0          0        492   daddsub_clz.o
        24          0          0          0          0        116   dcmpi.o
       688        140          0          0          0        256   ddiv.o
        90          4          0          0          0        140   dfixu.o
        84          0          0          0          0        232   dflt_clz.o
       120          4          0          0          0        140   dleqf.o
       340         12          0          0          0        152   dmul.o
       156          4          0          0          0        140   dnaninf.o
        12          0          0          0          0        116   dretinf.o
       108          0          0          0          0        128   drleqf.o
        86          4          0          0          0        132   f2d.o
       140          4          0          0          0        132   fnaninf.o
        10          0          0          0          0        116   fpinit.o
        10          0          0          0          0        116   fretinf.o
         4          0          0          0          0        116   printf1.o
         0          0          0          0          0          0   usenofp.o
        48          0          0          0          0        124   fpclassify.o

    ----------------------------------------------------------------------
      9640        478        448          0         96       8124   Library Totals
        22          0          0          0          0          0   (incl. Padding)

    ----------------------------------------------------------------------

      Code (inc. data)   RO Data    RW Data    ZI Data      Debug   Library Name

      6774        286        448          0         96       5336   c_w.l
      2796        192          0          0          0       2664   fz_wm.l
        48          0          0          0          0        124   m_wm.l

    ----------------------------------------------------------------------
      9640        478        448          0         96       8124   Library Totals

    ----------------------------------------------------------------------

==============================================================================


      Code (inc. data)   RO Data    RW Data    ZI Data      Debug   

    147300      10754     198096        932      68852     967812   Grand Totals
    147300      10754     198096        312      68852     967812   ELF Image Totals (compressed)
    147300      10754     198096        312          0          0   ROM Totals

==============================================================================

    Total RO  Size (Code + RO Data)               345396 ( 337.30kB)
    Total RW  Size (RW Data + ZI Data)             69784 (  68.15kB)
    Total ROM Size (Code + RO Data + RW Data)     345708 ( 337.61kB)

==============================================================================

