<!doctype html public "-//w3c//dtd html 4.0 transitional//en">
<html><head>
<title>Static Call Graph - [.\Discover-More\Project.axf]</title></head>
<body><HR>
<H1>Static Call Graph for image .\Discover-More\Project.axf</H1><HR>
<BR><P>#&#060CALLGRAPH&#062# ARM Linker, 5050106: Last Updated: Mon Feb 18 23:16:05 2019
<BR><P>
<H3>Maximum Stack Usage =       2408 bytes + Unknown(Functions without stacksize, Cycles, Untraceable Function Pointers)</H3><H3>
Call chain for Maximum Stack Depth:</H3>
http_server_socket_thread &rArr; http_server_serve &rArr; DynWebPageByThanh &rArr; lwip_write &rArr; lwip_send &rArr; lwip_sendto &rArr;  lwip_send (Cycle)
<P>
<H3>
Functions with no stack information
</H3><UL>
 <LI><a href="#[384]">__user_initial_stackheap</a>
</UL>
</UL>
<P>
<H3>
Mutually Recursive functions
</H3> <LI><a href="#[13e]">AddPageControlObj</a>&nbsp;&nbsp;&nbsp;&rArr;&nbsp;&nbsp;&nbsp;<a href="#[13e]">AddPageControlObj</a><BR>
 <LI><a href="#[24]">ADC_IRQHandler</a>&nbsp;&nbsp;&nbsp;&rArr;&nbsp;&nbsp;&nbsp;<a href="#[24]">ADC_IRQHandler</a><BR>
 <LI><a href="#[21a]">netconn_free</a>&nbsp;&nbsp;&nbsp;&rArr;&nbsp;&nbsp;&nbsp;<a href="#[219]">netconn_delete</a><BR>
 <LI><a href="#[262]">lwip_sendto</a>&nbsp;&nbsp;&nbsp;&rArr;&nbsp;&nbsp;&nbsp;<a href="#[263]">lwip_send</a><BR>
</UL>
<P>
<H3>
Function Pointers
</H3><UL>
 <LI><a href="#[d4]">ADCTask</a> from main.o(.text) referenced from main.o(.text)
 <LI><a href="#[24]">ADC_IRQHandler</a> from startup_stm32f4xx.o(.text) referenced from startup_stm32f4xx.o(RESET)
 <LI><a href="#[175]">AddComboOption</a> from graphicobject.o(.text) referenced from graphicobject.o(.text)
 <LI><a href="#[172]">AddRadioOption</a> from graphicobject.o(.text) referenced from graphicobject.o(.text)
 <LI><a href="#[c]">BusFault_Handler</a> from stm32f4xx_it.o(.text) referenced from startup_stm32f4xx.o(RESET)
 <LI><a href="#[26]">CAN1_RX0_IRQHandler</a> from startup_stm32f4xx.o(.text) referenced from startup_stm32f4xx.o(RESET)
 <LI><a href="#[27]">CAN1_RX1_IRQHandler</a> from startup_stm32f4xx.o(.text) referenced from startup_stm32f4xx.o(RESET)
 <LI><a href="#[28]">CAN1_SCE_IRQHandler</a> from startup_stm32f4xx.o(.text) referenced from startup_stm32f4xx.o(RESET)
 <LI><a href="#[25]">CAN1_TX_IRQHandler</a> from startup_stm32f4xx.o(.text) referenced from startup_stm32f4xx.o(RESET)
 <LI><a href="#[52]">CAN2_RX0_IRQHandler</a> from startup_stm32f4xx.o(.text) referenced from startup_stm32f4xx.o(RESET)
 <LI><a href="#[53]">CAN2_RX1_IRQHandler</a> from startup_stm32f4xx.o(.text) referenced from startup_stm32f4xx.o(RESET)
 <LI><a href="#[54]">CAN2_SCE_IRQHandler</a> from startup_stm32f4xx.o(.text) referenced from startup_stm32f4xx.o(RESET)
 <LI><a href="#[51]">CAN2_TX_IRQHandler</a> from startup_stm32f4xx.o(.text) referenced from startup_stm32f4xx.o(RESET)
 <LI><a href="#[61]">CRYP_IRQHandler</a> from startup_stm32f4xx.o(.text) referenced from startup_stm32f4xx.o(RESET)
 <LI><a href="#[60]">DCMI_IRQHandler</a> from startup_stm32f4xx.o(.text) referenced from startup_stm32f4xx.o(RESET)
 <LI><a href="#[1d]">DMA1_Stream0_IRQHandler</a> from startup_stm32f4xx.o(.text) referenced from startup_stm32f4xx.o(RESET)
 <LI><a href="#[1e]">DMA1_Stream1_IRQHandler</a> from startup_stm32f4xx.o(.text) referenced from startup_stm32f4xx.o(RESET)
 <LI><a href="#[1f]">DMA1_Stream2_IRQHandler</a> from startup_stm32f4xx.o(.text) referenced from startup_stm32f4xx.o(RESET)
 <LI><a href="#[20]">DMA1_Stream3_IRQHandler</a> from startup_stm32f4xx.o(.text) referenced from startup_stm32f4xx.o(RESET)
 <LI><a href="#[21]">DMA1_Stream4_IRQHandler</a> from startup_stm32f4xx.o(.text) referenced from startup_stm32f4xx.o(RESET)
 <LI><a href="#[22]">DMA1_Stream5_IRQHandler</a> from startup_stm32f4xx.o(.text) referenced from startup_stm32f4xx.o(RESET)
 <LI><a href="#[23]">DMA1_Stream6_IRQHandler</a> from startup_stm32f4xx.o(.text) referenced from startup_stm32f4xx.o(RESET)
 <LI><a href="#[41]">DMA1_Stream7_IRQHandler</a> from startup_stm32f4xx.o(.text) referenced from startup_stm32f4xx.o(RESET)
 <LI><a href="#[4a]">DMA2_Stream0_IRQHandler</a> from startup_stm32f4xx.o(.text) referenced from startup_stm32f4xx.o(RESET)
 <LI><a href="#[4b]">DMA2_Stream1_IRQHandler</a> from startup_stm32f4xx.o(.text) referenced from startup_stm32f4xx.o(RESET)
 <LI><a href="#[4c]">DMA2_Stream2_IRQHandler</a> from startup_stm32f4xx.o(.text) referenced from startup_stm32f4xx.o(RESET)
 <LI><a href="#[4d]">DMA2_Stream3_IRQHandler</a> from startup_stm32f4xx.o(.text) referenced from startup_stm32f4xx.o(RESET)
 <LI><a href="#[4e]">DMA2_Stream4_IRQHandler</a> from startup_stm32f4xx.o(.text) referenced from startup_stm32f4xx.o(RESET)
 <LI><a href="#[56]">DMA2_Stream5_IRQHandler</a> from startup_stm32f4xx.o(.text) referenced from startup_stm32f4xx.o(RESET)
 <LI><a href="#[57]">DMA2_Stream6_IRQHandler</a> from startup_stm32f4xx.o(.text) referenced from startup_stm32f4xx.o(RESET)
 <LI><a href="#[58]">DMA2_Stream7_IRQHandler</a> from startup_stm32f4xx.o(.text) referenced from startup_stm32f4xx.o(RESET)
 <LI><a href="#[f]">DebugMon_Handler</a> from stm32f4xx_it.o(.text) referenced from startup_stm32f4xx.o(RESET)
 <LI><a href="#[4f]">ETH_IRQHandler</a> from stm32f4xx_it.o(.text) referenced from startup_stm32f4xx.o(RESET)
 <LI><a href="#[50]">ETH_WKUP_IRQHandler</a> from startup_stm32f4xx.o(.text) referenced from startup_stm32f4xx.o(RESET)
 <LI><a href="#[18]">EXTI0_IRQHandler</a> from startup_stm32f4xx.o(.text) referenced from startup_stm32f4xx.o(RESET)
 <LI><a href="#[3a]">EXTI15_10_IRQHandler</a> from startup_stm32f4xx.o(.text) referenced from startup_stm32f4xx.o(RESET)
 <LI><a href="#[19]">EXTI1_IRQHandler</a> from startup_stm32f4xx.o(.text) referenced from startup_stm32f4xx.o(RESET)
 <LI><a href="#[1a]">EXTI2_IRQHandler</a> from startup_stm32f4xx.o(.text) referenced from startup_stm32f4xx.o(RESET)
 <LI><a href="#[1b]">EXTI3_IRQHandler</a> from startup_stm32f4xx.o(.text) referenced from startup_stm32f4xx.o(RESET)
 <LI><a href="#[1c]">EXTI4_IRQHandler</a> from startup_stm32f4xx.o(.text) referenced from startup_stm32f4xx.o(RESET)
 <LI><a href="#[29]">EXTI9_5_IRQHandler</a> from startup_stm32f4xx.o(.text) referenced from startup_stm32f4xx.o(RESET)
 <LI><a href="#[16]">FLASH_IRQHandler</a> from startup_stm32f4xx.o(.text) referenced from startup_stm32f4xx.o(RESET)
 <LI><a href="#[63]">FPU_IRQHandler</a> from startup_stm32f4xx.o(.text) referenced from startup_stm32f4xx.o(RESET)
 <LI><a href="#[42]">FSMC_IRQHandler</a> from startup_stm32f4xx.o(.text) referenced from startup_stm32f4xx.o(RESET)
 <LI><a href="#[84]">GetObjCoordinates</a> from graphicobject.o(.text) referenced from graphicobject.o(.text)
 <LI><a href="#[192]">GetObjStatus</a> from graphicobject.o(.text) referenced from graphicobject.o(.text)
 <LI><a href="#[62]">HASH_RNG_IRQHandler</a> from startup_stm32f4xx.o(.text) referenced from startup_stm32f4xx.o(RESET)
 <LI><a href="#[a]">HardFault_Handler</a> from stm32f4xx_it.o(.text) referenced from startup_stm32f4xx.o(RESET)
 <LI><a href="#[32]">I2C1_ER_IRQHandler</a> from startup_stm32f4xx.o(.text) referenced from startup_stm32f4xx.o(RESET)
 <LI><a href="#[31]">I2C1_EV_IRQHandler</a> from startup_stm32f4xx.o(.text) referenced from startup_stm32f4xx.o(RESET)
 <LI><a href="#[34]">I2C2_ER_IRQHandler</a> from startup_stm32f4xx.o(.text) referenced from startup_stm32f4xx.o(RESET)
 <LI><a href="#[33]">I2C2_EV_IRQHandler</a> from startup_stm32f4xx.o(.text) referenced from startup_stm32f4xx.o(RESET)
 <LI><a href="#[5b]">I2C3_ER_IRQHandler</a> from startup_stm32f4xx.o(.text) referenced from startup_stm32f4xx.o(RESET)
 <LI><a href="#[5a]">I2C3_EV_IRQHandler</a> from startup_stm32f4xx.o(.text) referenced from startup_stm32f4xx.o(RESET)
 <LI><a href="#[b]">MemManage_Handler</a> from stm32f4xx_it.o(.text) referenced from startup_stm32f4xx.o(RESET)
 <LI><a href="#[9]">NMI_Handler</a> from stm32f4xx_it.o(.text) referenced from startup_stm32f4xx.o(RESET)
 <LI><a href="#[55]">OTG_FS_IRQHandler</a> from startup_stm32f4xx.o(.text) referenced from startup_stm32f4xx.o(RESET)
 <LI><a href="#[3c]">OTG_FS_WKUP_IRQHandler</a> from startup_stm32f4xx.o(.text) referenced from startup_stm32f4xx.o(RESET)
 <LI><a href="#[5d]">OTG_HS_EP1_IN_IRQHandler</a> from startup_stm32f4xx.o(.text) referenced from startup_stm32f4xx.o(RESET)
 <LI><a href="#[5c]">OTG_HS_EP1_OUT_IRQHandler</a> from startup_stm32f4xx.o(.text) referenced from startup_stm32f4xx.o(RESET)
 <LI><a href="#[5f]">OTG_HS_IRQHandler</a> from startup_stm32f4xx.o(.text) referenced from startup_stm32f4xx.o(RESET)
 <LI><a href="#[5e]">OTG_HS_WKUP_IRQHandler</a> from startup_stm32f4xx.o(.text) referenced from startup_stm32f4xx.o(RESET)
 <LI><a href="#[13]">PVD_IRQHandler</a> from startup_stm32f4xx.o(.text) referenced from startup_stm32f4xx.o(RESET)
 <LI><a href="#[10]">PendSV_Handler</a> from port.o(.emb_text) referenced from startup_stm32f4xx.o(RESET)
 <LI><a href="#[17]">RCC_IRQHandler</a> from startup_stm32f4xx.o(.text) referenced from startup_stm32f4xx.o(RESET)
 <LI><a href="#[3b]">RTC_Alarm_IRQHandler</a> from startup_stm32f4xx.o(.text) referenced from startup_stm32f4xx.o(RESET)
 <LI><a href="#[15]">RTC_WKUP_IRQHandler</a> from startup_stm32f4xx.o(.text) referenced from startup_stm32f4xx.o(RESET)
 <LI><a href="#[8]">Reset_Handler</a> from startup_stm32f4xx.o(.text) referenced from startup_stm32f4xx.o(RESET)
 <LI><a href="#[43]">SDIO_IRQHandler</a> from startup_stm32f4xx.o(.text) referenced from startup_stm32f4xx.o(RESET)
 <LI><a href="#[35]">SPI1_IRQHandler</a> from startup_stm32f4xx.o(.text) referenced from startup_stm32f4xx.o(RESET)
 <LI><a href="#[36]">SPI2_IRQHandler</a> from startup_stm32f4xx.o(.text) referenced from startup_stm32f4xx.o(RESET)
 <LI><a href="#[45]">SPI3_IRQHandler</a> from startup_stm32f4xx.o(.text) referenced from startup_stm32f4xx.o(RESET)
 <LI><a href="#[e]">SVC_Handler</a> from port.o(.emb_text) referenced from startup_stm32f4xx.o(RESET)
 <LI><a href="#[7b]">SetButtonVisible</a> from graphicobject.o(.text) referenced from graphicobject.o(.text)
 <LI><a href="#[7e]">SetCheckboxVisible</a> from graphicobject.o(.text) referenced from graphicobject.o(.text)
 <LI><a href="#[7a]">SetComboBoxVisible</a> from graphicobject.o(.text) referenced from graphicobject.o(.text)
 <LI><a href="#[82]">SetGraphChartVisible</a> from graphicobject.o(.text) referenced from graphicobject.o(.text)
 <LI><a href="#[81]">SetHistogramVisible</a> from graphicobject.o(.text) referenced from graphicobject.o(.text)
 <LI><a href="#[7f]">SetIconVisible</a> from graphicobject.o(.text) referenced from graphicobject.o(.text)
 <LI><a href="#[79]">SetLabelVisible</a> from graphicobject.o(.text) referenced from graphicobject.o(.text)
 <LI><a href="#[83]">SetPage</a> from graphicobject.o(.text) referenced from graphicobject.o(.text)
 <LI><a href="#[7d]">SetRadioButtonVisible</a> from graphicobject.o(.text) referenced from graphicobject.o(.text)
 <LI><a href="#[80]">SetSlidebarVisible</a> from graphicobject.o(.text) referenced from graphicobject.o(.text)
 <LI><a href="#[7c]">SetSwitchVisible</a> from graphicobject.o(.text) referenced from graphicobject.o(.text)
 <LI><a href="#[191]">ShowPage</a> from graphicobject.o(.text) referenced from graphicobject.o(.text)
 <LI><a href="#[11]">SysTick_Handler</a> from port.o(.text) referenced from startup_stm32f4xx.o(RESET)
 <LI><a href="#[ac]">SystemInit</a> from system_stm32f4xx.o(.text) referenced from startup_stm32f4xx.o(.text)
 <LI><a href="#[14]">TAMP_STAMP_IRQHandler</a> from startup_stm32f4xx.o(.text) referenced from startup_stm32f4xx.o(RESET)
 <LI><a href="#[2a]">TIM1_BRK_TIM9_IRQHandler</a> from startup_stm32f4xx.o(.text) referenced from startup_stm32f4xx.o(RESET)
 <LI><a href="#[2d]">TIM1_CC_IRQHandler</a> from startup_stm32f4xx.o(.text) referenced from startup_stm32f4xx.o(RESET)
 <LI><a href="#[2c]">TIM1_TRG_COM_TIM11_IRQHandler</a> from startup_stm32f4xx.o(.text) referenced from startup_stm32f4xx.o(RESET)
 <LI><a href="#[2b]">TIM1_UP_TIM10_IRQHandler</a> from startup_stm32f4xx.o(.text) referenced from startup_stm32f4xx.o(RESET)
 <LI><a href="#[2e]">TIM2_IRQHandler</a> from stm32f4xx_it.o(.text) referenced from startup_stm32f4xx.o(RESET)
 <LI><a href="#[2f]">TIM3_IRQHandler</a> from stm32f4xx_it.o(.text) referenced from startup_stm32f4xx.o(RESET)
 <LI><a href="#[30]">TIM4_IRQHandler</a> from stm32f4xx_it.o(.text) referenced from startup_stm32f4xx.o(RESET)
 <LI><a href="#[44]">TIM5_IRQHandler</a> from startup_stm32f4xx.o(.text) referenced from startup_stm32f4xx.o(RESET)
 <LI><a href="#[48]">TIM6_DAC_IRQHandler</a> from startup_stm32f4xx.o(.text) referenced from startup_stm32f4xx.o(RESET)
 <LI><a href="#[49]">TIM7_IRQHandler</a> from startup_stm32f4xx.o(.text) referenced from startup_stm32f4xx.o(RESET)
 <LI><a href="#[3d]">TIM8_BRK_TIM12_IRQHandler</a> from startup_stm32f4xx.o(.text) referenced from startup_stm32f4xx.o(RESET)
 <LI><a href="#[40]">TIM8_CC_IRQHandler</a> from startup_stm32f4xx.o(.text) referenced from startup_stm32f4xx.o(RESET)
 <LI><a href="#[3f]">TIM8_TRG_COM_TIM14_IRQHandler</a> from startup_stm32f4xx.o(.text) referenced from startup_stm32f4xx.o(RESET)
 <LI><a href="#[3e]">TIM8_UP_TIM13_IRQHandler</a> from startup_stm32f4xx.o(.text) referenced from startup_stm32f4xx.o(RESET)
 <LI><a href="#[d8]">TestTask</a> from main.o(.text) referenced from main.o(.text)
 <LI><a href="#[46]">UART4_IRQHandler</a> from startup_stm32f4xx.o(.text) referenced from startup_stm32f4xx.o(RESET)
 <LI><a href="#[47]">UART5_IRQHandler</a> from startup_stm32f4xx.o(.text) referenced from startup_stm32f4xx.o(RESET)
 <LI><a href="#[37]">USART1_IRQHandler</a> from startup_stm32f4xx.o(.text) referenced from startup_stm32f4xx.o(RESET)
 <LI><a href="#[38]">USART2_IRQHandler</a> from startup_stm32f4xx.o(.text) referenced from startup_stm32f4xx.o(RESET)
 <LI><a href="#[39]">USART3_IRQHandler</a> from startup_stm32f4xx.o(.text) referenced from startup_stm32f4xx.o(RESET)
 <LI><a href="#[59]">USART6_IRQHandler</a> from startup_stm32f4xx.o(.text) referenced from startup_stm32f4xx.o(RESET)
 <LI><a href="#[d]">UsageFault_Handler</a> from stm32f4xx_it.o(.text) referenced from startup_stm32f4xx.o(RESET)
 <LI><a href="#[12]">WWDG_IRQHandler</a> from startup_stm32f4xx.o(.text) referenced from startup_stm32f4xx.o(RESET)
 <LI><a href="#[b0]">__main</a> from __main.o(!!!main) referenced from startup_stm32f4xx.o(.text)
 <LI><a href="#[af]">_printf_input_char</a> from _printf_char_common.o(.text) referenced from _printf_char_common.o(.text)
 <LI><a href="#[ae]">_sputc</a> from _sputc.o(.text) referenced from noretval__2sprintf.o(.text)
 <LI><a href="#[97]">accept_function</a> from api_msg.o(.text) referenced from api_msg.o(.text)
 <LI><a href="#[9c]">arp_timer</a> from tcpip.o(.text) referenced 2 times from tcpip.o(.text)
 <LI><a href="#[9f]">autoip_timer</a> from tcpip.o(.text) referenced from tcpip.o(.text)
 <LI><a href="#[6b]">back_to_home_screen_back_button_Click</a> from uiappuser.o(.text) referenced from uiframework.o(.text)
 <LI><a href="#[6c]">back_to_home_screen_back_button_dos_Click</a> from uiappuser.o(.text) referenced from uiframework.o(.text)
 <LI><a href="#[71]">back_to_home_screen_back_button_param_Click</a> from uiappuser.o(.text) referenced from uiframework.o(.text)
 <LI><a href="#[77]">back_to_home_screen_ph_back_button_Click</a> from uiappuser.o(.text) referenced from uiframework.o(.text)
 <LI><a href="#[73]">back_to_home_screen_pool_back_button_Click</a> from uiappuser.o(.text) referenced from uiframework.o(.text)
 <LI><a href="#[75]">back_to_home_screen_water_back_button_Click</a> from uiappuser.o(.text) referenced 2 times from uiframework.o(.text)
 <LI><a href="#[a3]">dhcp_recv</a> from dhcp.o(.text) referenced from dhcp.o(.text)
 <LI><a href="#[9d]">dhcp_timer_coarse</a> from tcpip.o(.text) referenced from tcpip.o(.text)
 <LI><a href="#[9e]">dhcp_timer_fine</a> from tcpip.o(.text) referenced from tcpip.o(.text)
 <LI><a href="#[88]">do_bind</a> from api_msg.o(.text) referenced from api_lib.o(.text)
 <LI><a href="#[8f]">do_close</a> from api_msg.o(.text) referenced from api_lib.o(.text)
 <LI><a href="#[89]">do_connect</a> from api_msg.o(.text) referenced from api_lib.o(.text)
 <LI><a href="#[96]">do_connected</a> from api_msg.o(.text) referenced from api_msg.o(.text)
 <LI><a href="#[86]">do_delconn</a> from api_msg.o(.text) referenced from api_lib.o(.text)
 <LI><a href="#[8a]">do_disconnect</a> from api_msg.o(.text) referenced from api_lib.o(.text)
 <LI><a href="#[87]">do_getaddr</a> from api_msg.o(.text) referenced from api_lib.o(.text)
 <LI><a href="#[8b]">do_listen</a> from api_msg.o(.text) referenced from api_lib.o(.text)
 <LI><a href="#[85]">do_newconn</a> from api_msg.o(.text) referenced from api_lib.o(.text)
 <LI><a href="#[8c]">do_recv</a> from api_msg.o(.text) referenced from api_lib.o(.text)
 <LI><a href="#[8d]">do_send</a> from api_msg.o(.text) referenced from api_lib.o(.text)
 <LI><a href="#[8e]">do_write</a> from api_msg.o(.text) referenced from api_lib.o(.text)
 <LI><a href="#[92]">err_tcp</a> from api_msg.o(.text) referenced from api_msg.o(.text)
 <LI><a href="#[a8]">etharp_output</a> from etharp.o(.text) referenced from ethernetif.o(.text)
 <LI><a href="#[65]">ethernetif_init</a> from ethernetif.o(.text) referenced from netconf.o(.text)
 <LI><a href="#[a6]">ethernetif_input</a> from ethernetif.o(.text) referenced from ethernetif.o(.text)
 <LI><a href="#[98]">event_callback</a> from sockets.o(.text) referenced 2 times from sockets.o(.text)
 <LI><a href="#[66]">http_server_socket_thread</a> from httpserver-socket.o(.text) referenced from httpserver-socket.o(.text)
 <LI><a href="#[a9]">low_level_output</a> from ethernetif.o(.text) referenced from ethernetif.o(.text)
 <LI><a href="#[99]">lwip_getsockopt_internal</a> from sockets.o(.text) referenced from sockets.o(.text)
 <LI><a href="#[9a]">lwip_setsockopt_internal</a> from sockets.o(.text) referenced from sockets.o(.text)
 <LI><a href="#[a2]">mem_free</a> from mem.o(.text) referenced from tcpip.o(.text)
 <LI><a href="#[a1]">pbuf_free_int</a> from tcpip.o(.text) referenced from tcpip.o(.text)
 <LI><a href="#[91]">poll_tcp</a> from api_msg.o(.text) referenced from api_msg.o(.text)
 <LI><a href="#[aa]">prvIdleTask</a> from tasks.o(.text) referenced from tasks.o(.text)
 <LI><a href="#[ab]">prvTaskExitError</a> from port.o(.text) referenced from port.o(.text)
 <LI><a href="#[94]">recv_raw</a> from api_msg.o(.text) referenced from api_msg.o(.text)
 <LI><a href="#[93]">recv_tcp</a> from api_msg.o(.text) referenced from api_msg.o(.text)
 <LI><a href="#[95]">recv_udp</a> from api_msg.o(.text) referenced from api_msg.o(.text)
 <LI><a href="#[67]">screen1_DesignButton01_Click</a> from uiappuser.o(.text) referenced from uiframework.o(.text)
 <LI><a href="#[6d]">screen1_back_dos_button_Click</a> from uiappuser.o(.text) referenced from uiframework.o(.text)
 <LI><a href="#[72]">screen1_back_param_button_Click</a> from uiappuser.o(.text) referenced from uiframework.o(.text)
 <LI><a href="#[78]">screen1_back_ph_button_Click</a> from uiappuser.o(.text) referenced from uiframework.o(.text)
 <LI><a href="#[74]">screen1_back_pool_button_Click</a> from uiappuser.o(.text) referenced from uiframework.o(.text)
 <LI><a href="#[76]">screen1_back_water_button_Click</a> from uiappuser.o(.text) referenced 2 times from uiframework.o(.text)
 <LI><a href="#[68]">screen1_param_button_Click</a> from uiappuser.o(.text) referenced from uiframework.o(.text)
 <LI><a href="#[70]">screen1_ph_button_Click</a> from uiappuser.o(.text) referenced from uiframework.o(.text)
 <LI><a href="#[6e]">screen1_pool_button_Click</a> from uiappuser.o(.text) referenced from uiframework.o(.text)
 <LI><a href="#[6a]">screen1_pro_button_Click</a> from uiappuser.o(.text) referenced from uiframework.o(.text)
 <LI><a href="#[6f]">screen1_water_button_Click</a> from uiappuser.o(.text) referenced from uiframework.o(.text)
 <LI><a href="#[69]">screen_dos_button_Click</a> from uiappuser.o(.text) referenced from uiframework.o(.text)
 <LI><a href="#[90]">sent_tcp</a> from api_msg.o(.text) referenced from api_msg.o(.text)
 <LI><a href="#[a4]">sswt_handler</a> from sys.o(.text) referenced from sys.o(.text)
 <LI><a href="#[a5]">tcp_accept_null</a> from tcp.o(.text) referenced from tcp.o(.text)
 <LI><a href="#[2cc]">tcp_recv_null</a> from tcp.o(.text) referenced from tcp.o(.text)
 <LI><a href="#[64]">tcpip_input</a> from tcpip.o(.text) referenced from netconf.o(.text)
 <LI><a href="#[9b]">tcpip_tcp_timer</a> from tcpip.o(.text) referenced from tcpip.o(.text)
 <LI><a href="#[a0]">tcpip_thread</a> from tcpip.o(.text) referenced from tcpip.o(.text)
</UL>
<P>
<H3>
Global Symbols
</H3>
<P><STRONG><a name="[b0]"></a>__main</STRONG> (Thumb, 8 bytes, Stack size 0 bytes, __main.o(!!!main))
<BR><BR>[Calls]<UL><LI><a href="#[b1]">&gt;&gt;</a>&nbsp;&nbsp;&nbsp;__scatterload
<LI><a href="#[b2]">&gt;&gt;</a>&nbsp;&nbsp;&nbsp;__rt_entry
</UL>

<P><STRONG><a name="[b1]"></a>__scatterload</STRONG> (Thumb, 0 bytes, Stack size unknown bytes, __scatter.o(!!!scatter))
<BR><BR>[Called By]<UL><LI><a href="#[b0]">&gt;&gt;</a>&nbsp;&nbsp;&nbsp;__main
</UL>

<P><STRONG><a name="[b3]"></a>__scatterload_rt2</STRONG> (Thumb, 44 bytes, Stack size unknown bytes, __scatter.o(!!!scatter), UNUSED)
<BR><BR>[Calls]<UL><LI><a href="#[b2]">&gt;&gt;</a>&nbsp;&nbsp;&nbsp;__rt_entry
</UL>

<P><STRONG><a name="[39d]"></a>__scatterload_rt2_thumb_only</STRONG> (Thumb, 0 bytes, Stack size unknown bytes, __scatter.o(!!!scatter), UNUSED)

<P><STRONG><a name="[39e]"></a>__scatterload_null</STRONG> (Thumb, 0 bytes, Stack size unknown bytes, __scatter.o(!!!scatter), UNUSED)

<P><STRONG><a name="[39f]"></a>__decompress</STRONG> (Thumb, 90 bytes, Stack size unknown bytes, __dczerorl2.o(!!dczerorl2), UNUSED)

<P><STRONG><a name="[3a0]"></a>__decompress1</STRONG> (Thumb, 0 bytes, Stack size unknown bytes, __dczerorl2.o(!!dczerorl2), UNUSED)

<P><STRONG><a name="[3a1]"></a>__scatterload_zeroinit</STRONG> (Thumb, 28 bytes, Stack size unknown bytes, __scatter_zi.o(!!handler_zi), UNUSED)

<P><STRONG><a name="[b4]"></a>_printf_f</STRONG> (Thumb, 0 bytes, Stack size unknown bytes, _printf_f.o(.ARM.Collect$$_printf_percent$$00000003))
<BR><BR>[Stack]<UL><LI>Max Depth = 320 + Unknown Stack Size
<LI>Call Chain = _printf_f &rArr; _printf_fp_dec &rArr; _printf_fp_dec_real &rArr; _fp_digits &rArr; _btod_etento &rArr; _btod_emul &rArr; _e2e
</UL>
<BR>[Calls]<UL><LI><a href="#[b5]">&gt;&gt;</a>&nbsp;&nbsp;&nbsp;_printf_fp_dec
</UL>

<P><STRONG><a name="[36c]"></a>_printf_percent</STRONG> (Thumb, 0 bytes, Stack size unknown bytes, _printf_percent.o(.ARM.Collect$$_printf_percent$$00000000))
<BR><BR>[Called By]<UL><LI><a href="#[36a]">&gt;&gt;</a>&nbsp;&nbsp;&nbsp;__printf
</UL>

<P><STRONG><a name="[b6]"></a>_printf_d</STRONG> (Thumb, 0 bytes, Stack size unknown bytes, _printf_d.o(.ARM.Collect$$_printf_percent$$00000009))
<BR><BR>[Stack]<UL><LI>Max Depth = 72 + Unknown Stack Size
<LI>Call Chain = _printf_d &rArr; _printf_int_dec &rArr; _printf_int_common &rArr; _printf_post_padding
</UL>
<BR>[Calls]<UL><LI><a href="#[b7]">&gt;&gt;</a>&nbsp;&nbsp;&nbsp;_printf_int_dec
</UL>

<P><STRONG><a name="[b8]"></a>_printf_u</STRONG> (Thumb, 0 bytes, Stack size unknown bytes, _printf_u.o(.ARM.Collect$$_printf_percent$$0000000A))
<BR><BR>[Stack]<UL><LI>Max Depth = 72 + Unknown Stack Size
<LI>Call Chain = _printf_u &rArr; _printf_int_dec &rArr; _printf_int_common &rArr; _printf_post_padding
</UL>
<BR>[Calls]<UL><LI><a href="#[b7]">&gt;&gt;</a>&nbsp;&nbsp;&nbsp;_printf_int_dec
</UL>

<P><STRONG><a name="[b9]"></a>_printf_c</STRONG> (Thumb, 0 bytes, Stack size unknown bytes, _printf_c.o(.ARM.Collect$$_printf_percent$$00000013))
<BR><BR>[Stack]<UL><LI>Max Depth = 40 + Unknown Stack Size
<LI>Call Chain = _printf_c &rArr; _printf_char &rArr; _printf_cs_common &rArr; _printf_str &rArr; _printf_post_padding
</UL>
<BR>[Calls]<UL><LI><a href="#[ba]">&gt;&gt;</a>&nbsp;&nbsp;&nbsp;_printf_char
</UL>

<P><STRONG><a name="[3a2]"></a>_printf_percent_end</STRONG> (Thumb, 0 bytes, Stack size unknown bytes, _printf_percent_end.o(.ARM.Collect$$_printf_percent$$00000017))

<P><STRONG><a name="[c6]"></a>__rt_lib_init</STRONG> (Thumb, 0 bytes, Stack size unknown bytes, libinit.o(.ARM.Collect$$libinit$$00000000))
<BR><BR>[Called By]<UL><LI><a href="#[c5]">&gt;&gt;</a>&nbsp;&nbsp;&nbsp;__rt_entry_li
</UL>

<P><STRONG><a name="[bb]"></a>__rt_lib_init_fp_1</STRONG> (Thumb, 0 bytes, Stack size unknown bytes, libinit2.o(.ARM.Collect$$libinit$$00000001))
<BR><BR>[Calls]<UL><LI><a href="#[bc]">&gt;&gt;</a>&nbsp;&nbsp;&nbsp;_fp_init
</UL>

<P><STRONG><a name="[bd]"></a>__rt_lib_init_heap_2</STRONG> (Thumb, 0 bytes, Stack size unknown bytes, libinit2.o(.ARM.Collect$$libinit$$00000005))
<BR><BR>[Stack]<UL><LI>Max Depth = 64 + Unknown Stack Size
<LI>Call Chain = __rt_lib_init_heap_2 &rArr; _init_alloc &rArr; __rt_SIGRTMEM &rArr; __rt_SIGRTMEM_inner &rArr; __default_signal_display &rArr; _ttywrch
</UL>
<BR>[Calls]<UL><LI><a href="#[be]">&gt;&gt;</a>&nbsp;&nbsp;&nbsp;_init_alloc
</UL>

<P><STRONG><a name="[3a3]"></a>__rt_lib_init_preinit_1</STRONG> (Thumb, 0 bytes, Stack size unknown bytes, libinit2.o(.ARM.Collect$$libinit$$00000004))

<P><STRONG><a name="[3a4]"></a>__rt_lib_init_heap_1</STRONG> (Thumb, 0 bytes, Stack size unknown bytes, libinit2.o(.ARM.Collect$$libinit$$0000000A))

<P><STRONG><a name="[bf]"></a>__rt_lib_init_lc_common</STRONG> (Thumb, 0 bytes, Stack size unknown bytes, libinit2.o(.ARM.Collect$$libinit$$0000000F))
<BR><BR>[Calls]<UL><LI><a href="#[c0]">&gt;&gt;</a>&nbsp;&nbsp;&nbsp;__rt_locale
</UL>

<P><STRONG><a name="[3a5]"></a>__rt_lib_init_rand_1</STRONG> (Thumb, 0 bytes, Stack size unknown bytes, libinit2.o(.ARM.Collect$$libinit$$0000000E))

<P><STRONG><a name="[3a6]"></a>__rt_lib_init_user_alloc_1</STRONG> (Thumb, 0 bytes, Stack size unknown bytes, libinit2.o(.ARM.Collect$$libinit$$0000000C))

<P><STRONG><a name="[3a7]"></a>__rt_lib_init_lc_collate_1</STRONG> (Thumb, 0 bytes, Stack size unknown bytes, libinit2.o(.ARM.Collect$$libinit$$00000011))

<P><STRONG><a name="[3a8]"></a>__rt_lib_init_lc_ctype_1</STRONG> (Thumb, 0 bytes, Stack size unknown bytes, libinit2.o(.ARM.Collect$$libinit$$00000013))

<P><STRONG><a name="[3a9]"></a>__rt_lib_init_lc_monetary_1</STRONG> (Thumb, 0 bytes, Stack size unknown bytes, libinit2.o(.ARM.Collect$$libinit$$00000015))

<P><STRONG><a name="[c1]"></a>__rt_lib_init_lc_numeric_2</STRONG> (Thumb, 0 bytes, Stack size unknown bytes, libinit2.o(.ARM.Collect$$libinit$$00000016))
<BR><BR>[Stack]<UL><LI>Max Depth = 8 + Unknown Stack Size
<LI>Call Chain = __rt_lib_init_lc_numeric_2 &rArr; _get_lc_numeric
</UL>
<BR>[Calls]<UL><LI><a href="#[c2]">&gt;&gt;</a>&nbsp;&nbsp;&nbsp;_get_lc_numeric
</UL>

<P><STRONG><a name="[3aa]"></a>__rt_lib_init_alloca_1</STRONG> (Thumb, 0 bytes, Stack size unknown bytes, libinit2.o(.ARM.Collect$$libinit$$0000002E))

<P><STRONG><a name="[3ab]"></a>__rt_lib_init_argv_1</STRONG> (Thumb, 0 bytes, Stack size unknown bytes, libinit2.o(.ARM.Collect$$libinit$$0000002C))

<P><STRONG><a name="[3ac]"></a>__rt_lib_init_atexit_1</STRONG> (Thumb, 0 bytes, Stack size unknown bytes, libinit2.o(.ARM.Collect$$libinit$$0000001B))

<P><STRONG><a name="[3ad]"></a>__rt_lib_init_clock_1</STRONG> (Thumb, 0 bytes, Stack size unknown bytes, libinit2.o(.ARM.Collect$$libinit$$00000021))

<P><STRONG><a name="[3ae]"></a>__rt_lib_init_cpp_1</STRONG> (Thumb, 0 bytes, Stack size unknown bytes, libinit2.o(.ARM.Collect$$libinit$$00000032))

<P><STRONG><a name="[3af]"></a>__rt_lib_init_exceptions_1</STRONG> (Thumb, 0 bytes, Stack size unknown bytes, libinit2.o(.ARM.Collect$$libinit$$00000030))

<P><STRONG><a name="[3b0]"></a>__rt_lib_init_fp_trap_1</STRONG> (Thumb, 0 bytes, Stack size unknown bytes, libinit2.o(.ARM.Collect$$libinit$$0000001F))

<P><STRONG><a name="[3b1]"></a>__rt_lib_init_getenv_1</STRONG> (Thumb, 0 bytes, Stack size unknown bytes, libinit2.o(.ARM.Collect$$libinit$$00000023))

<P><STRONG><a name="[3b2]"></a>__rt_lib_init_lc_numeric_1</STRONG> (Thumb, 0 bytes, Stack size unknown bytes, libinit2.o(.ARM.Collect$$libinit$$00000017))

<P><STRONG><a name="[3b3]"></a>__rt_lib_init_lc_time_1</STRONG> (Thumb, 0 bytes, Stack size unknown bytes, libinit2.o(.ARM.Collect$$libinit$$00000019))

<P><STRONG><a name="[3b4]"></a>__rt_lib_init_return</STRONG> (Thumb, 0 bytes, Stack size unknown bytes, libinit2.o(.ARM.Collect$$libinit$$00000033))

<P><STRONG><a name="[3b5]"></a>__rt_lib_init_signal_1</STRONG> (Thumb, 0 bytes, Stack size unknown bytes, libinit2.o(.ARM.Collect$$libinit$$0000001D))

<P><STRONG><a name="[3b6]"></a>__rt_lib_init_stdio_1</STRONG> (Thumb, 0 bytes, Stack size unknown bytes, libinit2.o(.ARM.Collect$$libinit$$00000025))

<P><STRONG><a name="[cb]"></a>__rt_lib_shutdown</STRONG> (Thumb, 0 bytes, Stack size unknown bytes, libshutdown.o(.ARM.Collect$$libshutdown$$00000000))
<BR><BR>[Called By]<UL><LI><a href="#[ca]">&gt;&gt;</a>&nbsp;&nbsp;&nbsp;__rt_exit_ls
</UL>

<P><STRONG><a name="[3b7]"></a>__rt_lib_shutdown_fp_trap_1</STRONG> (Thumb, 0 bytes, Stack size unknown bytes, libshutdown2.o(.ARM.Collect$$libshutdown$$00000006))

<P><STRONG><a name="[3b8]"></a>__rt_lib_shutdown_heap_1</STRONG> (Thumb, 0 bytes, Stack size unknown bytes, libshutdown2.o(.ARM.Collect$$libshutdown$$0000000E))

<P><STRONG><a name="[3b9]"></a>__rt_lib_shutdown_return</STRONG> (Thumb, 0 bytes, Stack size unknown bytes, libshutdown2.o(.ARM.Collect$$libshutdown$$0000000F))

<P><STRONG><a name="[3ba]"></a>__rt_lib_shutdown_signal_1</STRONG> (Thumb, 0 bytes, Stack size unknown bytes, libshutdown2.o(.ARM.Collect$$libshutdown$$00000009))

<P><STRONG><a name="[3bb]"></a>__rt_lib_shutdown_stdio_1</STRONG> (Thumb, 0 bytes, Stack size unknown bytes, libshutdown2.o(.ARM.Collect$$libshutdown$$00000003))

<P><STRONG><a name="[3bc]"></a>__rt_lib_shutdown_user_alloc_1</STRONG> (Thumb, 0 bytes, Stack size unknown bytes, libshutdown2.o(.ARM.Collect$$libshutdown$$0000000B))

<P><STRONG><a name="[b2]"></a>__rt_entry</STRONG> (Thumb, 0 bytes, Stack size unknown bytes, __rtentry.o(.ARM.Collect$$rtentry$$00000000))
<BR><BR>[Called By]<UL><LI><a href="#[b3]">&gt;&gt;</a>&nbsp;&nbsp;&nbsp;__scatterload_rt2
<LI><a href="#[b0]">&gt;&gt;</a>&nbsp;&nbsp;&nbsp;__main
</UL>

<P><STRONG><a name="[3bd]"></a>__rt_entry_presh_1</STRONG> (Thumb, 0 bytes, Stack size unknown bytes, __rtentry2.o(.ARM.Collect$$rtentry$$00000002))

<P><STRONG><a name="[c3]"></a>__rt_entry_sh</STRONG> (Thumb, 0 bytes, Stack size unknown bytes, __rtentry4.o(.ARM.Collect$$rtentry$$00000004))
<BR><BR>[Stack]<UL><LI>Max Depth = 8 + Unknown Stack Size
<LI>Call Chain = __rt_entry_sh &rArr; __user_setup_stackheap
</UL>
<BR>[Calls]<UL><LI><a href="#[c4]">&gt;&gt;</a>&nbsp;&nbsp;&nbsp;__user_setup_stackheap
</UL>

<P><STRONG><a name="[c5]"></a>__rt_entry_li</STRONG> (Thumb, 0 bytes, Stack size unknown bytes, __rtentry2.o(.ARM.Collect$$rtentry$$0000000A))
<BR><BR>[Calls]<UL><LI><a href="#[c6]">&gt;&gt;</a>&nbsp;&nbsp;&nbsp;__rt_lib_init
</UL>

<P><STRONG><a name="[3be]"></a>__rt_entry_postsh_1</STRONG> (Thumb, 0 bytes, Stack size unknown bytes, __rtentry2.o(.ARM.Collect$$rtentry$$00000009))

<P><STRONG><a name="[c7]"></a>__rt_entry_main</STRONG> (Thumb, 0 bytes, Stack size unknown bytes, __rtentry2.o(.ARM.Collect$$rtentry$$0000000D))
<BR><BR>[Stack]<UL><LI>Max Depth = 712 + Unknown Stack Size
<LI>Call Chain = __rt_entry_main &rArr; main &rArr; readCalibrationValue &rArr; TouchPanel_Calibrate &rArr; waitPenRelease &rArr; Read_tsc2046 &rArr; TP_GetAdXY &rArr; Read_Y &rArr; RD_AD &rArr; DelayUS
</UL>
<BR>[Calls]<UL><LI><a href="#[c8]">&gt;&gt;</a>&nbsp;&nbsp;&nbsp;main
<LI><a href="#[c9]">&gt;&gt;</a>&nbsp;&nbsp;&nbsp;exit
</UL>

<P><STRONG><a name="[3bf]"></a>__rt_entry_postli_1</STRONG> (Thumb, 0 bytes, Stack size unknown bytes, __rtentry2.o(.ARM.Collect$$rtentry$$0000000C))

<P><STRONG><a name="[385]"></a>__rt_exit</STRONG> (Thumb, 0 bytes, Stack size unknown bytes, rtexit.o(.ARM.Collect$$rtexit$$00000000))
<BR><BR>[Called By]<UL><LI><a href="#[c9]">&gt;&gt;</a>&nbsp;&nbsp;&nbsp;exit
</UL>

<P><STRONG><a name="[ca]"></a>__rt_exit_ls</STRONG> (Thumb, 0 bytes, Stack size unknown bytes, rtexit2.o(.ARM.Collect$$rtexit$$00000003))
<BR><BR>[Calls]<UL><LI><a href="#[cb]">&gt;&gt;</a>&nbsp;&nbsp;&nbsp;__rt_lib_shutdown
</UL>

<P><STRONG><a name="[3c0]"></a>__rt_exit_prels_1</STRONG> (Thumb, 0 bytes, Stack size unknown bytes, rtexit2.o(.ARM.Collect$$rtexit$$00000002))

<P><STRONG><a name="[cc]"></a>__rt_exit_exit</STRONG> (Thumb, 0 bytes, Stack size unknown bytes, rtexit2.o(.ARM.Collect$$rtexit$$00000004))
<BR><BR>[Calls]<UL><LI><a href="#[cd]">&gt;&gt;</a>&nbsp;&nbsp;&nbsp;_sys_exit
</UL>

<P><STRONG><a name="[e]"></a>SVC_Handler</STRONG> (Thumb, 28 bytes, Stack size 0 bytes, port.o(.emb_text))
<BR>[Address Reference Count : 1]<UL><LI> startup_stm32f4xx.o(RESET)
</UL>
<P><STRONG><a name="[360]"></a>__asm___6_port_c_39a90d8d__prvStartFirstTask</STRONG> (Thumb, 28 bytes, Stack size 0 bytes, port.o(.emb_text))
<BR><BR>[Called By]<UL><LI><a href="#[34c]">&gt;&gt;</a>&nbsp;&nbsp;&nbsp;xPortStartScheduler
</UL>

<P><STRONG><a name="[35f]"></a>__asm___6_port_c_39a90d8d__prvEnableVFP</STRONG> (Thumb, 16 bytes, Stack size 0 bytes, port.o(.emb_text))
<BR><BR>[Called By]<UL><LI><a href="#[34c]">&gt;&gt;</a>&nbsp;&nbsp;&nbsp;xPortStartScheduler
</UL>

<P><STRONG><a name="[10]"></a>PendSV_Handler</STRONG> (Thumb, 88 bytes, Stack size 0 bytes, port.o(.emb_text))
<BR><BR>[Stack]<UL><LI>Max Depth = 16<LI>Call Chain = PendSV_Handler &rArr; vTaskSwitchContext
</UL>
<BR>[Calls]<UL><LI><a href="#[ce]">&gt;&gt;</a>&nbsp;&nbsp;&nbsp;vTaskSwitchContext
</UL>
<BR>[Address Reference Count : 1]<UL><LI> startup_stm32f4xx.o(RESET)
</UL>
<P><STRONG><a name="[361]"></a>vPortGetIPSR</STRONG> (Thumb, 6 bytes, Stack size 0 bytes, port.o(.emb_text))
<BR><BR>[Called By]<UL><LI><a href="#[32e]">&gt;&gt;</a>&nbsp;&nbsp;&nbsp;vPortValidateInterruptPriority
</UL>

<P><STRONG><a name="[cf]"></a>ADC_Read</STRONG> (Thumb, 44 bytes, Stack size 8 bytes, main.o(.text))
<BR><BR>[Stack]<UL><LI>Max Depth = 28<LI>Call Chain = ADC_Read &rArr; ADC_RegularChannelConfig
</UL>
<BR>[Calls]<UL><LI><a href="#[d1]">&gt;&gt;</a>&nbsp;&nbsp;&nbsp;ADC_SoftwareStartConv
<LI><a href="#[d0]">&gt;&gt;</a>&nbsp;&nbsp;&nbsp;ADC_RegularChannelConfig
<LI><a href="#[d2]">&gt;&gt;</a>&nbsp;&nbsp;&nbsp;ADC_GetFlagStatus
<LI><a href="#[d3]">&gt;&gt;</a>&nbsp;&nbsp;&nbsp;ADC_GetConversionValue
</UL>
<BR>[Called By]<UL><LI><a href="#[d4]">&gt;&gt;</a>&nbsp;&nbsp;&nbsp;ADCTask
</UL>

<P><STRONG><a name="[3c1]"></a>_maybe_terminate_alloc</STRONG> (Thumb, 0 bytes, Stack size 8 bytes, maybetermalloc1.o(.emb_text), UNUSED)

<P><STRONG><a name="[d4]"></a>ADCTask</STRONG> (Thumb, 346 bytes, Stack size 32 bytes, main.o(.text))
<BR><BR>[Stack]<UL><LI>Max Depth = 176<LI>Call Chain = ADCTask &rArr; GL_DisplayAdjStringLine &rArr; GL_LCD_DisplayChar &rArr; GL_LCD_DrawChar &rArr; LCD_PutPixel &rArr; SSD1963_PutPixel &rArr; LCD_SetArea
</UL>
<BR>[Calls]<UL><LI><a href="#[d7]">&gt;&gt;</a>&nbsp;&nbsp;&nbsp;vTaskDelay
<LI><a href="#[d5]">&gt;&gt;</a>&nbsp;&nbsp;&nbsp;LCD_DrawFullRect
<LI><a href="#[d6]">&gt;&gt;</a>&nbsp;&nbsp;&nbsp;GL_DisplayAdjStringLine
<LI><a href="#[cf]">&gt;&gt;</a>&nbsp;&nbsp;&nbsp;ADC_Read
</UL>
<BR>[Address Reference Count : 1]<UL><LI> main.o(.text)
</UL>
<P><STRONG><a name="[d8]"></a>TestTask</STRONG> (Thumb, 22 bytes, Stack size 0 bytes, main.o(.text))
<BR><BR>[Stack]<UL><LI>Max Depth = 196<LI>Call Chain = TestTask &rArr; ProcessInputData &rArr; CallPreEvents &rArr; CursorDraw &rArr; LCD_GetPixel &rArr; SSD1963_GetPixel &rArr; LCD_SetArea
</UL>
<BR>[Calls]<UL><LI><a href="#[d7]">&gt;&gt;</a>&nbsp;&nbsp;&nbsp;vTaskDelay
<LI><a href="#[d9]">&gt;&gt;</a>&nbsp;&nbsp;&nbsp;getTouchPoint
<LI><a href="#[db]">&gt;&gt;</a>&nbsp;&nbsp;&nbsp;TimeOutCalculate
<LI><a href="#[da]">&gt;&gt;</a>&nbsp;&nbsp;&nbsp;ProcessInputData
</UL>
<BR>[Address Reference Count : 1]<UL><LI> main.o(.text)
</UL>
<P><STRONG><a name="[dc]"></a>ADC_Config</STRONG> (Thumb, 124 bytes, Stack size 56 bytes, main.o(.text))
<BR><BR>[Stack]<UL><LI>Max Depth = 76<LI>Call Chain = ADC_Config &rArr; GPIO_Init
</UL>
<BR>[Calls]<UL><LI><a href="#[dd]">&gt;&gt;</a>&nbsp;&nbsp;&nbsp;RCC_APB2PeriphClockCmd
<LI><a href="#[df]">&gt;&gt;</a>&nbsp;&nbsp;&nbsp;RCC_AHB1PeriphClockCmd
<LI><a href="#[e0]">&gt;&gt;</a>&nbsp;&nbsp;&nbsp;GPIO_Init
<LI><a href="#[e2]">&gt;&gt;</a>&nbsp;&nbsp;&nbsp;ADC_Init
<LI><a href="#[de]">&gt;&gt;</a>&nbsp;&nbsp;&nbsp;ADC_DeInit
<LI><a href="#[e1]">&gt;&gt;</a>&nbsp;&nbsp;&nbsp;ADC_CommonInit
<LI><a href="#[e3]">&gt;&gt;</a>&nbsp;&nbsp;&nbsp;ADC_Cmd
</UL>
<BR>[Called By]<UL><LI><a href="#[c8]">&gt;&gt;</a>&nbsp;&nbsp;&nbsp;main
</UL>

<P><STRONG><a name="[e4]"></a>GPIO_Config</STRONG> (Thumb, 28 bytes, Stack size 8 bytes, main.o(.text))
<BR><BR>[Stack]<UL><LI>Max Depth = 44<LI>Call Chain = GPIO_Config &rArr; STM_EVAL_LEDInit &rArr; GPIO_Init
</UL>
<BR>[Calls]<UL><LI><a href="#[e5]">&gt;&gt;</a>&nbsp;&nbsp;&nbsp;STM_EVAL_LEDInit
</UL>
<BR>[Called By]<UL><LI><a href="#[c8]">&gt;&gt;</a>&nbsp;&nbsp;&nbsp;main
</UL>

<P><STRONG><a name="[c8]"></a>main</STRONG> (Thumb, 138 bytes, Stack size 16 bytes, main.o(.text))
<BR><BR>[Stack]<UL><LI>Max Depth = 712 + Unknown Stack Size
<LI>Call Chain = main &rArr; readCalibrationValue &rArr; TouchPanel_Calibrate &rArr; waitPenRelease &rArr; Read_tsc2046 &rArr; TP_GetAdXY &rArr; Read_Y &rArr; RD_AD &rArr; DelayUS
</UL>
<BR>[Calls]<UL><LI><a href="#[f3]">&gt;&gt;</a>&nbsp;&nbsp;&nbsp;xTaskCreate
<LI><a href="#[f4]">&gt;&gt;</a>&nbsp;&nbsp;&nbsp;vTaskStartScheduler
<LI><a href="#[ea]">&gt;&gt;</a>&nbsp;&nbsp;&nbsp;readCalibrationValue
<LI><a href="#[f2]">&gt;&gt;</a>&nbsp;&nbsp;&nbsp;http_server_socket_init
<LI><a href="#[e6]">&gt;&gt;</a>&nbsp;&nbsp;&nbsp;UARTstdio_Configuration
<LI><a href="#[e9]">&gt;&gt;</a>&nbsp;&nbsp;&nbsp;TP_Init
<LI><a href="#[ee]">&gt;&gt;</a>&nbsp;&nbsp;&nbsp;Show_HomeScreen
<LI><a href="#[e7]">&gt;&gt;</a>&nbsp;&nbsp;&nbsp;STM324xG_LCD_Init
<LI><a href="#[f1]">&gt;&gt;</a>&nbsp;&nbsp;&nbsp;NVIC_PriorityGroupConfig
<LI><a href="#[f0]">&gt;&gt;</a>&nbsp;&nbsp;&nbsp;LwIP_Init
<LI><a href="#[eb]">&gt;&gt;</a>&nbsp;&nbsp;&nbsp;GL_SetTextColor
<LI><a href="#[e8]">&gt;&gt;</a>&nbsp;&nbsp;&nbsp;GL_SetFont
<LI><a href="#[ec]">&gt;&gt;</a>&nbsp;&nbsp;&nbsp;GL_SetBackColor
<LI><a href="#[ed]">&gt;&gt;</a>&nbsp;&nbsp;&nbsp;GL_Clear
<LI><a href="#[ef]">&gt;&gt;</a>&nbsp;&nbsp;&nbsp;ETH_BSP_Config
<LI><a href="#[e4]">&gt;&gt;</a>&nbsp;&nbsp;&nbsp;GPIO_Config
<LI><a href="#[dc]">&gt;&gt;</a>&nbsp;&nbsp;&nbsp;ADC_Config
</UL>
<BR>[Called By]<UL><LI><a href="#[c7]">&gt;&gt;</a>&nbsp;&nbsp;&nbsp;__rt_entry_main
</UL>

<P><STRONG><a name="[f5]"></a>vApplicationMallocFailedHook</STRONG> (Thumb, 36 bytes, Stack size 0 bytes, main.o(.text))
<BR><BR>[Stack]<UL><LI>Max Depth = 120<LI>Call Chain = vApplicationMallocFailedHook &rArr; UARTprintf &rArr; __aeabi_d2f
</UL>
<BR>[Calls]<UL><LI><a href="#[f6]">&gt;&gt;</a>&nbsp;&nbsp;&nbsp;xPortGetFreeHeapSize
<LI><a href="#[f7]">&gt;&gt;</a>&nbsp;&nbsp;&nbsp;UARTprintf
</UL>
<BR>[Called By]<UL><LI><a href="#[31a]">&gt;&gt;</a>&nbsp;&nbsp;&nbsp;pvPortMalloc
</UL>

<P><STRONG><a name="[346]"></a>vApplicationStackOverflowHook</STRONG> (Thumb, 2 bytes, Stack size 0 bytes, main.o(.text))
<BR><BR>[Called By]<UL><LI><a href="#[ce]">&gt;&gt;</a>&nbsp;&nbsp;&nbsp;vTaskSwitchContext
</UL>

<P><STRONG><a name="[f8]"></a>vApplicationTickHook</STRONG> (Thumb, 8 bytes, Stack size 8 bytes, main.o(.text))
<BR><BR>[Stack]<UL><LI>Max Depth = 8<LI>Call Chain = vApplicationTickHook
</UL>
<BR>[Calls]<UL><LI><a href="#[f9]">&gt;&gt;</a>&nbsp;&nbsp;&nbsp;TimingDelay_Decrement
</UL>
<BR>[Called By]<UL><LI><a href="#[33f]">&gt;&gt;</a>&nbsp;&nbsp;&nbsp;xTaskIncrementTick
</UL>

<P><STRONG><a name="[ac]"></a>SystemInit</STRONG> (Thumb, 88 bytes, Stack size 8 bytes, system_stm32f4xx.o(.text))
<BR><BR>[Stack]<UL><LI>Max Depth = 20<LI>Call Chain = SystemInit &rArr; SetSysClock
</UL>
<BR>[Calls]<UL><LI><a href="#[fa]">&gt;&gt;</a>&nbsp;&nbsp;&nbsp;SetSysClock
</UL>
<BR>[Address Reference Count : 1]<UL><LI> startup_stm32f4xx.o(.text)
</UL>
<P><STRONG><a name="[3c2]"></a>SystemCoreClockUpdate</STRONG> (Thumb, 174 bytes, Stack size 16 bytes, system_stm32f4xx.o(.text), UNUSED)

<P><STRONG><a name="[9]"></a>NMI_Handler</STRONG> (Thumb, 2 bytes, Stack size 0 bytes, stm32f4xx_it.o(.text))
<BR>[Address Reference Count : 1]<UL><LI> startup_stm32f4xx.o(RESET)
</UL>
<P><STRONG><a name="[a]"></a>HardFault_Handler</STRONG> (Thumb, 4 bytes, Stack size 0 bytes, stm32f4xx_it.o(.text))
<BR>[Address Reference Count : 1]<UL><LI> startup_stm32f4xx.o(RESET)
</UL>
<P><STRONG><a name="[b]"></a>MemManage_Handler</STRONG> (Thumb, 4 bytes, Stack size 0 bytes, stm32f4xx_it.o(.text))
<BR>[Address Reference Count : 1]<UL><LI> startup_stm32f4xx.o(RESET)
</UL>
<P><STRONG><a name="[c]"></a>BusFault_Handler</STRONG> (Thumb, 4 bytes, Stack size 0 bytes, stm32f4xx_it.o(.text))
<BR>[Address Reference Count : 1]<UL><LI> startup_stm32f4xx.o(RESET)
</UL>
<P><STRONG><a name="[d]"></a>UsageFault_Handler</STRONG> (Thumb, 4 bytes, Stack size 0 bytes, stm32f4xx_it.o(.text))
<BR>[Address Reference Count : 1]<UL><LI> startup_stm32f4xx.o(RESET)
</UL>
<P><STRONG><a name="[f]"></a>DebugMon_Handler</STRONG> (Thumb, 2 bytes, Stack size 0 bytes, stm32f4xx_it.o(.text))
<BR>[Address Reference Count : 1]<UL><LI> startup_stm32f4xx.o(RESET)
</UL>
<P><STRONG><a name="[4f]"></a>ETH_IRQHandler</STRONG> (Thumb, 66 bytes, Stack size 8 bytes, stm32f4xx_it.o(.text))
<BR><BR>[Stack]<UL><LI>Max Depth = 56<LI>Call Chain = ETH_IRQHandler &rArr; xQueueGiveFromISR &rArr; xTaskRemoveFromEventList
</UL>
<BR>[Calls]<UL><LI><a href="#[fc]">&gt;&gt;</a>&nbsp;&nbsp;&nbsp;xQueueGiveFromISR
<LI><a href="#[fb]">&gt;&gt;</a>&nbsp;&nbsp;&nbsp;ETH_GetDMAFlagStatus
<LI><a href="#[fd]">&gt;&gt;</a>&nbsp;&nbsp;&nbsp;ETH_DMAClearITPendingBit
</UL>
<BR>[Address Reference Count : 1]<UL><LI> startup_stm32f4xx.o(RESET)
</UL>
<P><STRONG><a name="[2e]"></a>TIM2_IRQHandler</STRONG> (Thumb, 2 bytes, Stack size 0 bytes, stm32f4xx_it.o(.text))
<BR>[Address Reference Count : 1]<UL><LI> startup_stm32f4xx.o(RESET)
</UL>
<P><STRONG><a name="[2f]"></a>TIM3_IRQHandler</STRONG> (Thumb, 2 bytes, Stack size 0 bytes, stm32f4xx_it.o(.text))
<BR>[Address Reference Count : 1]<UL><LI> startup_stm32f4xx.o(RESET)
</UL>
<P><STRONG><a name="[30]"></a>TIM4_IRQHandler</STRONG> (Thumb, 2 bytes, Stack size 0 bytes, stm32f4xx_it.o(.text))
<BR>[Address Reference Count : 1]<UL><LI> startup_stm32f4xx.o(RESET)
</UL>
<P><STRONG><a name="[f0]"></a>LwIP_Init</STRONG> (Thumb, 132 bytes, Stack size 56 bytes, netconf.o(.text))
<BR><BR>[Stack]<UL><LI>Max Depth = 480 + Unknown Stack Size
<LI>Call Chain = LwIP_Init &rArr; netif_add &rArr; netif_set_addr &rArr; netif_set_ipaddr &rArr; tcp_abandon &rArr; tcp_pcb_remove &rArr; tcp_output &rArr; tcp_send_empty_ack &rArr; pbuf_alloc &rArr; pbuf_free &rArr; mem_free &rArr; sys_arch_sem_wait &rArr; xQueueGenericReceive &rArr; xTaskResumeAll &rArr; xTaskIncrementTick &rArr; vApplicationTickHook
</UL>
<BR>[Calls]<UL><LI><a href="#[fe]">&gt;&gt;</a>&nbsp;&nbsp;&nbsp;tcpip_init
<LI><a href="#[103]">&gt;&gt;</a>&nbsp;&nbsp;&nbsp;netif_set_up
<LI><a href="#[102]">&gt;&gt;</a>&nbsp;&nbsp;&nbsp;netif_set_default
<LI><a href="#[101]">&gt;&gt;</a>&nbsp;&nbsp;&nbsp;netif_add
<LI><a href="#[ff]">&gt;&gt;</a>&nbsp;&nbsp;&nbsp;htonl
<LI><a href="#[100]">&gt;&gt;</a>&nbsp;&nbsp;&nbsp;__2sprintf
</UL>
<BR>[Called By]<UL><LI><a href="#[c8]">&gt;&gt;</a>&nbsp;&nbsp;&nbsp;main
</UL>

<P><STRONG><a name="[ef]"></a>ETH_BSP_Config</STRONG> (Thumb, 26 bytes, Stack size 8 bytes, stm32f4x7_eth_bsp.o(.text))
<BR><BR>[Stack]<UL><LI>Max Depth = 268<LI>Call Chain = ETH_BSP_Config &rArr; ETH_MACDMA_Config &rArr; ETH_Init &rArr; RCC_GetClocksFreq
</UL>
<BR>[Calls]<UL><LI><a href="#[10d]">&gt;&gt;</a>&nbsp;&nbsp;&nbsp;ETH_GPIO_Config
<LI><a href="#[10b]">&gt;&gt;</a>&nbsp;&nbsp;&nbsp;ETH_NVIC_Config
<LI><a href="#[104]">&gt;&gt;</a>&nbsp;&nbsp;&nbsp;ETH_MACDMA_Config
</UL>
<BR>[Called By]<UL><LI><a href="#[c8]">&gt;&gt;</a>&nbsp;&nbsp;&nbsp;main
</UL>

<P><STRONG><a name="[110]"></a>fs_open</STRONG> (Thumb, 70 bytes, Stack size 16 bytes, fs.o(.text))
<BR><BR>[Stack]<UL><LI>Max Depth = 24<LI>Call Chain = fs_open &rArr; fs_free
</UL>
<BR>[Calls]<UL><LI><a href="#[113]">&gt;&gt;</a>&nbsp;&nbsp;&nbsp;fs_free
<LI><a href="#[111]">&gt;&gt;</a>&nbsp;&nbsp;&nbsp;fs_malloc
<LI><a href="#[112]">&gt;&gt;</a>&nbsp;&nbsp;&nbsp;strcmp
</UL>
<BR>[Called By]<UL><LI><a href="#[11f]">&gt;&gt;</a>&nbsp;&nbsp;&nbsp;http_server_serve
</UL>

<P><STRONG><a name="[114]"></a>fs_close</STRONG> (Thumb, 12 bytes, Stack size 8 bytes, fs.o(.text))
<BR><BR>[Stack]<UL><LI>Max Depth = 16<LI>Call Chain = fs_close &rArr; fs_free
</UL>
<BR>[Calls]<UL><LI><a href="#[113]">&gt;&gt;</a>&nbsp;&nbsp;&nbsp;fs_free
</UL>
<BR>[Called By]<UL><LI><a href="#[11f]">&gt;&gt;</a>&nbsp;&nbsp;&nbsp;http_server_serve
</UL>

<P><STRONG><a name="[115]"></a>fs_read</STRONG> (Thumb, 62 bytes, Stack size 24 bytes, fs.o(.text), UNUSED)
<BR><BR>[Calls]<UL><LI><a href="#[116]">&gt;&gt;</a>&nbsp;&nbsp;&nbsp;__aeabi_memcpy
</UL>

<P><STRONG><a name="[3c3]"></a>fs_bytes_left</STRONG> (Thumb, 10 bytes, Stack size 0 bytes, fs.o(.text), UNUSED)

<P><STRONG><a name="[117]"></a>DynWebPageSettingByThanh</STRONG> (Thumb, 3498 bytes, Stack size 16 bytes, httpserver-socket.o(.text))
<BR><BR>[Stack]<UL><LI>Max Depth = 368<LI>Call Chain = DynWebPageSettingByThanh &rArr; lwip_write &rArr; lwip_send &rArr; lwip_sendto &rArr;  lwip_send (Cycle)
</UL>
<BR>[Calls]<UL><LI><a href="#[11b]">&gt;&gt;</a>&nbsp;&nbsp;&nbsp;lwip_write
<LI><a href="#[118]">&gt;&gt;</a>&nbsp;&nbsp;&nbsp;__aeabi_memclr
<LI><a href="#[119]">&gt;&gt;</a>&nbsp;&nbsp;&nbsp;strcat
<LI><a href="#[11a]">&gt;&gt;</a>&nbsp;&nbsp;&nbsp;strlen
</UL>
<BR>[Called By]<UL><LI><a href="#[11f]">&gt;&gt;</a>&nbsp;&nbsp;&nbsp;http_server_serve
</UL>

<P><STRONG><a name="[11c]"></a>DynWebPageByThanh</STRONG> (Thumb, 2886 bytes, Stack size 80 bytes, httpserver-socket.o(.text))
<BR><BR>[Stack]<UL><LI>Max Depth = 432<LI>Call Chain = DynWebPageByThanh &rArr; lwip_write &rArr; lwip_send &rArr; lwip_sendto &rArr;  lwip_send (Cycle)
</UL>
<BR>[Calls]<UL><LI><a href="#[11b]">&gt;&gt;</a>&nbsp;&nbsp;&nbsp;lwip_write
<LI><a href="#[118]">&gt;&gt;</a>&nbsp;&nbsp;&nbsp;__aeabi_memclr
<LI><a href="#[119]">&gt;&gt;</a>&nbsp;&nbsp;&nbsp;strcat
<LI><a href="#[11a]">&gt;&gt;</a>&nbsp;&nbsp;&nbsp;strlen
</UL>
<BR>[Called By]<UL><LI><a href="#[11f]">&gt;&gt;</a>&nbsp;&nbsp;&nbsp;http_server_serve
</UL>

<P><STRONG><a name="[11d]"></a>DynWebPage</STRONG> (Thumb, 1150 bytes, Stack size 56 bytes, httpserver-socket.o(.text))
<BR><BR>[Stack]<UL><LI>Max Depth = 408 + Unknown Stack Size
<LI>Call Chain = DynWebPage &rArr; lwip_write &rArr; lwip_send &rArr; lwip_sendto &rArr;  lwip_send (Cycle)
</UL>
<BR>[Calls]<UL><LI><a href="#[11e]">&gt;&gt;</a>&nbsp;&nbsp;&nbsp;vTaskList
<LI><a href="#[11b]">&gt;&gt;</a>&nbsp;&nbsp;&nbsp;lwip_write
<LI><a href="#[118]">&gt;&gt;</a>&nbsp;&nbsp;&nbsp;__aeabi_memclr
<LI><a href="#[119]">&gt;&gt;</a>&nbsp;&nbsp;&nbsp;strcat
<LI><a href="#[11a]">&gt;&gt;</a>&nbsp;&nbsp;&nbsp;strlen
<LI><a href="#[100]">&gt;&gt;</a>&nbsp;&nbsp;&nbsp;__2sprintf
</UL>
<BR>[Called By]<UL><LI><a href="#[11f]">&gt;&gt;</a>&nbsp;&nbsp;&nbsp;http_server_serve
</UL>

<P><STRONG><a name="[11f]"></a>http_server_serve</STRONG> (Thumb, 390 bytes, Stack size 1920 bytes, httpserver-socket.o(.text))
<BR><BR>[Stack]<UL><LI>Max Depth = 2352 + Unknown Stack Size
<LI>Call Chain = http_server_serve &rArr; DynWebPageByThanh &rArr; lwip_write &rArr; lwip_send &rArr; lwip_sendto &rArr;  lwip_send (Cycle)
</UL>
<BR>[Calls]<UL><LI><a href="#[11b]">&gt;&gt;</a>&nbsp;&nbsp;&nbsp;lwip_write
<LI><a href="#[120]">&gt;&gt;</a>&nbsp;&nbsp;&nbsp;lwip_read
<LI><a href="#[122]">&gt;&gt;</a>&nbsp;&nbsp;&nbsp;lwip_close
<LI><a href="#[11d]">&gt;&gt;</a>&nbsp;&nbsp;&nbsp;DynWebPage
<LI><a href="#[11c]">&gt;&gt;</a>&nbsp;&nbsp;&nbsp;DynWebPageByThanh
<LI><a href="#[117]">&gt;&gt;</a>&nbsp;&nbsp;&nbsp;DynWebPageSettingByThanh
<LI><a href="#[114]">&gt;&gt;</a>&nbsp;&nbsp;&nbsp;fs_close
<LI><a href="#[110]">&gt;&gt;</a>&nbsp;&nbsp;&nbsp;fs_open
<LI><a href="#[121]">&gt;&gt;</a>&nbsp;&nbsp;&nbsp;strncmp
</UL>
<BR>[Called By]<UL><LI><a href="#[66]">&gt;&gt;</a>&nbsp;&nbsp;&nbsp;http_server_socket_thread
</UL>

<P><STRONG><a name="[f2]"></a>http_server_socket_init</STRONG> (Thumb, 22 bytes, Stack size 8 bytes, httpserver-socket.o(.text))
<BR><BR>[Stack]<UL><LI>Max Depth = 264 + Unknown Stack Size
<LI>Call Chain = http_server_socket_init &rArr; sys_thread_new &rArr; xTaskCreate &rArr; pvPortMalloc &rArr; vApplicationMallocFailedHook &rArr; UARTprintf &rArr; __aeabi_d2f
</UL>
<BR>[Calls]<UL><LI><a href="#[128]">&gt;&gt;</a>&nbsp;&nbsp;&nbsp;sys_thread_new
</UL>
<BR>[Called By]<UL><LI><a href="#[c8]">&gt;&gt;</a>&nbsp;&nbsp;&nbsp;main
</UL>

<P><STRONG><a name="[69]"></a>screen_dos_button_Click</STRONG> (Thumb, 24 bytes, Stack size 8 bytes, uiappuser.o(.text))
<BR><BR>[Stack]<UL><LI>Max Depth = 160<LI>Call Chain = screen_dos_button_Click &rArr; Show_dosingTest_screen &rArr; GL_DisplayAdjStringLine &rArr; GL_LCD_DisplayChar &rArr; GL_LCD_DrawChar &rArr; LCD_PutPixel &rArr; SSD1963_PutPixel &rArr; LCD_SetArea
</UL>
<BR>[Calls]<UL><LI><a href="#[ed]">&gt;&gt;</a>&nbsp;&nbsp;&nbsp;GL_Clear
<LI><a href="#[12b]">&gt;&gt;</a>&nbsp;&nbsp;&nbsp;Show_dosingTest_screen
<LI><a href="#[129]">&gt;&gt;</a>&nbsp;&nbsp;&nbsp;DestroyPage
<LI><a href="#[12a]">&gt;&gt;</a>&nbsp;&nbsp;&nbsp;Create_dosingTest_screen
</UL>
<BR>[Address Reference Count : 1]<UL><LI> uiframework.o(.text)
</UL>
<P><STRONG><a name="[3c4]"></a>screen1_DesignOptionButton02_Selected</STRONG> (Thumb, 2 bytes, Stack size 0 bytes, uiappuser.o(.text), UNUSED)

<P><STRONG><a name="[3c5]"></a>screen1_DesignOptionButton03_Selected</STRONG> (Thumb, 2 bytes, Stack size 0 bytes, uiappuser.o(.text), UNUSED)

<P><STRONG><a name="[67]"></a>screen1_DesignButton01_Click</STRONG> (Thumb, 24 bytes, Stack size 8 bytes, uiappuser.o(.text))
<BR><BR>[Stack]<UL><LI>Max Depth = 160<LI>Call Chain = screen1_DesignButton01_Click &rArr; Show_setting_screen &rArr; GL_DisplayAdjStringLine &rArr; GL_LCD_DisplayChar &rArr; GL_LCD_DrawChar &rArr; LCD_PutPixel &rArr; SSD1963_PutPixel &rArr; LCD_SetArea
</UL>
<BR>[Calls]<UL><LI><a href="#[ed]">&gt;&gt;</a>&nbsp;&nbsp;&nbsp;GL_Clear
<LI><a href="#[12d]">&gt;&gt;</a>&nbsp;&nbsp;&nbsp;Show_setting_screen
<LI><a href="#[129]">&gt;&gt;</a>&nbsp;&nbsp;&nbsp;DestroyPage
<LI><a href="#[12c]">&gt;&gt;</a>&nbsp;&nbsp;&nbsp;Create_setting_screen
</UL>
<BR>[Address Reference Count : 1]<UL><LI> uiframework.o(.text)
</UL>
<P><STRONG><a name="[6d]"></a>screen1_back_dos_button_Click</STRONG> (Thumb, 24 bytes, Stack size 8 bytes, uiappuser.o(.text))
<BR><BR>[Stack]<UL><LI>Max Depth = 160<LI>Call Chain = screen1_back_dos_button_Click &rArr; Show_setting_screen &rArr; GL_DisplayAdjStringLine &rArr; GL_LCD_DisplayChar &rArr; GL_LCD_DrawChar &rArr; LCD_PutPixel &rArr; SSD1963_PutPixel &rArr; LCD_SetArea
</UL>
<BR>[Calls]<UL><LI><a href="#[ed]">&gt;&gt;</a>&nbsp;&nbsp;&nbsp;GL_Clear
<LI><a href="#[12d]">&gt;&gt;</a>&nbsp;&nbsp;&nbsp;Show_setting_screen
<LI><a href="#[129]">&gt;&gt;</a>&nbsp;&nbsp;&nbsp;DestroyPage
<LI><a href="#[12c]">&gt;&gt;</a>&nbsp;&nbsp;&nbsp;Create_setting_screen
</UL>
<BR>[Address Reference Count : 1]<UL><LI> uiframework.o(.text)
</UL>
<P><STRONG><a name="[72]"></a>screen1_back_param_button_Click</STRONG> (Thumb, 24 bytes, Stack size 8 bytes, uiappuser.o(.text))
<BR><BR>[Stack]<UL><LI>Max Depth = 160<LI>Call Chain = screen1_back_param_button_Click &rArr; Show_setting_screen &rArr; GL_DisplayAdjStringLine &rArr; GL_LCD_DisplayChar &rArr; GL_LCD_DrawChar &rArr; LCD_PutPixel &rArr; SSD1963_PutPixel &rArr; LCD_SetArea
</UL>
<BR>[Calls]<UL><LI><a href="#[ed]">&gt;&gt;</a>&nbsp;&nbsp;&nbsp;GL_Clear
<LI><a href="#[12d]">&gt;&gt;</a>&nbsp;&nbsp;&nbsp;Show_setting_screen
<LI><a href="#[129]">&gt;&gt;</a>&nbsp;&nbsp;&nbsp;DestroyPage
<LI><a href="#[12c]">&gt;&gt;</a>&nbsp;&nbsp;&nbsp;Create_setting_screen
</UL>
<BR>[Address Reference Count : 1]<UL><LI> uiframework.o(.text)
</UL>
<P><STRONG><a name="[74]"></a>screen1_back_pool_button_Click</STRONG> (Thumb, 24 bytes, Stack size 8 bytes, uiappuser.o(.text))
<BR><BR>[Stack]<UL><LI>Max Depth = 160<LI>Call Chain = screen1_back_pool_button_Click &rArr; Show_param_screen &rArr; GL_DisplayAdjStringLine &rArr; GL_LCD_DisplayChar &rArr; GL_LCD_DrawChar &rArr; LCD_PutPixel &rArr; SSD1963_PutPixel &rArr; LCD_SetArea
</UL>
<BR>[Calls]<UL><LI><a href="#[ed]">&gt;&gt;</a>&nbsp;&nbsp;&nbsp;GL_Clear
<LI><a href="#[12f]">&gt;&gt;</a>&nbsp;&nbsp;&nbsp;Show_param_screen
<LI><a href="#[129]">&gt;&gt;</a>&nbsp;&nbsp;&nbsp;DestroyPage
<LI><a href="#[12e]">&gt;&gt;</a>&nbsp;&nbsp;&nbsp;Create_param_screen
</UL>
<BR>[Address Reference Count : 1]<UL><LI> uiframework.o(.text)
</UL>
<P><STRONG><a name="[6a]"></a>screen1_pro_button_Click</STRONG> (Thumb, 24 bytes, Stack size 8 bytes, uiappuser.o(.text))
<BR><BR>[Stack]<UL><LI>Max Depth = 160<LI>Call Chain = screen1_pro_button_Click &rArr; Show_probeType_screen &rArr; GL_DisplayAdjStringLine &rArr; GL_LCD_DisplayChar &rArr; GL_LCD_DrawChar &rArr; LCD_PutPixel &rArr; SSD1963_PutPixel &rArr; LCD_SetArea
</UL>
<BR>[Calls]<UL><LI><a href="#[ed]">&gt;&gt;</a>&nbsp;&nbsp;&nbsp;GL_Clear
<LI><a href="#[131]">&gt;&gt;</a>&nbsp;&nbsp;&nbsp;Show_probeType_screen
<LI><a href="#[129]">&gt;&gt;</a>&nbsp;&nbsp;&nbsp;DestroyPage
<LI><a href="#[130]">&gt;&gt;</a>&nbsp;&nbsp;&nbsp;Create_probeType_screen
</UL>
<BR>[Address Reference Count : 1]<UL><LI> uiframework.o(.text)
</UL>
<P><STRONG><a name="[132]"></a>back_to_setting_back_dos_button_Click</STRONG> (Thumb, 24 bytes, Stack size 8 bytes, uiappuser.o(.text), UNUSED)
<BR><BR>[Calls]<UL><LI><a href="#[ed]">&gt;&gt;</a>&nbsp;&nbsp;&nbsp;GL_Clear
<LI><a href="#[12d]">&gt;&gt;</a>&nbsp;&nbsp;&nbsp;Show_setting_screen
<LI><a href="#[129]">&gt;&gt;</a>&nbsp;&nbsp;&nbsp;DestroyPage
<LI><a href="#[12c]">&gt;&gt;</a>&nbsp;&nbsp;&nbsp;Create_setting_screen
</UL>

<P><STRONG><a name="[6b]"></a>back_to_home_screen_back_button_Click</STRONG> (Thumb, 24 bytes, Stack size 8 bytes, uiappuser.o(.text))
<BR><BR>[Stack]<UL><LI>Max Depth = 160<LI>Call Chain = back_to_home_screen_back_button_Click &rArr; Show_home_screen &rArr; GL_DisplayAdjStringLine &rArr; GL_LCD_DisplayChar &rArr; GL_LCD_DrawChar &rArr; LCD_PutPixel &rArr; SSD1963_PutPixel &rArr; LCD_SetArea
</UL>
<BR>[Calls]<UL><LI><a href="#[ed]">&gt;&gt;</a>&nbsp;&nbsp;&nbsp;GL_Clear
<LI><a href="#[134]">&gt;&gt;</a>&nbsp;&nbsp;&nbsp;Show_home_screen
<LI><a href="#[129]">&gt;&gt;</a>&nbsp;&nbsp;&nbsp;DestroyPage
<LI><a href="#[133]">&gt;&gt;</a>&nbsp;&nbsp;&nbsp;Create_home_screen
</UL>
<BR>[Address Reference Count : 1]<UL><LI> uiframework.o(.text)
</UL>
<P><STRONG><a name="[78]"></a>screen1_back_ph_button_Click</STRONG> (Thumb, 24 bytes, Stack size 8 bytes, uiappuser.o(.text))
<BR><BR>[Stack]<UL><LI>Max Depth = 160<LI>Call Chain = screen1_back_ph_button_Click &rArr; Show_param_screen &rArr; GL_DisplayAdjStringLine &rArr; GL_LCD_DisplayChar &rArr; GL_LCD_DrawChar &rArr; LCD_PutPixel &rArr; SSD1963_PutPixel &rArr; LCD_SetArea
</UL>
<BR>[Calls]<UL><LI><a href="#[ed]">&gt;&gt;</a>&nbsp;&nbsp;&nbsp;GL_Clear
<LI><a href="#[12f]">&gt;&gt;</a>&nbsp;&nbsp;&nbsp;Show_param_screen
<LI><a href="#[129]">&gt;&gt;</a>&nbsp;&nbsp;&nbsp;DestroyPage
<LI><a href="#[12e]">&gt;&gt;</a>&nbsp;&nbsp;&nbsp;Create_param_screen
</UL>
<BR>[Address Reference Count : 1]<UL><LI> uiframework.o(.text)
</UL>
<P><STRONG><a name="[77]"></a>back_to_home_screen_ph_back_button_Click</STRONG> (Thumb, 24 bytes, Stack size 8 bytes, uiappuser.o(.text))
<BR><BR>[Stack]<UL><LI>Max Depth = 160<LI>Call Chain = back_to_home_screen_ph_back_button_Click &rArr; Show_home_screen &rArr; GL_DisplayAdjStringLine &rArr; GL_LCD_DisplayChar &rArr; GL_LCD_DrawChar &rArr; LCD_PutPixel &rArr; SSD1963_PutPixel &rArr; LCD_SetArea
</UL>
<BR>[Calls]<UL><LI><a href="#[ed]">&gt;&gt;</a>&nbsp;&nbsp;&nbsp;GL_Clear
<LI><a href="#[134]">&gt;&gt;</a>&nbsp;&nbsp;&nbsp;Show_home_screen
<LI><a href="#[129]">&gt;&gt;</a>&nbsp;&nbsp;&nbsp;DestroyPage
<LI><a href="#[133]">&gt;&gt;</a>&nbsp;&nbsp;&nbsp;Create_home_screen
</UL>
<BR>[Address Reference Count : 1]<UL><LI> uiframework.o(.text)
</UL>
<P><STRONG><a name="[70]"></a>screen1_ph_button_Click</STRONG> (Thumb, 24 bytes, Stack size 8 bytes, uiappuser.o(.text))
<BR><BR>[Stack]<UL><LI>Max Depth = 160<LI>Call Chain = screen1_ph_button_Click &rArr; Show_ph_param_screen &rArr; GL_DisplayAdjStringLine &rArr; GL_LCD_DisplayChar &rArr; GL_LCD_DrawChar &rArr; LCD_PutPixel &rArr; SSD1963_PutPixel &rArr; LCD_SetArea
</UL>
<BR>[Calls]<UL><LI><a href="#[ed]">&gt;&gt;</a>&nbsp;&nbsp;&nbsp;GL_Clear
<LI><a href="#[136]">&gt;&gt;</a>&nbsp;&nbsp;&nbsp;Show_ph_param_screen
<LI><a href="#[129]">&gt;&gt;</a>&nbsp;&nbsp;&nbsp;DestroyPage
<LI><a href="#[135]">&gt;&gt;</a>&nbsp;&nbsp;&nbsp;Create_ph_param_screen
</UL>
<BR>[Address Reference Count : 1]<UL><LI> uiframework.o(.text)
</UL>
<P><STRONG><a name="[6c]"></a>back_to_home_screen_back_button_dos_Click</STRONG> (Thumb, 24 bytes, Stack size 8 bytes, uiappuser.o(.text))
<BR><BR>[Stack]<UL><LI>Max Depth = 160<LI>Call Chain = back_to_home_screen_back_button_dos_Click &rArr; Show_home_screen &rArr; GL_DisplayAdjStringLine &rArr; GL_LCD_DisplayChar &rArr; GL_LCD_DrawChar &rArr; LCD_PutPixel &rArr; SSD1963_PutPixel &rArr; LCD_SetArea
</UL>
<BR>[Calls]<UL><LI><a href="#[ed]">&gt;&gt;</a>&nbsp;&nbsp;&nbsp;GL_Clear
<LI><a href="#[134]">&gt;&gt;</a>&nbsp;&nbsp;&nbsp;Show_home_screen
<LI><a href="#[129]">&gt;&gt;</a>&nbsp;&nbsp;&nbsp;DestroyPage
<LI><a href="#[133]">&gt;&gt;</a>&nbsp;&nbsp;&nbsp;Create_home_screen
</UL>
<BR>[Address Reference Count : 1]<UL><LI> uiframework.o(.text)
</UL>
<P><STRONG><a name="[68]"></a>screen1_param_button_Click</STRONG> (Thumb, 24 bytes, Stack size 8 bytes, uiappuser.o(.text))
<BR><BR>[Stack]<UL><LI>Max Depth = 160<LI>Call Chain = screen1_param_button_Click &rArr; Show_param_screen &rArr; GL_DisplayAdjStringLine &rArr; GL_LCD_DisplayChar &rArr; GL_LCD_DrawChar &rArr; LCD_PutPixel &rArr; SSD1963_PutPixel &rArr; LCD_SetArea
</UL>
<BR>[Calls]<UL><LI><a href="#[ed]">&gt;&gt;</a>&nbsp;&nbsp;&nbsp;GL_Clear
<LI><a href="#[12f]">&gt;&gt;</a>&nbsp;&nbsp;&nbsp;Show_param_screen
<LI><a href="#[129]">&gt;&gt;</a>&nbsp;&nbsp;&nbsp;DestroyPage
<LI><a href="#[12e]">&gt;&gt;</a>&nbsp;&nbsp;&nbsp;Create_param_screen
</UL>
<BR>[Address Reference Count : 1]<UL><LI> uiframework.o(.text)
</UL>
<P><STRONG><a name="[71]"></a>back_to_home_screen_back_button_param_Click</STRONG> (Thumb, 24 bytes, Stack size 8 bytes, uiappuser.o(.text))
<BR><BR>[Stack]<UL><LI>Max Depth = 160<LI>Call Chain = back_to_home_screen_back_button_param_Click &rArr; Show_home_screen &rArr; GL_DisplayAdjStringLine &rArr; GL_LCD_DisplayChar &rArr; GL_LCD_DrawChar &rArr; LCD_PutPixel &rArr; SSD1963_PutPixel &rArr; LCD_SetArea
</UL>
<BR>[Calls]<UL><LI><a href="#[ed]">&gt;&gt;</a>&nbsp;&nbsp;&nbsp;GL_Clear
<LI><a href="#[134]">&gt;&gt;</a>&nbsp;&nbsp;&nbsp;Show_home_screen
<LI><a href="#[129]">&gt;&gt;</a>&nbsp;&nbsp;&nbsp;DestroyPage
<LI><a href="#[133]">&gt;&gt;</a>&nbsp;&nbsp;&nbsp;Create_home_screen
</UL>
<BR>[Address Reference Count : 1]<UL><LI> uiframework.o(.text)
</UL>
<P><STRONG><a name="[6e]"></a>screen1_pool_button_Click</STRONG> (Thumb, 24 bytes, Stack size 8 bytes, uiappuser.o(.text))
<BR><BR>[Stack]<UL><LI>Max Depth = 160<LI>Call Chain = screen1_pool_button_Click &rArr; Show_pool_param_screen &rArr; GL_DisplayAdjStringLine &rArr; GL_LCD_DisplayChar &rArr; GL_LCD_DrawChar &rArr; LCD_PutPixel &rArr; SSD1963_PutPixel &rArr; LCD_SetArea
</UL>
<BR>[Calls]<UL><LI><a href="#[ed]">&gt;&gt;</a>&nbsp;&nbsp;&nbsp;GL_Clear
<LI><a href="#[138]">&gt;&gt;</a>&nbsp;&nbsp;&nbsp;Show_pool_param_screen
<LI><a href="#[129]">&gt;&gt;</a>&nbsp;&nbsp;&nbsp;DestroyPage
<LI><a href="#[137]">&gt;&gt;</a>&nbsp;&nbsp;&nbsp;Create_pool_param_screen
</UL>
<BR>[Address Reference Count : 1]<UL><LI> uiframework.o(.text)
</UL>
<P><STRONG><a name="[73]"></a>back_to_home_screen_pool_back_button_Click</STRONG> (Thumb, 24 bytes, Stack size 8 bytes, uiappuser.o(.text))
<BR><BR>[Stack]<UL><LI>Max Depth = 160<LI>Call Chain = back_to_home_screen_pool_back_button_Click &rArr; Show_home_screen &rArr; GL_DisplayAdjStringLine &rArr; GL_LCD_DisplayChar &rArr; GL_LCD_DrawChar &rArr; LCD_PutPixel &rArr; SSD1963_PutPixel &rArr; LCD_SetArea
</UL>
<BR>[Calls]<UL><LI><a href="#[ed]">&gt;&gt;</a>&nbsp;&nbsp;&nbsp;GL_Clear
<LI><a href="#[134]">&gt;&gt;</a>&nbsp;&nbsp;&nbsp;Show_home_screen
<LI><a href="#[129]">&gt;&gt;</a>&nbsp;&nbsp;&nbsp;DestroyPage
<LI><a href="#[133]">&gt;&gt;</a>&nbsp;&nbsp;&nbsp;Create_home_screen
</UL>
<BR>[Address Reference Count : 1]<UL><LI> uiframework.o(.text)
</UL>
<P><STRONG><a name="[75]"></a>back_to_home_screen_water_back_button_Click</STRONG> (Thumb, 24 bytes, Stack size 8 bytes, uiappuser.o(.text))
<BR><BR>[Stack]<UL><LI>Max Depth = 160<LI>Call Chain = back_to_home_screen_water_back_button_Click &rArr; Show_home_screen &rArr; GL_DisplayAdjStringLine &rArr; GL_LCD_DisplayChar &rArr; GL_LCD_DrawChar &rArr; LCD_PutPixel &rArr; SSD1963_PutPixel &rArr; LCD_SetArea
</UL>
<BR>[Calls]<UL><LI><a href="#[ed]">&gt;&gt;</a>&nbsp;&nbsp;&nbsp;GL_Clear
<LI><a href="#[134]">&gt;&gt;</a>&nbsp;&nbsp;&nbsp;Show_home_screen
<LI><a href="#[129]">&gt;&gt;</a>&nbsp;&nbsp;&nbsp;DestroyPage
<LI><a href="#[133]">&gt;&gt;</a>&nbsp;&nbsp;&nbsp;Create_home_screen
</UL>
<BR>[Address Reference Count : 1]<UL><LI> uiframework.o(.text)
</UL>
<P><STRONG><a name="[76]"></a>screen1_back_water_button_Click</STRONG> (Thumb, 24 bytes, Stack size 8 bytes, uiappuser.o(.text))
<BR><BR>[Stack]<UL><LI>Max Depth = 160<LI>Call Chain = screen1_back_water_button_Click &rArr; Show_param_screen &rArr; GL_DisplayAdjStringLine &rArr; GL_LCD_DisplayChar &rArr; GL_LCD_DrawChar &rArr; LCD_PutPixel &rArr; SSD1963_PutPixel &rArr; LCD_SetArea
</UL>
<BR>[Calls]<UL><LI><a href="#[ed]">&gt;&gt;</a>&nbsp;&nbsp;&nbsp;GL_Clear
<LI><a href="#[12f]">&gt;&gt;</a>&nbsp;&nbsp;&nbsp;Show_param_screen
<LI><a href="#[129]">&gt;&gt;</a>&nbsp;&nbsp;&nbsp;DestroyPage
<LI><a href="#[12e]">&gt;&gt;</a>&nbsp;&nbsp;&nbsp;Create_param_screen
</UL>
<BR>[Address Reference Count : 1]<UL><LI> uiframework.o(.text)
</UL>
<P><STRONG><a name="[6f]"></a>screen1_water_button_Click</STRONG> (Thumb, 24 bytes, Stack size 8 bytes, uiappuser.o(.text))
<BR><BR>[Stack]<UL><LI>Max Depth = 176<LI>Call Chain = screen1_water_button_Click &rArr; Create_water_param_screen &rArr; AddPageControlObj &rArr;  AddPageControlObj (Cycle)
</UL>
<BR>[Calls]<UL><LI><a href="#[ed]">&gt;&gt;</a>&nbsp;&nbsp;&nbsp;GL_Clear
<LI><a href="#[13a]">&gt;&gt;</a>&nbsp;&nbsp;&nbsp;Show_water_param_screen
<LI><a href="#[129]">&gt;&gt;</a>&nbsp;&nbsp;&nbsp;DestroyPage
<LI><a href="#[139]">&gt;&gt;</a>&nbsp;&nbsp;&nbsp;Create_water_param_screen
</UL>
<BR>[Address Reference Count : 1]<UL><LI> uiframework.o(.text)
</UL>
<P><STRONG><a name="[3c6]"></a>screen1_cb1_CheckChanged</STRONG> (Thumb, 2 bytes, Stack size 0 bytes, uiappuser.o(.text), UNUSED)

<P><STRONG><a name="[133]"></a>Create_home_screen</STRONG> (Thumb, 128 bytes, Stack size 24 bytes, uiframework.o(.text))
<BR><BR>[Stack]<UL><LI>Max Depth = 128<LI>Call Chain = Create_home_screen &rArr; AddPageControlObj &rArr;  AddPageControlObj (Cycle)
</UL>
<BR>[Calls]<UL><LI><a href="#[13b]">&gt;&gt;</a>&nbsp;&nbsp;&nbsp;NewLabel
<LI><a href="#[13c]">&gt;&gt;</a>&nbsp;&nbsp;&nbsp;NewButton
<LI><a href="#[13d]">&gt;&gt;</a>&nbsp;&nbsp;&nbsp;Create_PageObj
<LI><a href="#[13e]">&gt;&gt;</a>&nbsp;&nbsp;&nbsp;AddPageControlObj
</UL>
<BR>[Called By]<UL><LI><a href="#[ee]">&gt;&gt;</a>&nbsp;&nbsp;&nbsp;Show_HomeScreen
<LI><a href="#[75]">&gt;&gt;</a>&nbsp;&nbsp;&nbsp;back_to_home_screen_water_back_button_Click
<LI><a href="#[73]">&gt;&gt;</a>&nbsp;&nbsp;&nbsp;back_to_home_screen_pool_back_button_Click
<LI><a href="#[71]">&gt;&gt;</a>&nbsp;&nbsp;&nbsp;back_to_home_screen_back_button_param_Click
<LI><a href="#[6c]">&gt;&gt;</a>&nbsp;&nbsp;&nbsp;back_to_home_screen_back_button_dos_Click
<LI><a href="#[77]">&gt;&gt;</a>&nbsp;&nbsp;&nbsp;back_to_home_screen_ph_back_button_Click
<LI><a href="#[6b]">&gt;&gt;</a>&nbsp;&nbsp;&nbsp;back_to_home_screen_back_button_Click
</UL>

<P><STRONG><a name="[134]"></a>Show_home_screen</STRONG> (Thumb, 156 bytes, Stack size 8 bytes, uiframework.o(.text))
<BR><BR>[Stack]<UL><LI>Max Depth = 152<LI>Call Chain = Show_home_screen &rArr; GL_DisplayAdjStringLine &rArr; GL_LCD_DisplayChar &rArr; GL_LCD_DrawChar &rArr; LCD_PutPixel &rArr; SSD1963_PutPixel &rArr; LCD_SetArea
</UL>
<BR>[Calls]<UL><LI><a href="#[d5]">&gt;&gt;</a>&nbsp;&nbsp;&nbsp;LCD_DrawFullRect
<LI><a href="#[eb]">&gt;&gt;</a>&nbsp;&nbsp;&nbsp;GL_SetTextColor
<LI><a href="#[d6]">&gt;&gt;</a>&nbsp;&nbsp;&nbsp;GL_DisplayAdjStringLine
<LI><a href="#[ed]">&gt;&gt;</a>&nbsp;&nbsp;&nbsp;GL_Clear
<LI><a href="#[13f]">&gt;&gt;</a>&nbsp;&nbsp;&nbsp;LCD_SetFont
</UL>
<BR>[Called By]<UL><LI><a href="#[ee]">&gt;&gt;</a>&nbsp;&nbsp;&nbsp;Show_HomeScreen
<LI><a href="#[75]">&gt;&gt;</a>&nbsp;&nbsp;&nbsp;back_to_home_screen_water_back_button_Click
<LI><a href="#[73]">&gt;&gt;</a>&nbsp;&nbsp;&nbsp;back_to_home_screen_pool_back_button_Click
<LI><a href="#[71]">&gt;&gt;</a>&nbsp;&nbsp;&nbsp;back_to_home_screen_back_button_param_Click
<LI><a href="#[6c]">&gt;&gt;</a>&nbsp;&nbsp;&nbsp;back_to_home_screen_back_button_dos_Click
<LI><a href="#[77]">&gt;&gt;</a>&nbsp;&nbsp;&nbsp;back_to_home_screen_ph_back_button_Click
<LI><a href="#[6b]">&gt;&gt;</a>&nbsp;&nbsp;&nbsp;back_to_home_screen_back_button_Click
</UL>

<P><STRONG><a name="[12c]"></a>Create_setting_screen</STRONG> (Thumb, 164 bytes, Stack size 32 bytes, uiframework.o(.text))
<BR><BR>[Stack]<UL><LI>Max Depth = 136<LI>Call Chain = Create_setting_screen &rArr; AddPageControlObj &rArr;  AddPageControlObj (Cycle)
</UL>
<BR>[Calls]<UL><LI><a href="#[13c]">&gt;&gt;</a>&nbsp;&nbsp;&nbsp;NewButton
<LI><a href="#[13d]">&gt;&gt;</a>&nbsp;&nbsp;&nbsp;Create_PageObj
<LI><a href="#[13e]">&gt;&gt;</a>&nbsp;&nbsp;&nbsp;AddPageControlObj
</UL>
<BR>[Called By]<UL><LI><a href="#[72]">&gt;&gt;</a>&nbsp;&nbsp;&nbsp;screen1_back_param_button_Click
<LI><a href="#[6d]">&gt;&gt;</a>&nbsp;&nbsp;&nbsp;screen1_back_dos_button_Click
<LI><a href="#[67]">&gt;&gt;</a>&nbsp;&nbsp;&nbsp;screen1_DesignButton01_Click
<LI><a href="#[132]">&gt;&gt;</a>&nbsp;&nbsp;&nbsp;back_to_setting_back_dos_button_Click
</UL>

<P><STRONG><a name="[12d]"></a>Show_setting_screen</STRONG> (Thumb, 256 bytes, Stack size 8 bytes, uiframework.o(.text))
<BR><BR>[Stack]<UL><LI>Max Depth = 152<LI>Call Chain = Show_setting_screen &rArr; GL_DisplayAdjStringLine &rArr; GL_LCD_DisplayChar &rArr; GL_LCD_DrawChar &rArr; LCD_PutPixel &rArr; SSD1963_PutPixel &rArr; LCD_SetArea
</UL>
<BR>[Calls]<UL><LI><a href="#[d5]">&gt;&gt;</a>&nbsp;&nbsp;&nbsp;LCD_DrawFullRect
<LI><a href="#[eb]">&gt;&gt;</a>&nbsp;&nbsp;&nbsp;GL_SetTextColor
<LI><a href="#[d6]">&gt;&gt;</a>&nbsp;&nbsp;&nbsp;GL_DisplayAdjStringLine
<LI><a href="#[ed]">&gt;&gt;</a>&nbsp;&nbsp;&nbsp;GL_Clear
<LI><a href="#[13f]">&gt;&gt;</a>&nbsp;&nbsp;&nbsp;LCD_SetFont
<LI><a href="#[140]">&gt;&gt;</a>&nbsp;&nbsp;&nbsp;LCD_DrawRect
</UL>
<BR>[Called By]<UL><LI><a href="#[72]">&gt;&gt;</a>&nbsp;&nbsp;&nbsp;screen1_back_param_button_Click
<LI><a href="#[6d]">&gt;&gt;</a>&nbsp;&nbsp;&nbsp;screen1_back_dos_button_Click
<LI><a href="#[67]">&gt;&gt;</a>&nbsp;&nbsp;&nbsp;screen1_DesignButton01_Click
<LI><a href="#[132]">&gt;&gt;</a>&nbsp;&nbsp;&nbsp;back_to_setting_back_dos_button_Click
</UL>

<P><STRONG><a name="[12a]"></a>Create_dosingTest_screen</STRONG> (Thumb, 60 bytes, Stack size 16 bytes, uiframework.o(.text))
<BR><BR>[Stack]<UL><LI>Max Depth = 120<LI>Call Chain = Create_dosingTest_screen &rArr; AddPageControlObj &rArr;  AddPageControlObj (Cycle)
</UL>
<BR>[Calls]<UL><LI><a href="#[13c]">&gt;&gt;</a>&nbsp;&nbsp;&nbsp;NewButton
<LI><a href="#[13d]">&gt;&gt;</a>&nbsp;&nbsp;&nbsp;Create_PageObj
<LI><a href="#[13e]">&gt;&gt;</a>&nbsp;&nbsp;&nbsp;AddPageControlObj
</UL>
<BR>[Called By]<UL><LI><a href="#[69]">&gt;&gt;</a>&nbsp;&nbsp;&nbsp;screen_dos_button_Click
</UL>

<P><STRONG><a name="[12b]"></a>Show_dosingTest_screen</STRONG> (Thumb, 568 bytes, Stack size 8 bytes, uiframework.o(.text))
<BR><BR>[Stack]<UL><LI>Max Depth = 152<LI>Call Chain = Show_dosingTest_screen &rArr; GL_DisplayAdjStringLine &rArr; GL_LCD_DisplayChar &rArr; GL_LCD_DrawChar &rArr; LCD_PutPixel &rArr; SSD1963_PutPixel &rArr; LCD_SetArea
</UL>
<BR>[Calls]<UL><LI><a href="#[d5]">&gt;&gt;</a>&nbsp;&nbsp;&nbsp;LCD_DrawFullRect
<LI><a href="#[eb]">&gt;&gt;</a>&nbsp;&nbsp;&nbsp;GL_SetTextColor
<LI><a href="#[d6]">&gt;&gt;</a>&nbsp;&nbsp;&nbsp;GL_DisplayAdjStringLine
<LI><a href="#[ed]">&gt;&gt;</a>&nbsp;&nbsp;&nbsp;GL_Clear
<LI><a href="#[13f]">&gt;&gt;</a>&nbsp;&nbsp;&nbsp;LCD_SetFont
<LI><a href="#[140]">&gt;&gt;</a>&nbsp;&nbsp;&nbsp;LCD_DrawRect
</UL>
<BR>[Called By]<UL><LI><a href="#[69]">&gt;&gt;</a>&nbsp;&nbsp;&nbsp;screen_dos_button_Click
</UL>

<P><STRONG><a name="[12e]"></a>Create_param_screen</STRONG> (Thumb, 176 bytes, Stack size 32 bytes, uiframework.o(.text))
<BR><BR>[Stack]<UL><LI>Max Depth = 136<LI>Call Chain = Create_param_screen &rArr; AddPageControlObj &rArr;  AddPageControlObj (Cycle)
</UL>
<BR>[Calls]<UL><LI><a href="#[13c]">&gt;&gt;</a>&nbsp;&nbsp;&nbsp;NewButton
<LI><a href="#[13d]">&gt;&gt;</a>&nbsp;&nbsp;&nbsp;Create_PageObj
<LI><a href="#[13e]">&gt;&gt;</a>&nbsp;&nbsp;&nbsp;AddPageControlObj
</UL>
<BR>[Called By]<UL><LI><a href="#[76]">&gt;&gt;</a>&nbsp;&nbsp;&nbsp;screen1_back_water_button_Click
<LI><a href="#[68]">&gt;&gt;</a>&nbsp;&nbsp;&nbsp;screen1_param_button_Click
<LI><a href="#[78]">&gt;&gt;</a>&nbsp;&nbsp;&nbsp;screen1_back_ph_button_Click
<LI><a href="#[74]">&gt;&gt;</a>&nbsp;&nbsp;&nbsp;screen1_back_pool_button_Click
</UL>

<P><STRONG><a name="[12f]"></a>Show_param_screen</STRONG> (Thumb, 250 bytes, Stack size 8 bytes, uiframework.o(.text))
<BR><BR>[Stack]<UL><LI>Max Depth = 152<LI>Call Chain = Show_param_screen &rArr; GL_DisplayAdjStringLine &rArr; GL_LCD_DisplayChar &rArr; GL_LCD_DrawChar &rArr; LCD_PutPixel &rArr; SSD1963_PutPixel &rArr; LCD_SetArea
</UL>
<BR>[Calls]<UL><LI><a href="#[d5]">&gt;&gt;</a>&nbsp;&nbsp;&nbsp;LCD_DrawFullRect
<LI><a href="#[eb]">&gt;&gt;</a>&nbsp;&nbsp;&nbsp;GL_SetTextColor
<LI><a href="#[d6]">&gt;&gt;</a>&nbsp;&nbsp;&nbsp;GL_DisplayAdjStringLine
<LI><a href="#[ed]">&gt;&gt;</a>&nbsp;&nbsp;&nbsp;GL_Clear
<LI><a href="#[13f]">&gt;&gt;</a>&nbsp;&nbsp;&nbsp;LCD_SetFont
<LI><a href="#[140]">&gt;&gt;</a>&nbsp;&nbsp;&nbsp;LCD_DrawRect
</UL>
<BR>[Called By]<UL><LI><a href="#[76]">&gt;&gt;</a>&nbsp;&nbsp;&nbsp;screen1_back_water_button_Click
<LI><a href="#[68]">&gt;&gt;</a>&nbsp;&nbsp;&nbsp;screen1_param_button_Click
<LI><a href="#[78]">&gt;&gt;</a>&nbsp;&nbsp;&nbsp;screen1_back_ph_button_Click
<LI><a href="#[74]">&gt;&gt;</a>&nbsp;&nbsp;&nbsp;screen1_back_pool_button_Click
</UL>

<P><STRONG><a name="[137]"></a>Create_pool_param_screen</STRONG> (Thumb, 64 bytes, Stack size 16 bytes, uiframework.o(.text))
<BR><BR>[Stack]<UL><LI>Max Depth = 120<LI>Call Chain = Create_pool_param_screen &rArr; AddPageControlObj &rArr;  AddPageControlObj (Cycle)
</UL>
<BR>[Calls]<UL><LI><a href="#[13c]">&gt;&gt;</a>&nbsp;&nbsp;&nbsp;NewButton
<LI><a href="#[13d]">&gt;&gt;</a>&nbsp;&nbsp;&nbsp;Create_PageObj
<LI><a href="#[13e]">&gt;&gt;</a>&nbsp;&nbsp;&nbsp;AddPageControlObj
</UL>
<BR>[Called By]<UL><LI><a href="#[6e]">&gt;&gt;</a>&nbsp;&nbsp;&nbsp;screen1_pool_button_Click
</UL>

<P><STRONG><a name="[138]"></a>Show_pool_param_screen</STRONG> (Thumb, 276 bytes, Stack size 8 bytes, uiframework.o(.text))
<BR><BR>[Stack]<UL><LI>Max Depth = 152<LI>Call Chain = Show_pool_param_screen &rArr; GL_DisplayAdjStringLine &rArr; GL_LCD_DisplayChar &rArr; GL_LCD_DrawChar &rArr; LCD_PutPixel &rArr; SSD1963_PutPixel &rArr; LCD_SetArea
</UL>
<BR>[Calls]<UL><LI><a href="#[d5]">&gt;&gt;</a>&nbsp;&nbsp;&nbsp;LCD_DrawFullRect
<LI><a href="#[eb]">&gt;&gt;</a>&nbsp;&nbsp;&nbsp;GL_SetTextColor
<LI><a href="#[d6]">&gt;&gt;</a>&nbsp;&nbsp;&nbsp;GL_DisplayAdjStringLine
<LI><a href="#[ed]">&gt;&gt;</a>&nbsp;&nbsp;&nbsp;GL_Clear
<LI><a href="#[13f]">&gt;&gt;</a>&nbsp;&nbsp;&nbsp;LCD_SetFont
<LI><a href="#[140]">&gt;&gt;</a>&nbsp;&nbsp;&nbsp;LCD_DrawRect
</UL>
<BR>[Called By]<UL><LI><a href="#[6e]">&gt;&gt;</a>&nbsp;&nbsp;&nbsp;screen1_pool_button_Click
</UL>

<P><STRONG><a name="[139]"></a>Create_water_param_screen</STRONG> (Thumb, 474 bytes, Stack size 64 bytes, uiframework.o(.text))
<BR><BR>[Stack]<UL><LI>Max Depth = 168<LI>Call Chain = Create_water_param_screen &rArr; AddPageControlObj &rArr;  AddPageControlObj (Cycle)
</UL>
<BR>[Calls]<UL><LI><a href="#[141]">&gt;&gt;</a>&nbsp;&nbsp;&nbsp;NewRadioButtonGrp
<LI><a href="#[13c]">&gt;&gt;</a>&nbsp;&nbsp;&nbsp;NewButton
<LI><a href="#[13d]">&gt;&gt;</a>&nbsp;&nbsp;&nbsp;Create_PageObj
<LI><a href="#[13e]">&gt;&gt;</a>&nbsp;&nbsp;&nbsp;AddPageControlObj
</UL>
<BR>[Called By]<UL><LI><a href="#[6f]">&gt;&gt;</a>&nbsp;&nbsp;&nbsp;screen1_water_button_Click
</UL>

<P><STRONG><a name="[13a]"></a>Show_water_param_screen</STRONG> (Thumb, 370 bytes, Stack size 8 bytes, uiframework.o(.text))
<BR><BR>[Stack]<UL><LI>Max Depth = 152<LI>Call Chain = Show_water_param_screen &rArr; GL_DisplayAdjStringLine &rArr; GL_LCD_DisplayChar &rArr; GL_LCD_DrawChar &rArr; LCD_PutPixel &rArr; SSD1963_PutPixel &rArr; LCD_SetArea
</UL>
<BR>[Calls]<UL><LI><a href="#[d5]">&gt;&gt;</a>&nbsp;&nbsp;&nbsp;LCD_DrawFullRect
<LI><a href="#[eb]">&gt;&gt;</a>&nbsp;&nbsp;&nbsp;GL_SetTextColor
<LI><a href="#[d6]">&gt;&gt;</a>&nbsp;&nbsp;&nbsp;GL_DisplayAdjStringLine
<LI><a href="#[ed]">&gt;&gt;</a>&nbsp;&nbsp;&nbsp;GL_Clear
<LI><a href="#[13f]">&gt;&gt;</a>&nbsp;&nbsp;&nbsp;LCD_SetFont
<LI><a href="#[140]">&gt;&gt;</a>&nbsp;&nbsp;&nbsp;LCD_DrawRect
</UL>
<BR>[Called By]<UL><LI><a href="#[6f]">&gt;&gt;</a>&nbsp;&nbsp;&nbsp;screen1_water_button_Click
</UL>

<P><STRONG><a name="[135]"></a>Create_ph_param_screen</STRONG> (Thumb, 64 bytes, Stack size 16 bytes, uiframework.o(.text))
<BR><BR>[Stack]<UL><LI>Max Depth = 120<LI>Call Chain = Create_ph_param_screen &rArr; AddPageControlObj &rArr;  AddPageControlObj (Cycle)
</UL>
<BR>[Calls]<UL><LI><a href="#[13c]">&gt;&gt;</a>&nbsp;&nbsp;&nbsp;NewButton
<LI><a href="#[13d]">&gt;&gt;</a>&nbsp;&nbsp;&nbsp;Create_PageObj
<LI><a href="#[13e]">&gt;&gt;</a>&nbsp;&nbsp;&nbsp;AddPageControlObj
</UL>
<BR>[Called By]<UL><LI><a href="#[70]">&gt;&gt;</a>&nbsp;&nbsp;&nbsp;screen1_ph_button_Click
</UL>

<P><STRONG><a name="[136]"></a>Show_ph_param_screen</STRONG> (Thumb, 278 bytes, Stack size 8 bytes, uiframework.o(.text))
<BR><BR>[Stack]<UL><LI>Max Depth = 152<LI>Call Chain = Show_ph_param_screen &rArr; GL_DisplayAdjStringLine &rArr; GL_LCD_DisplayChar &rArr; GL_LCD_DrawChar &rArr; LCD_PutPixel &rArr; SSD1963_PutPixel &rArr; LCD_SetArea
</UL>
<BR>[Calls]<UL><LI><a href="#[d5]">&gt;&gt;</a>&nbsp;&nbsp;&nbsp;LCD_DrawFullRect
<LI><a href="#[eb]">&gt;&gt;</a>&nbsp;&nbsp;&nbsp;GL_SetTextColor
<LI><a href="#[d6]">&gt;&gt;</a>&nbsp;&nbsp;&nbsp;GL_DisplayAdjStringLine
<LI><a href="#[ed]">&gt;&gt;</a>&nbsp;&nbsp;&nbsp;GL_Clear
<LI><a href="#[13f]">&gt;&gt;</a>&nbsp;&nbsp;&nbsp;LCD_SetFont
<LI><a href="#[140]">&gt;&gt;</a>&nbsp;&nbsp;&nbsp;LCD_DrawRect
</UL>
<BR>[Called By]<UL><LI><a href="#[70]">&gt;&gt;</a>&nbsp;&nbsp;&nbsp;screen1_ph_button_Click
</UL>

<P><STRONG><a name="[130]"></a>Create_probeType_screen</STRONG> (Thumb, 148 bytes, Stack size 32 bytes, uiframework.o(.text))
<BR><BR>[Stack]<UL><LI>Max Depth = 136<LI>Call Chain = Create_probeType_screen &rArr; AddPageControlObj &rArr;  AddPageControlObj (Cycle)
</UL>
<BR>[Calls]<UL><LI><a href="#[141]">&gt;&gt;</a>&nbsp;&nbsp;&nbsp;NewRadioButtonGrp
<LI><a href="#[13c]">&gt;&gt;</a>&nbsp;&nbsp;&nbsp;NewButton
<LI><a href="#[13d]">&gt;&gt;</a>&nbsp;&nbsp;&nbsp;Create_PageObj
<LI><a href="#[13e]">&gt;&gt;</a>&nbsp;&nbsp;&nbsp;AddPageControlObj
</UL>
<BR>[Called By]<UL><LI><a href="#[6a]">&gt;&gt;</a>&nbsp;&nbsp;&nbsp;screen1_pro_button_Click
</UL>

<P><STRONG><a name="[131]"></a>Show_probeType_screen</STRONG> (Thumb, 336 bytes, Stack size 8 bytes, uiframework.o(.text))
<BR><BR>[Stack]<UL><LI>Max Depth = 152<LI>Call Chain = Show_probeType_screen &rArr; GL_DisplayAdjStringLine &rArr; GL_LCD_DisplayChar &rArr; GL_LCD_DrawChar &rArr; LCD_PutPixel &rArr; SSD1963_PutPixel &rArr; LCD_SetArea
</UL>
<BR>[Calls]<UL><LI><a href="#[d5]">&gt;&gt;</a>&nbsp;&nbsp;&nbsp;LCD_DrawFullRect
<LI><a href="#[eb]">&gt;&gt;</a>&nbsp;&nbsp;&nbsp;GL_SetTextColor
<LI><a href="#[d6]">&gt;&gt;</a>&nbsp;&nbsp;&nbsp;GL_DisplayAdjStringLine
<LI><a href="#[ed]">&gt;&gt;</a>&nbsp;&nbsp;&nbsp;GL_Clear
<LI><a href="#[13f]">&gt;&gt;</a>&nbsp;&nbsp;&nbsp;LCD_SetFont
</UL>
<BR>[Called By]<UL><LI><a href="#[6a]">&gt;&gt;</a>&nbsp;&nbsp;&nbsp;screen1_pro_button_Click
</UL>

<P><STRONG><a name="[ee]"></a>Show_HomeScreen</STRONG> (Thumb, 12 bytes, Stack size 8 bytes, uiframework.o(.text))
<BR><BR>[Stack]<UL><LI>Max Depth = 160<LI>Call Chain = Show_HomeScreen &rArr; Show_home_screen &rArr; GL_DisplayAdjStringLine &rArr; GL_LCD_DisplayChar &rArr; GL_LCD_DrawChar &rArr; LCD_PutPixel &rArr; SSD1963_PutPixel &rArr; LCD_SetArea
</UL>
<BR>[Calls]<UL><LI><a href="#[134]">&gt;&gt;</a>&nbsp;&nbsp;&nbsp;Show_home_screen
<LI><a href="#[133]">&gt;&gt;</a>&nbsp;&nbsp;&nbsp;Create_home_screen
</UL>
<BR>[Called By]<UL><LI><a href="#[c8]">&gt;&gt;</a>&nbsp;&nbsp;&nbsp;main
</UL>

<P><STRONG><a name="[eb]"></a>GL_SetTextColor</STRONG> (Thumb, 20 bytes, Stack size 8 bytes, lcdhal.o(.text))
<BR><BR>[Stack]<UL><LI>Max Depth = 16<LI>Call Chain = GL_SetTextColor &rArr; LCD_SetTextColor
</UL>
<BR>[Calls]<UL><LI><a href="#[142]">&gt;&gt;</a>&nbsp;&nbsp;&nbsp;LCD_SetTextColor
</UL>
<BR>[Called By]<UL><LI><a href="#[c8]">&gt;&gt;</a>&nbsp;&nbsp;&nbsp;main
<LI><a href="#[167]">&gt;&gt;</a>&nbsp;&nbsp;&nbsp;GL_DrawFilledCircle
<LI><a href="#[79]">&gt;&gt;</a>&nbsp;&nbsp;&nbsp;SetLabelVisible
<LI><a href="#[7a]">&gt;&gt;</a>&nbsp;&nbsp;&nbsp;SetComboBoxVisible
<LI><a href="#[7b]">&gt;&gt;</a>&nbsp;&nbsp;&nbsp;SetButtonVisible
<LI><a href="#[7c]">&gt;&gt;</a>&nbsp;&nbsp;&nbsp;SetSwitchVisible
<LI><a href="#[7d]">&gt;&gt;</a>&nbsp;&nbsp;&nbsp;SetRadioButtonVisible
<LI><a href="#[7e]">&gt;&gt;</a>&nbsp;&nbsp;&nbsp;SetCheckboxVisible
<LI><a href="#[80]">&gt;&gt;</a>&nbsp;&nbsp;&nbsp;SetSlidebarVisible
<LI><a href="#[81]">&gt;&gt;</a>&nbsp;&nbsp;&nbsp;SetHistogramVisible
<LI><a href="#[82]">&gt;&gt;</a>&nbsp;&nbsp;&nbsp;SetGraphChartVisible
<LI><a href="#[166]">&gt;&gt;</a>&nbsp;&nbsp;&nbsp;GL_DrawFilledRectangle
<LI><a href="#[145]">&gt;&gt;</a>&nbsp;&nbsp;&nbsp;LCD_PutPixel
<LI><a href="#[13a]">&gt;&gt;</a>&nbsp;&nbsp;&nbsp;Show_water_param_screen
<LI><a href="#[12d]">&gt;&gt;</a>&nbsp;&nbsp;&nbsp;Show_setting_screen
<LI><a href="#[131]">&gt;&gt;</a>&nbsp;&nbsp;&nbsp;Show_probeType_screen
<LI><a href="#[138]">&gt;&gt;</a>&nbsp;&nbsp;&nbsp;Show_pool_param_screen
<LI><a href="#[136]">&gt;&gt;</a>&nbsp;&nbsp;&nbsp;Show_ph_param_screen
<LI><a href="#[12f]">&gt;&gt;</a>&nbsp;&nbsp;&nbsp;Show_param_screen
<LI><a href="#[134]">&gt;&gt;</a>&nbsp;&nbsp;&nbsp;Show_home_screen
<LI><a href="#[12b]">&gt;&gt;</a>&nbsp;&nbsp;&nbsp;Show_dosingTest_screen
</UL>

<P><STRONG><a name="[ec]"></a>GL_SetBackColor</STRONG> (Thumb, 20 bytes, Stack size 8 bytes, lcdhal.o(.text))
<BR><BR>[Stack]<UL><LI>Max Depth = 16<LI>Call Chain = GL_SetBackColor &rArr; LCD_SetBackColor
</UL>
<BR>[Calls]<UL><LI><a href="#[143]">&gt;&gt;</a>&nbsp;&nbsp;&nbsp;LCD_SetBackColor
</UL>
<BR>[Called By]<UL><LI><a href="#[c8]">&gt;&gt;</a>&nbsp;&nbsp;&nbsp;main
<LI><a href="#[7a]">&gt;&gt;</a>&nbsp;&nbsp;&nbsp;SetComboBoxVisible
<LI><a href="#[7b]">&gt;&gt;</a>&nbsp;&nbsp;&nbsp;SetButtonVisible
<LI><a href="#[7c]">&gt;&gt;</a>&nbsp;&nbsp;&nbsp;SetSwitchVisible
</UL>

<P><STRONG><a name="[ed]"></a>GL_Clear</STRONG> (Thumb, 12 bytes, Stack size 8 bytes, lcdhal.o(.text))
<BR><BR>[Stack]<UL><LI>Max Depth = 36<LI>Call Chain = GL_Clear &rArr; LCD_Clear &rArr; LCD_SetArea
</UL>
[...]
</UL>
<BR>[Called By]<UL><LI><a href="#[276]">&gt;&gt;</a>&nbsp;&nbsp;&nbsp;autoip_tmr
<LI><a href="#[2eb]">&gt;&gt;</a>&nbsp;&nbsp;&nbsp;autoip_handle_arp_conflict
</UL>

<P><STRONG><a name="[2eb]"></a>autoip_handle_arp_conflict</STRONG> (Thumb, 58 bytes, Stack size 16 bytes, autoip.o(.text))
<BR><BR>[Stack]<UL><LI>Max Depth = 312<LI>Call Chain = autoip_handle_arp_conflict &rArr; autoip_arp_announce &rArr; etharp_raw &rArr; pbuf_alloc &rArr; pbuf_free &rArr; mem_free &rArr; sys_arch_sem_wait &rArr; xQueueGenericReceive &rArr; xTaskResumeAll &rArr; xTaskIncrementTick &rArr; vApplicationTickHook
</UL>
<BR>[Calls]<UL><LI><a href="#[2e6]">&gt;&gt;</a>&nbsp;&nbsp;&nbsp;autoip_start
<LI><a href="#[2e9]">&gt;&gt;</a>&nbsp;&nbsp;&nbsp;autoip_arp_announce
</UL>
<BR>[Called By]<UL><LI><a href="#[2f0]">&gt;&gt;</a>&nbsp;&nbsp;&nbsp;autoip_arp_reply
</UL>

<P><STRONG><a name="[2ec]"></a>autoip_arp_probe</STRONG> (Thumb, 38 bytes, Stack size 24 bytes, autoip.o(.text))
<BR><BR>[Stack]<UL><LI>Max Depth = 296<LI>Call Chain = autoip_arp_probe &rArr; etharp_raw &rArr; pbuf_alloc &rArr; pbuf_free &rArr; mem_free &rArr; sys_arch_sem_wait &rArr; xQueueGenericReceive &rArr; xTaskResumeAll &rArr; xTaskIncrementTick &rArr; vApplicationTickHook
</UL>
<BR>[Calls]<UL><LI><a href="#[2ea]">&gt;&gt;</a>&nbsp;&nbsp;&nbsp;etharp_raw
</UL>
<BR>[Called By]<UL><LI><a href="#[276]">&gt;&gt;</a>&nbsp;&nbsp;&nbsp;autoip_tmr
</UL>

<P><STRONG><a name="[2ed]"></a>autoip_bind</STRONG> (Thumb, 60 bytes, Stack size 24 bytes, autoip.o(.text))
<BR><BR>[Stack]<UL><LI>Max Depth = 392<LI>Call Chain = autoip_bind &rArr; netif_set_ipaddr &rArr; tcp_abandon &rArr; tcp_pcb_remove &rArr; tcp_output &rArr; tcp_send_empty_ack &rArr; pbuf_alloc &rArr; pbuf_free &rArr; mem_free &rArr; sys_arch_sem_wait &rArr; xQueueGenericReceive &rArr; xTaskResumeAll &rArr; xTaskIncrementTick &rArr; vApplicationTickHook
</UL>
<BR>[Calls]<UL><LI><a href="#[103]">&gt;&gt;</a>&nbsp;&nbsp;&nbsp;netif_set_up
<LI><a href="#[ff]">&gt;&gt;</a>&nbsp;&nbsp;&nbsp;htonl
<LI><a href="#[28e]">&gt;&gt;</a>&nbsp;&nbsp;&nbsp;netif_set_netmask
<LI><a href="#[28c]">&gt;&gt;</a>&nbsp;&nbsp;&nbsp;netif_set_ipaddr
<LI><a href="#[28d]">&gt;&gt;</a>&nbsp;&nbsp;&nbsp;netif_set_gw
</UL>
<BR>[Called By]<UL><LI><a href="#[276]">&gt;&gt;</a>&nbsp;&nbsp;&nbsp;autoip_tmr
</UL>

<P><STRONG><a name="[2f4]"></a>icmp_send_response</STRONG> (Thumb, 132 bytes, Stack size 40 bytes, icmp.o(.text))
<BR><BR>[Stack]<UL><LI>Max Depth = 248<LI>Call Chain = icmp_send_response &rArr; pbuf_alloc &rArr; pbuf_free &rArr; mem_free &rArr; sys_arch_sem_wait &rArr; xQueueGenericReceive &rArr; xTaskResumeAll &rArr; xTaskIncrementTick &rArr; vApplicationTickHook
</UL>
<BR>[Calls]<UL><LI><a href="#[22a]">&gt;&gt;</a>&nbsp;&nbsp;&nbsp;pbuf_free
<LI><a href="#[228]">&gt;&gt;</a>&nbsp;&nbsp;&nbsp;pbuf_alloc
<LI><a href="#[2f5]">&gt;&gt;</a>&nbsp;&nbsp;&nbsp;inet_chksum
<LI><a href="#[2e1]">&gt;&gt;</a>&nbsp;&nbsp;&nbsp;ip_output
<LI><a href="#[116]">&gt;&gt;</a>&nbsp;&nbsp;&nbsp;__aeabi_memcpy
</UL>
<BR>[Called By]<UL><LI><a href="#[2e4]">&gt;&gt;</a>&nbsp;&nbsp;&nbsp;icmp_dest_unreach
</UL>

<P><STRONG><a name="[2f8]"></a>lwip_standard_chksum</STRONG> (Thumb, 74 bytes, Stack size 24 bytes, inet_chksum.o(.text))
<BR><BR>[Stack]<UL><LI>Max Depth = 24<LI>Call Chain = lwip_standard_chksum
</UL>
<BR>[Calls]<UL><LI><a href="#[124]">&gt;&gt;</a>&nbsp;&nbsp;&nbsp;htons
</UL>
<BR>[Called By]<UL><LI><a href="#[2f9]">&gt;&gt;</a>&nbsp;&nbsp;&nbsp;inet_chksum_pseudo
<LI><a href="#[2f3]">&gt;&gt;</a>&nbsp;&nbsp;&nbsp;inet_chksum_pbuf
<LI><a href="#[2f5]">&gt;&gt;</a>&nbsp;&nbsp;&nbsp;inet_chksum
</UL>

<P><STRONG><a name="[2fc]"></a>find_entry</STRONG> (Thumb, 370 bytes, Stack size 28 bytes, etharp.o(.text))
<BR><BR>[Stack]<UL><LI>Max Depth = 28<LI>Call Chain = find_entry
</UL>
<BR>[Called By]<UL><LI><a href="#[290]">&gt;&gt;</a>&nbsp;&nbsp;&nbsp;etharp_query
<LI><a href="#[2fd]">&gt;&gt;</a>&nbsp;&nbsp;&nbsp;etharp_find_addr
<LI><a href="#[2fb]">&gt;&gt;</a>&nbsp;&nbsp;&nbsp;update_arp_entry
</UL>

<P><STRONG><a name="[2fa]"></a>etharp_send_ip</STRONG> (Thumb, 70 bytes, Stack size 32 bytes, etharp.o(.text))
<BR><BR>[Stack]<UL><LI>Max Depth = 32<LI>Call Chain = etharp_send_ip
</UL>
<BR>[Calls]<UL><LI><a href="#[124]">&gt;&gt;</a>&nbsp;&nbsp;&nbsp;htons
</UL>
<BR>[Called By]<UL><LI><a href="#[290]">&gt;&gt;</a>&nbsp;&nbsp;&nbsp;etharp_query
<LI><a href="#[a8]">&gt;&gt;</a>&nbsp;&nbsp;&nbsp;etharp_output
</UL>

<P><STRONG><a name="[2fb]"></a>update_arp_entry</STRONG> (Thumb, 158 bytes, Stack size 32 bytes, etharp.o(.text))
<BR><BR>[Stack]<UL><LI>Max Depth = 60<LI>Call Chain = update_arp_entry &rArr; find_entry
</UL>
<BR>[Calls]<UL><LI><a href="#[292]">&gt;&gt;</a>&nbsp;&nbsp;&nbsp;ntohl
<LI><a href="#[2fc]">&gt;&gt;</a>&nbsp;&nbsp;&nbsp;find_entry
<LI><a href="#[2df]">&gt;&gt;</a>&nbsp;&nbsp;&nbsp;ip_addr_isbroadcast
</UL>
<BR>[Called By]<UL><LI><a href="#[2ff]">&gt;&gt;</a>&nbsp;&nbsp;&nbsp;etharp_arp_input
<LI><a href="#[2fe]">&gt;&gt;</a>&nbsp;&nbsp;&nbsp;etharp_ip_input
</UL>

<P><STRONG><a name="[300]"></a>low_level_input</STRONG> (Thumb, 172 bytes, Stack size 64 bytes, ethernetif.o(.text))
<BR><BR>[Stack]<UL><LI>Max Depth = 272<LI>Call Chain = low_level_input &rArr; pbuf_alloc &rArr; pbuf_free &rArr; mem_free &rArr; sys_arch_sem_wait &rArr; xQueueGenericReceive &rArr; xTaskResumeAll &rArr; xTaskIncrementTick &rArr; vApplicationTickHook
</UL>
<BR>[Calls]<UL><LI><a href="#[228]">&gt;&gt;</a>&nbsp;&nbsp;&nbsp;pbuf_alloc
<LI><a href="#[301]">&gt;&gt;</a>&nbsp;&nbsp;&nbsp;ETH_Get_Received_Frame_interrupt
<LI><a href="#[116]">&gt;&gt;</a>&nbsp;&nbsp;&nbsp;__aeabi_memcpy
</UL>
<BR>[Called By]<UL><LI><a href="#[a6]">&gt;&gt;</a>&nbsp;&nbsp;&nbsp;ethernetif_input
</UL>

<P><STRONG><a name="[a6]"></a>ethernetif_input</STRONG> (Thumb, 58 bytes, Stack size 0 bytes, ethernetif.o(.text))
<BR><BR>[Stack]<UL><LI>Max Depth = 272<LI>Call Chain = ethernetif_input &rArr; low_level_input &rArr; pbuf_alloc &rArr; pbuf_free &rArr; mem_free &rArr; sys_arch_sem_wait &rArr; xQueueGenericReceive &rArr; xTaskResumeAll &rArr; xTaskIncrementTick &rArr; vApplicationTickHook
</UL>
<BR>[Calls]<UL><LI><a href="#[22a]">&gt;&gt;</a>&nbsp;&nbsp;&nbsp;pbuf_free
<LI><a href="#[302]">&gt;&gt;</a>&nbsp;&nbsp;&nbsp;xQueueGenericReceive
<LI><a href="#[300]">&gt;&gt;</a>&nbsp;&nbsp;&nbsp;low_level_input
</UL>
<BR>[Address Reference Count : 1]<UL><LI> ethernetif.o(.text)
</UL>
<P><STRONG><a name="[303]"></a>low_level_init</STRONG> (Thumb, 178 bytes, Stack size 24 bytes, ethernetif.o(.text))
<BR><BR>[Stack]<UL><LI>Max Depth = 240 + Unknown Stack Size
<LI>Call Chain = low_level_init &rArr; xTaskCreate &rArr; pvPortMalloc &rArr; vApplicationMallocFailedHook &rArr; UARTprintf &rArr; __aeabi_d2f
</UL>
<BR>[Calls]<UL><LI><a href="#[f3]">&gt;&gt;</a>&nbsp;&nbsp;&nbsp;xTaskCreate
<LI><a href="#[308]">&gt;&gt;</a>&nbsp;&nbsp;&nbsp;ETH_DMARxDescReceiveITConfig
<LI><a href="#[309]">&gt;&gt;</a>&nbsp;&nbsp;&nbsp;ETH_DMATxDescChecksumInsertionConfig
<LI><a href="#[306]">&gt;&gt;</a>&nbsp;&nbsp;&nbsp;ETH_DMATxDescChainInit
<LI><a href="#[307]">&gt;&gt;</a>&nbsp;&nbsp;&nbsp;ETH_DMARxDescChainInit
<LI><a href="#[305]">&gt;&gt;</a>&nbsp;&nbsp;&nbsp;ETH_MACAddressConfig
<LI><a href="#[20a]">&gt;&gt;</a>&nbsp;&nbsp;&nbsp;ETH_Start
<LI><a href="#[304]">&gt;&gt;</a>&nbsp;&nbsp;&nbsp;xQueueCreateCountingSemaphore
</UL>
<BR>[Called By]<UL><LI><a href="#[65]">&gt;&gt;</a>&nbsp;&nbsp;&nbsp;ethernetif_init
</UL>

<P><STRONG><a name="[a9]"></a>low_level_output</STRONG> (Thumb, 122 bytes, Stack size 24 bytes, ethernetif.o(.text))
<BR><BR>[Stack]<UL><LI>Max Depth = 200<LI>Call Chain = low_level_output &rArr; xQueueGenericCreate &rArr; pvPortMalloc &rArr; vApplicationMallocFailedHook &rArr; UARTprintf &rArr; __aeabi_d2f
</UL>
<BR>[Calls]<UL><LI><a href="#[30c]">&gt;&gt;</a>&nbsp;&nbsp;&nbsp;ETH_Prepare_Transmit_Descriptors
<LI><a href="#[30b]">&gt;&gt;</a>&nbsp;&nbsp;&nbsp;xQueueGenericSend
<LI><a href="#[302]">&gt;&gt;</a>&nbsp;&nbsp;&nbsp;xQueueGenericReceive
<LI><a href="#[30a]">&gt;&gt;</a>&nbsp;&nbsp;&nbsp;xQueueGenericCreate
<LI><a href="#[116]">&gt;&gt;</a>&nbsp;&nbsp;&nbsp;__aeabi_memcpy
</UL>
<BR>[Address Reference Count : 1]<UL><LI> ethernetif.o(.text)
</UL>
<P><STRONG><a name="[a7]"></a>arp_timer</STRONG> (Thumb, 22 bytes, Stack size 8 bytes, ethernetif.o(.text))
<BR><BR>[Stack]<UL><LI>Max Depth = 56<LI>Call Chain = arp_timer &rArr; sys_timeout &rArr; sys_arch_timeouts
</UL>
<BR>[Calls]<UL><LI><a href="#[271]">&gt;&gt;</a>&nbsp;&nbsp;&nbsp;sys_timeout
<LI><a href="#[273]">&gt;&gt;</a>&nbsp;&nbsp;&nbsp;etharp_tmr
</UL>
<BR>[Address Reference Count : 1]<UL><LI> ethernetif.o(.text)
</UL>
<P><STRONG><a name="[319]"></a>prvInitialiseNewQueue</STRONG> (Thumb, 42 bytes, Stack size 24 bytes, queue.o(.text))
<BR><BR>[Stack]<UL><LI>Max Depth = 56<LI>Call Chain = prvInitialiseNewQueue &rArr; xQueueGenericReset &rArr; xTaskRemoveFromEventList
</UL>
<BR>[Calls]<UL><LI><a href="#[316]">&gt;&gt;</a>&nbsp;&nbsp;&nbsp;xQueueGenericReset
</UL>
<BR>[Called By]<UL><LI><a href="#[30a]">&gt;&gt;</a>&nbsp;&nbsp;&nbsp;xQueueGenericCreate
</UL>

<P><STRONG><a name="[31b]"></a>prvUnlockQueue</STRONG> (Thumb, 126 bytes, Stack size 16 bytes, queue.o(.text))
<BR><BR>[Stack]<UL><LI>Max Depth = 32<LI>Call Chain = prvUnlockQueue &rArr; xTaskRemoveFromEventList
</UL>
<BR>[Calls]<UL><LI><a href="#[317]">&gt;&gt;</a>&nbsp;&nbsp;&nbsp;xTaskRemoveFromEventList
<LI><a href="#[31c]">&gt;&gt;</a>&nbsp;&nbsp;&nbsp;vTaskMissedYield
<LI><a href="#[314]">&gt;&gt;</a>&nbsp;&nbsp;&nbsp;vPortExitCritical
<LI><a href="#[312]">&gt;&gt;</a>&nbsp;&nbsp;&nbsp;vPortEnterCritical
</UL>
<BR>[Called By]<UL><LI><a href="#[30b]">&gt;&gt;</a>&nbsp;&nbsp;&nbsp;xQueueGenericSend
<LI><a href="#[302]">&gt;&gt;</a>&nbsp;&nbsp;&nbsp;xQueueGenericReceive
</UL>

<P><STRONG><a name="[31d]"></a>prvIsQueueFull</STRONG> (Thumb, 30 bytes, Stack size 16 bytes, queue.o(.text))
<BR><BR>[Stack]<UL><LI>Max Depth = 16<LI>Call Chain = prvIsQueueFull
</UL>
<BR>[Calls]<UL><LI><a href="#[314]">&gt;&gt;</a>&nbsp;&nbsp;&nbsp;vPortExitCritical
<LI><a href="#[312]">&gt;&gt;</a>&nbsp;&nbsp;&nbsp;vPortEnterCritical
</UL>
<BR>[Called By]<UL><LI><a href="#[30b]">&gt;&gt;</a>&nbsp;&nbsp;&nbsp;xQueueGenericSend
</UL>

<P><STRONG><a name="[31e]"></a>prvCopyDataToQueue</STRONG> (Thumb, 124 bytes, Stack size 24 bytes, queue.o(.text))
<BR><BR>[Stack]<UL><LI>Max Depth = 40<LI>Call Chain = prvCopyDataToQueue &rArr; xTaskPriorityDisinherit
</UL>
<BR>[Calls]<UL><LI><a href="#[31f]">&gt;&gt;</a>&nbsp;&nbsp;&nbsp;xTaskPriorityDisinherit
<LI><a href="#[116]">&gt;&gt;</a>&nbsp;&nbsp;&nbsp;__aeabi_memcpy
</UL>
<BR>[Called By]<UL><LI><a href="#[32d]">&gt;&gt;</a>&nbsp;&nbsp;&nbsp;xQueueGenericSendFromISR
<LI><a href="#[30b]">&gt;&gt;</a>&nbsp;&nbsp;&nbsp;xQueueGenericSend
</UL>

<P><STRONG><a name="[325]"></a>prvInitialiseMutex</STRONG> (Thumb, 28 bytes, Stack size 8 bytes, queue.o(.text), UNUSED)
<BR><BR>[Calls]<UL><LI><a href="#[30b]">&gt;&gt;</a>&nbsp;&nbsp;&nbsp;xQueueGenericSend
</UL>
<BR>[Called By]<UL><LI><a href="#[326]">&gt;&gt;</a>&nbsp;&nbsp;&nbsp;xQueueCreateMutex
</UL>

<P><STRONG><a name="[328]"></a>prvIsQueueEmpty</STRONG> (Thumb, 30 bytes, Stack size 16 bytes, queue.o(.text))
<BR><BR>[Stack]<UL><LI>Max Depth = 16<LI>Call Chain = prvIsQueueEmpty
</UL>
<BR>[Calls]<UL><LI><a href="#[314]">&gt;&gt;</a>&nbsp;&nbsp;&nbsp;vPortExitCritical
<LI><a href="#[312]">&gt;&gt;</a>&nbsp;&nbsp;&nbsp;vPortEnterCritical
</UL>
<BR>[Called By]<UL><LI><a href="#[302]">&gt;&gt;</a>&nbsp;&nbsp;&nbsp;xQueueGenericReceive
</UL>

<P><STRONG><a name="[329]"></a>prvCopyDataFromQueue</STRONG> (Thumb, 42 bytes, Stack size 16 bytes, queue.o(.text))
<BR><BR>[Stack]<UL><LI>Max Depth = 16<LI>Call Chain = prvCopyDataFromQueue
</UL>
<BR>[Calls]<UL><LI><a href="#[116]">&gt;&gt;</a>&nbsp;&nbsp;&nbsp;__aeabi_memcpy
</UL>
<BR>[Called By]<UL><LI><a href="#[330]">&gt;&gt;</a>&nbsp;&nbsp;&nbsp;xQueuePeekFromISR
<LI><a href="#[32f]">&gt;&gt;</a>&nbsp;&nbsp;&nbsp;xQueueReceiveFromISR
<LI><a href="#[302]">&gt;&gt;</a>&nbsp;&nbsp;&nbsp;xQueueGenericReceive
</UL>

<P><STRONG><a name="[334]"></a>prvInitialiseTaskLists</STRONG> (Thumb, 70 bytes, Stack size 8 bytes, tasks.o(.text))
<BR><BR>[Stack]<UL><LI>Max Depth = 8<LI>Call Chain = prvInitialiseTaskLists
</UL>
<BR>[Calls]<UL><LI><a href="#[318]">&gt;&gt;</a>&nbsp;&nbsp;&nbsp;vListInitialise
</UL>
<BR>[Called By]<UL><LI><a href="#[335]">&gt;&gt;</a>&nbsp;&nbsp;&nbsp;prvAddNewTaskToReadyList
</UL>

<P><STRONG><a name="[335]"></a>prvAddNewTaskToReadyList</STRONG> (Thumb, 156 bytes, Stack size 8 bytes, tasks.o(.text))
<BR><BR>[Stack]<UL><LI>Max Depth = 16<LI>Call Chain = prvAddNewTaskToReadyList &rArr; prvInitialiseTaskLists
</UL>
<BR>[Calls]<UL><LI><a href="#[334]">&gt;&gt;</a>&nbsp;&nbsp;&nbsp;prvInitialiseTaskLists
<LI><a href="#[336]">&gt;&gt;</a>&nbsp;&nbsp;&nbsp;vListInsertEnd
<LI><a href="#[314]">&gt;&gt;</a>&nbsp;&nbsp;&nbsp;vPortExitCritical
<LI><a href="#[312]">&gt;&gt;</a>&nbsp;&nbsp;&nbsp;vPortEnterCritical
</UL>
<BR>[Called By]<UL><LI><a href="#[f3]">&gt;&gt;</a>&nbsp;&nbsp;&nbsp;xTaskCreate
</UL>

<P><STRONG><a name="[337]"></a>prvInitialiseNewTask</STRONG> (Thumb, 180 bytes, Stack size 40 bytes, tasks.o(.text))
<BR><BR>[Stack]<UL><LI>Max Depth = 40 + Unknown Stack Size
<LI>Call Chain = prvInitialiseNewTask
</UL>
<BR>[Calls]<UL><LI><a href="#[33a]">&gt;&gt;</a>&nbsp;&nbsp;&nbsp;pxPortInitialiseStack
<LI><a href="#[339]">&gt;&gt;</a>&nbsp;&nbsp;&nbsp;vListInitialiseItem
<LI><a href="#[338]">&gt;&gt;</a>&nbsp;&nbsp;&nbsp;__aeabi_memset
</UL>
<BR>[Called By]<UL><LI><a href="#[f3]">&gt;&gt;</a>&nbsp;&nbsp;&nbsp;xTaskCreate
</UL>

<P><STRONG><a name="[33e]"></a>prvResetNextTaskUnblockTime</STRONG> (Thumb, 42 bytes, Stack size 0 bytes, tasks.o(.text))
<BR><BR>[Called By]<UL><LI><a href="#[347]">&gt;&gt;</a>&nbsp;&nbsp;&nbsp;vTaskSuspend
<LI><a href="#[33f]">&gt;&gt;</a>&nbsp;&nbsp;&nbsp;xTaskIncrementTick
<LI><a href="#[33c]">&gt;&gt;</a>&nbsp;&nbsp;&nbsp;vTaskDelete
<LI><a href="#[324]">&gt;&gt;</a>&nbsp;&nbsp;&nbsp;xTaskResumeAll
</UL>

<P><STRONG><a name="[33b]"></a>prvDeleteTCB</STRONG> (Thumb, 18 bytes, Stack size 8 bytes, tasks.o(.text))
<BR><BR>[Stack]<UL><LI>Max Depth = 72<LI>Call Chain = prvDeleteTCB &rArr; vPortFree &rArr; xTaskResumeAll &rArr; xTaskIncrementTick &rArr; vApplicationTickHook
</UL>
<BR>[Calls]<UL><LI><a href="#[333]">&gt;&gt;</a>&nbsp;&nbsp;&nbsp;vPortFree
</UL>
<BR>[Called By]<UL><LI><a href="#[33c]">&gt;&gt;</a>&nbsp;&nbsp;&nbsp;vTaskDelete
<LI><a href="#[34b]">&gt;&gt;</a>&nbsp;&nbsp;&nbsp;prvCheckTasksWaitingTermination
</UL>

<P><STRONG><a name="[340]"></a>prvAddCurrentTaskToDelayedList</STRONG> (Thumb, 124 bytes, Stack size 24 bytes, tasks.o(.text))
<BR><BR>[Stack]<UL><LI>Max Depth = 32<LI>Call Chain = prvAddCurrentTaskToDelayedList &rArr; vListInsert
</UL>
<BR>[Calls]<UL><LI><a href="#[33d]">&gt;&gt;</a>&nbsp;&nbsp;&nbsp;uxListRemove
<LI><a href="#[341]">&gt;&gt;</a>&nbsp;&nbsp;&nbsp;vListInsert
<LI><a href="#[336]">&gt;&gt;</a>&nbsp;&nbsp;&nbsp;vListInsertEnd
</UL>
<BR>[Called By]<UL><LI><a href="#[d7]">&gt;&gt;</a>&nbsp;&nbsp;&nbsp;vTaskDelay
<LI><a href="#[359]">&gt;&gt;</a>&nbsp;&nbsp;&nbsp;xTaskNotifyWait
<LI><a href="#[358]">&gt;&gt;</a>&nbsp;&nbsp;&nbsp;ulTaskNotifyTake
<LI><a href="#[354]">&gt;&gt;</a>&nbsp;&nbsp;&nbsp;vTaskPlaceOnUnorderedEventList
<LI><a href="#[323]">&gt;&gt;</a>&nbsp;&nbsp;&nbsp;vTaskPlaceOnEventList
</UL>

<P><STRONG><a name="[349]"></a>prvTaskIsTaskSuspended</STRONG> (Thumb, 80 bytes, Stack size 8 bytes, tasks.o(.text), UNUSED)
<BR><BR>[Called By]<UL><LI><a href="#[34a]">&gt;&gt;</a>&nbsp;&nbsp;&nbsp;xTaskResumeFromISR
<LI><a href="#[348]">&gt;&gt;</a>&nbsp;&nbsp;&nbsp;vTaskResume
</UL>

<P><STRONG><a name="[34b]"></a>prvCheckTasksWaitingTermination</STRONG> (Thumb, 86 bytes, Stack size 16 bytes, tasks.o(.text))
<BR><BR>[Stack]<UL><LI>Max Depth = 88<LI>Call Chain = prvCheckTasksWaitingTermination &rArr; prvDeleteTCB &rArr; vPortFree &rArr; xTaskResumeAll &rArr; xTaskIncrementTick &rArr; vApplicationTickHook
</UL>
<BR>[Calls]<UL><LI><a href="#[33b]">&gt;&gt;</a>&nbsp;&nbsp;&nbsp;prvDeleteTCB
<LI><a href="#[324]">&gt;&gt;</a>&nbsp;&nbsp;&nbsp;xTaskResumeAll
<LI><a href="#[321]">&gt;&gt;</a>&nbsp;&nbsp;&nbsp;vTaskSuspendAll
<LI><a href="#[33d]">&gt;&gt;</a>&nbsp;&nbsp;&nbsp;uxListRemove
<LI><a href="#[314]">&gt;&gt;</a>&nbsp;&nbsp;&nbsp;vPortExitCritical
<LI><a href="#[312]">&gt;&gt;</a>&nbsp;&nbsp;&nbsp;vPortEnterCritical
</UL>
<BR>[Called By]<UL><LI><a href="#[aa]">&gt;&gt;</a>&nbsp;&nbsp;&nbsp;prvIdleTask
</UL>

<P><STRONG><a name="[aa]"></a>prvIdleTask</STRONG> (Thumb, 32 bytes, Stack size 0 bytes, tasks.o(.text))
<BR><BR>[Stack]<UL><LI>Max Depth = 88<LI>Call Chain = prvIdleTask &rArr; prvCheckTasksWaitingTermination &rArr; prvDeleteTCB &rArr; vPortFree &rArr; xTaskResumeAll &rArr; xTaskIncrementTick &rArr; vApplicationTickHook
</UL>
<BR>[Calls]<UL><LI><a href="#[34b]">&gt;&gt;</a>&nbsp;&nbsp;&nbsp;prvCheckTasksWaitingTermination
</UL>
<BR>[Address Reference Count : 1]<UL><LI> tasks.o(.text)
</UL>
<P><STRONG><a name="[351]"></a>prvTaskCheckFreeStackSpace</STRONG> (Thumb, 90 bytes, Stack size 0 bytes, tasks.o(.text))
<BR><BR>[Called By]<UL><LI><a href="#[350]">&gt;&gt;</a>&nbsp;&nbsp;&nbsp;vTaskGetInfo
</UL>

<P><STRONG><a name="[352]"></a>prvListTasksWithinSingleList</STRONG> (Thumb, 106 bytes, Stack size 32 bytes, tasks.o(.text))
<BR><BR>[Stack]<UL><LI>Max Depth = 104<LI>Call Chain = prvListTasksWithinSingleList &rArr; vTaskGetInfo &rArr; xTaskResumeAll &rArr; xTaskIncrementTick &rArr; vApplicationTickHook
</UL>
<BR>[Calls]<UL><LI><a href="#[350]">&gt;&gt;</a>&nbsp;&nbsp;&nbsp;vTaskGetInfo
</UL>
<BR>[Called By]<UL><LI><a href="#[353]">&gt;&gt;</a>&nbsp;&nbsp;&nbsp;uxTaskGetSystemState
</UL>

<P><STRONG><a name="[356]"></a>prvWriteNameToBuffer</STRONG> (Thumb, 42 bytes, Stack size 16 bytes, tasks.o(.text))
<BR><BR>[Stack]<UL><LI>Max Depth = 28<LI>Call Chain = prvWriteNameToBuffer &rArr; strcpy
</UL>
<BR>[Calls]<UL><LI><a href="#[11a]">&gt;&gt;</a>&nbsp;&nbsp;&nbsp;strlen
<LI><a href="#[357]">&gt;&gt;</a>&nbsp;&nbsp;&nbsp;strcpy
</UL>
<BR>[Called By]<UL><LI><a href="#[11e]">&gt;&gt;</a>&nbsp;&nbsp;&nbsp;vTaskList
</UL>

<P><STRONG><a name="[ab]"></a>prvTaskExitError</STRONG> (Thumb, 60 bytes, Stack size 0 bytes, port.o(.text))
<BR>[Address Reference Count : 1]<UL><LI> port.o(.text)
</UL>
<P><STRONG><a name="[362]"></a>prvHeapInit</STRONG> (Thumb, 42 bytes, Stack size 0 bytes, heap_2.o(.text))
<BR><BR>[Called By]<UL><LI><a href="#[31a]">&gt;&gt;</a>&nbsp;&nbsp;&nbsp;pvPortMalloc
</UL>

<P><STRONG><a name="[39b]"></a>_dadd1</STRONG> (Thumb, 0 bytes, Stack size unknown bytes, daddsub_clz.o(x$fpl$dadd), UNUSED)
<BR><BR>[Called By]<UL><LI><a href="#[39c]">&gt;&gt;</a>&nbsp;&nbsp;&nbsp;_dsub
<LI><a href="#[39a]">&gt;&gt;</a>&nbsp;&nbsp;&nbsp;_drsb
</UL>

<P><STRONG><a name="[391]"></a>_dsub1</STRONG> (Thumb, 0 bytes, Stack size unknown bytes, daddsub_clz.o(x$fpl$dsub), UNUSED)
<BR><BR>[Called By]<UL><LI><a href="#[39a]">&gt;&gt;</a>&nbsp;&nbsp;&nbsp;_drsb
<LI><a href="#[390]">&gt;&gt;</a>&nbsp;&nbsp;&nbsp;_dadd
</UL>

<P><STRONG><a name="[376]"></a>_fp_digits</STRONG> (Thumb, 428 bytes, Stack size 96 bytes, _printf_fp_dec.o(.text))
<BR><BR>[Stack]<UL><LI>Max Depth = 216<LI>Call Chain = _fp_digits &rArr; _btod_etento &rArr; _btod_emul &rArr; _e2e
</UL>
<BR>[Calls]<UL><LI><a href="#[37a]">&gt;&gt;</a>&nbsp;&nbsp;&nbsp;_btod_emul
<LI><a href="#[379]">&gt;&gt;</a>&nbsp;&nbsp;&nbsp;_btod_ediv
<LI><a href="#[378]">&gt;&gt;</a>&nbsp;&nbsp;&nbsp;_btod_d2e
<LI><a href="#[377]">&gt;&gt;</a>&nbsp;&nbsp;&nbsp;_btod_etento
<LI><a href="#[37b]">&gt;&gt;</a>&nbsp;&nbsp;&nbsp;_ll_udiv10
</UL>
<BR>[Called By]<UL><LI><a href="#[37c]">&gt;&gt;</a>&nbsp;&nbsp;&nbsp;_printf_fp_dec_real
</UL>

<P><STRONG><a name="[af]"></a>_printf_input_char</STRONG> (Thumb, 10 bytes, Stack size 0 bytes, _printf_char_common.o(.text))
<BR>[Address Reference Count : 1]<UL><LI> _printf_char_common.o(.text)
</UL><P>
<H3>
Undefined Global Symbols
</H3><HR></body></html>
