<html>
<body>
<pre>
<h1>µVision Build Log</h1>
<h2>Tool Versions:</h2>
IDE-Version: µVision V5.13.0.0
Copyright (C) 2014 ARM Ltd and ARM Germany GmbH. All rights reserved.
License Information: Vu Administrator, Bach Khoa, LIC=Z3CVE-5NZ8F-BVD1G-VZHJ1-CZLP8-ZBWFH
 
Tool Versions:
Toolchain:       MDK-ARM Professional  Version: 5.13.0.0
Toolchain Path:  C:\Keil_v5\ARM\ARMCC\Bin
C Compiler:      Armcc.exe V5.05 update 1 (build 106)
Assembler:       Armasm.exe V5.05 update 1 (build 106)
Linker/Locator:  ArmLink.exe V5.05 update 1 (build 106)
Library Manager: ArmAr.exe V5.05 update 1 (build 106)
Hex Converter:   FromElf.exe V5.05 update 1 (build 106)
CPU DLL:         SARMCM3.DLL V5.13.0.0
Dialog DLL:      DCM.DLL V1.13.1.0
Target DLL:      STLink\ST-LINKIII-KEIL_SWO.dll V2.0.14.0_KEIL
Dialog DLL:      TCM.DLL V1.14.4.0
 
<h2>Project:</h2>
D:\STM 32\LCD-water-control-28-11\STM32F4xx_LCD\Project\FreeRTOS\http_client_server_socket\MDK-ARM\Project.uvprojx
Project File Date:  01/13/2019

<h2>Output:</h2>
Rebuild target 'Discover-More'
compiling main.c...
compiling system_stm32f4xx.c...
compiling stm32f4xx_it.c...
compiling netconf.c...
compiling stm32f4x7_eth_bsp.c...
compiling fs.c...
compiling httpserver-socket.c...
compiling httpclient-socket.c...
compiling miscellaneous.c...
compiling hw_config.c...
compiling flash_memory_driver.c...
compiling DisplayNumber.c...
compiling ADC.c...
compiling Actuator.c...
compiling pictures.c...
compiling uiappuser.c...
compiling uiframework.c...
compiling LcdHal.c...
..\Embedded_GUI_HAL\src\LcdHal.c(537): warning:  #177-D: variable "tmpRed" was declared but never referenced
    uint16_t tmpColor = 0, tmpRed = 0, tmpBlue = 0;
..\Embedded_GUI_HAL\src\LcdHal.c(537): warning:  #177-D: variable "tmpBlue" was declared but never referenced
    uint16_t tmpColor = 0, tmpRed = 0, tmpBlue = 0;
..\Embedded_GUI_HAL\src\LcdHal.c(768): warning:  #550-D: variable "Xaddress" was set but never used
    uint16_t Xaddress = 0;
..\Embedded_GUI_HAL\src\LcdHal.c(769): warning:  #550-D: variable "Yaddress" was set but never used
    uint16_t Yaddress = 0;
..\Embedded_GUI_HAL\src\LcdHal.c: 4 warnings, 0 errors
compiling cursor.c...
compiling gl_fonts.c...
compiling graphicObject.c...
compiling images.c...
compiling stm32f4xx_uartstdio.c...
compiling stm32f4_discovery_LCD_SSD1963.c...
compiling fonts.c...
compiling stm32f4_discovery_tsc2046.c...
compiling stm32f4_discovery_user.c...
compiling stm32f4xx_usart.c...
compiling misc.c...
compiling stm32f4xx_adc.c...
compiling stm32f4xx_dma.c...
compiling stm32f4xx_exti.c...
compiling stm32f4xx_fsmc.c...
compiling stm32f4xx_gpio.c...
compiling stm32f4xx_rcc.c...
compiling stm32f4xx_syscfg.c...
compiling stm32f4xx_sdio.c...
compiling stm32f4xx_tim.c...
compiling stm32f4xx_spi.c...
compiling stm32f4xx_flash.c...
compiling stm32f4x7_eth.c...
compiling api_lib.c...
compiling api_msg.c...
compiling err.c...
compiling netbuf.c...
compiling netdb.c...
compiling netifapi.c...
compiling sockets.c...
compiling tcpip.c...
compiling dhcp.c...
compiling dns.c...
compiling init.c...
compiling mem.c...
compiling memp.c...
compiling netif.c...
compiling pbuf.c...
compiling raw.c...
compiling stats.c...
compiling sys.c...
compiling tcp.c...
compiling tcp_in.c...
compiling tcp_out.c...
..\..\..\..\Utilities\lwip_v1.3.2\src\core\tcp_out.c(465): warning:  #550-D: variable "tcphdr" was set but never used
    struct tcp_hdr *tcphdr;
..\..\..\..\Utilities\lwip_v1.3.2\src\core\tcp_out.c(935): warning:  #550-D: variable "tcphdr" was set but never used
    struct tcp_hdr *tcphdr;
..\..\..\..\Utilities\lwip_v1.3.2\src\core\tcp_out.c: 2 warnings, 0 errors
compiling udp.c...
compiling autoip.c...
compiling icmp.c...
compiling igmp.c...
compiling inet.c...
compiling inet_chksum.c...
compiling ip.c...
compiling ip_addr.c...
compiling ip_frag.c...
compiling etharp.c...
compiling loopif.c...
compiling slipif.c...
compiling ethernetif.c...
compiling sys_arch.c...
compiling croutine.c...
compiling list.c...
compiling queue.c...
compiling tasks.c...
compiling port.c...
compiling heap_2.c...
assembling startup_stm32f4xx.s...
linking...
Program Size: Code=135588 RO-data=193800 RW-data=840 ZI-data=65352  
FromELF: creating hex file...
".\Discover-More\Project.axf" - 0 Error(s), 6 Warning(s).

<h2>Software Packages used:</h2>

Package Vendor: ARM
                http://www.keil.com/pack/ARM.CMSIS.4.2.0.pack
                ARM::CMSIS:CORE:3.40.0
                CMSIS (Cortex Microcontroller Software Interface Standard)
   * Component: CORE Version: 3.40.0

<h2>Collection of Component include folders:</h2>
  D:\STM 32\LCD-water-control-28-11\STM32F4xx_LCD\Project\FreeRTOS\http_client_server_socket\MDK-ARM\RTE
  C:\Keil_v5\ARM\PACK\ARM\CMSIS\4.2.0\CMSIS\Include
  C:\Keil_v5\ARM\PACK\Keil\STM32F4xx_DFP\2.13.0

<h2>Collection of Component Files used:</h2>

   * Component: ARM::CMSIS:CORE:3.40.0
      Source file:   CMSIS\UserCodeTemplates\ARM\ITM_Retarget.c
</pre>
</body>
</html>
