<html>
<body>
<pre>
<h1>µVision Build Log</h1>
<h2>Tool Versions:</h2>
IDE-Version: µVision V5.13.0.0
Copyright (C) 2014 ARM Ltd and ARM Germany GmbH. All rights reserved.
License Information: Vu Administrator, Bach Khoa, LIC=Z3CVE-5NZ8F-BVD1G-VZHJ1-CZLP8-ZBWFH
 
Tool Versions:
Toolchain:       MDK-ARM Professional  Version: 5.13.0.0
Toolchain Path:  C:\Keil_v5\ARM\ARMCC\Bin
C Compiler:      Armcc.exe V5.05 update 1 (build 106)
Assembler:       Armasm.exe V5.05 update 1 (build 106)
Linker/Locator:  ArmLink.exe V5.05 update 1 (build 106)
Library Manager: ArmAr.exe V5.05 update 1 (build 106)
Hex Converter:   FromElf.exe V5.05 update 1 (build 106)
CPU DLL:         SARMCM3.DLL V5.13.0.0
Dialog DLL:      DCM.DLL V1.13.1.0
Target DLL:      STLink\ST-LINKIII-KEIL_SWO.dll V2.0.14.0_KEIL
Dialog DLL:      TCM.DLL V1.14.4.0
 
<h2>Project:</h2>
D:\STM 32\LCD-water-control-28-11\STM32F4xx_LCD\Project\FreeRTOS\http_client_server_socket\MDK-ARM\Project.uvprojx
Project File Date:  01/09/2019

<h2>Output:</h2>
Rebuild target 'Discover-More'
compiling main.c...
..\src\main.c(176): warning:  #167-D: argument of type "char *" is incompatible with parameter of type "uint8_t *"
                        GL_DisplayAdjStringLine(120, 305, string, TRUE);
..\src\main.c(176): warning:  #188-D: enumerated type mixed with another type
                        GL_DisplayAdjStringLine(120, 305, string, TRUE);
..\src\main.c(190): warning:  #167-D: argument of type "char *" is incompatible with parameter of type "uint8_t *"
                        GL_DisplayAdjStringLine(120, 90, string2, TRUE);
..\src\main.c(190): warning:  #188-D: enumerated type mixed with another type
                        GL_DisplayAdjStringLine(120, 90, string2, TRUE);
..\src\main.c: 4 warnings, 0 errors
compiling system_stm32f4xx.c...
compiling stm32f4xx_it.c...
compiling netconf.c...
compiling stm32f4x7_eth_bsp.c...
compiling fs.c...
compiling httpserver-socket.c...
..\src\httpserver-socket.c(321): warning:  #167-D: argument of type "signed char *" is incompatible with parameter of type "char *"
    vTaskList((signed char *)(PAGE_BODY + strlen(PAGE_BODY)));
..\src\httpserver-socket.c: 1 warning, 0 errors
compiling httpclient-socket.c...
compiling miscellaneous.c...
compiling hw_config.c...
compiling pictures.c...
compiling uiappuser.c...
compiling uiframework.c...
..\GUIlib\src\uiframework.c(110): warning:  #188-D: enumerated type mixed with another type
        GL_DisplayAdjStringLine(5, 5, "ASEKO", TRUE);
..\GUIlib\src\uiframework.c(115): warning:  #188-D: enumerated type mixed with another type
        GL_DisplayAdjStringLine(5, 230, "Aseko Pool Tech.", TRUE);
..\GUIlib\src\uiframework.c(174): warning:  #188-D: enumerated type mixed with another type
        GL_DisplayAdjStringLine(5, 5, "ASEKO", TRUE);
..\GUIlib\src\uiframework.c(179): warning:  #188-D: enumerated type mixed with another type
        GL_DisplayAdjStringLine(5, 350, "SETTINGS", TRUE);
..\GUIlib\src\uiframework.c(188): warning:  #188-D: enumerated type mixed with another type
        GL_DisplayAdjStringLine(51, 48, "PARAMETERS", TRUE);
..\GUIlib\src\uiframework.c(189): warning:  #188-D: enumerated type mixed with another type
        GL_DisplayAdjStringLine(51, 270, "CALIBRATION", TRUE);
..\GUIlib\src\uiframework.c(190): warning:  #188-D: enumerated type mixed with another type
        GL_DisplayAdjStringLine(151, 45, "DOSING TEST", TRUE);
..\GUIlib\src\uiframework.c(191): warning:  #188-D: enumerated type mixed with another type
        GL_DisplayAdjStringLine(151, 275, "PROBE TYPE", TRUE);
..\GUIlib\src\uiframework.c(242): warning:  #188-D: enumerated type mixed with another type
        GL_DisplayAdjStringLine(5, 5, "ASEKO", TRUE);
..\GUIlib\src\uiframework.c(247): warning:  #188-D: enumerated type mixed with another type
        GL_DisplayAdjStringLine(5, 300, "DOSING TEST", TRUE);
..\GUIlib\src\uiframework.c(254): warning:  #188-D: enumerated type mixed with another type
        GL_DisplayAdjStringLine(47, 22, "DISINF.", TRUE);
..\GUIlib\src\uiframework.c(255): warning:  #188-D: enumerated type mixed with another type
        GL_DisplayAdjStringLine(47, 252, "pH", TRUE);
..\GUIlib\src\uiframework.c(258): warning:  #188-D: enumerated type mixed with another type
        GL_DisplayAdjStringLine(97, 72, "130 ml", TRUE);
..\GUIlib\src\uiframework.c(259): warning:  #188-D: enumerated type mixed with another type
        GL_DisplayAdjStringLine(97, 302, "125 ml", TRUE);
..\GUIlib\src\uiframework.c(267): warning:  #188-D: enumerated type mixed with another type
        GL_DisplayAdjStringLine(161, 85, "START", TRUE);
..\GUIlib\src\uiframework.c(268): warning:  #188-D: enumerated type mixed with another type
        GL_DisplayAdjStringLine(161, 315, "START", TRUE);
..\GUIlib\src\uiframework.c(329): warning:  #188-D: enumerated type mixed with another type
        GL_DisplayAdjStringLine(5, 5, "ASEKO", TRUE);
..\GUIlib\src\uiframework.c(334): warning:  #188-D: enumerated type mixed with another type
        GL_DisplayAdjStringLine(5, 300, "PARAMETERS", TRUE);
..\GUIlib\src\uiframework.c(344): warning:  #188-D: enumerated type mixed with another type
        GL_DisplayAdjStringLine(51, 97, "POOL", TRUE);
..\GUIlib\src\uiframework.c(345): warning:  #188-D: enumerated type mixed with another type
        GL_DisplayAdjStringLine(51, 315, "WATER", TRUE);
..\GUIlib\src\uiframework.c(347): warning:  #188-D: enumerated type mixed with another type
        GL_DisplayAdjStringLine(151, 45, "DISINFECTION", TRUE);
..\GUIlib\src\uiframework.c(348): warning:  #188-D: enumerated type mixed with another type
        GL_DisplayAdjStringLine(151, 330, "pH", TRUE);
..\GUIlib\src\uiframework.c(405): warning:  #188-D: enumerated type mixed with another type
        GL_DisplayAdjStringLine(5, 5, "ASEKO", TRUE);
..\GUIlib\src\uiframework.c(410): warning:  #188-D: enumerated type mixed with another type
        GL_DisplayAdjStringLine(5, 250, "POOL PARAMETERS", TRUE);
..\GUIlib\src\uiframework.c(417): warning:  #188-D: enumerated type mixed with another type
        GL_DisplayAdjStringLine(47, 30, "POOL VOLUME", TRUE);
..\GUIlib\src\uiframework.c(418): warning:  #188-D: enumerated type mixed with another type
        GL_DisplayAdjStringLine(47, 305, "PERIOD", TRUE);
..\GUIlib\src\uiframework.c(421): warning:  #188-D: enumerated type mixed with another type
        GL_DisplayAdjStringLine(97, 72, "30 m^2", TRUE);
..\GUIlib\src\uiframework.c(422): warning:  #188-D: enumerated type mixed with another type
        GL_DisplayAdjStringLine(97, 302, "06 h", TRUE);
..\GUIlib\src\uiframework.c(522): warning:  #188-D: enumerated type mixed with another type
        GL_DisplayAdjStringLine(5, 5, "ASEKO", TRUE);
..\GUIlib\src\uiframework.c(527): warning:  #188-D: enumerated type mixed with another type
        GL_DisplayAdjStringLine(5, 245, "WATER PARAMETERS", TRUE);
..\GUIlib\src\uiframework.c(529): warning:  #188-D: enumerated type mixed with another type
        GL_DisplayAdjStringLine(50, 5, "POOL", TRUE);
..\GUIlib\src\uiframework.c(531): warning:  #188-D: enumerated type mixed with another type
        GL_DisplayAdjStringLine(105, 5, "AVERAGE", TRUE);
..\GUIlib\src\uiframework.c(532): warning:  #188-D: enumerated type mixed with another type
        GL_DisplayAdjStringLine(130, 5, "TEMP", TRUE);
..\GUIlib\src\uiframework.c(534): warning:  #188-D: enumerated type mixed with another type
        GL_DisplayAdjStringLine(170, 5, "WATER", TRUE);
..\GUIlib\src\uiframework.c(535): warning:  #188-D: enumerated type mixed with another type
        GL_DisplayAdjStringLine(190, 5, "HARDNESS", TRUE);
..\GUIlib\src\uiframework.c(538): warning:  #188-D: enumerated type mixed with another type
        GL_DisplayAdjStringLine(40, 135, "indoor", TRUE);
..\GUIlib\src\uiframework.c(539): warning:  #188-D: enumerated type mixed with another type
        GL_DisplayAdjStringLine(40, 235, "outdoor", TRUE);
..\GUIlib\src\uiframework.c(540): warning:  #188-D: enumerated type mixed with another type
        GL_DisplayAdjStringLine(40, 350, "extreme", TRUE);
..\GUIlib\src\uiframework.c(542): warning:  #188-D: enumerated type mixed with another type
        GL_DisplayAdjStringLine(106, 150, "<20C", TRUE);
..\GUIlib\src\uiframework.c(543): warning:  #188-D: enumerated type mixed with another type
        GL_DisplayAdjStringLine(106, 240, "20-30C", TRUE);
..\GUIlib\src\uiframework.c(544): warning:  #188-D: enumerated type mixed with another type
        GL_DisplayAdjStringLine(106, 353, ">30C", TRUE);
..\GUIlib\src\uiframework.c(546): warning:  #188-D: enumerated type mixed with another type
        GL_DisplayAdjStringLine(167, 157, "soft", TRUE);
..\GUIlib\src\uiframework.c(547): warning:  #188-D: enumerated type mixed with another type
        GL_DisplayAdjStringLine(167, 255, "hard", TRUE);
..\GUIlib\src\uiframework.c(548): warning:  #188-D: enumerated type mixed with another type
        GL_DisplayAdjStringLine(167, 347, "so hard", TRUE);
..\GUIlib\src\uiframework.c(600): warning:  #188-D: enumerated type mixed with another type
        GL_DisplayAdjStringLine(5, 5, "ASEKO", TRUE);
..\GUIlib\src\uiframework.c(605): warning:  #188-D: enumerated type mixed with another type
        GL_DisplayAdjStringLine(5, 250, "REQUIRED VALUES", TRUE);
..\GUIlib\src\uiframework.c(612): warning:  #188-D: enumerated type mixed with another type
        GL_DisplayAdjStringLine(47, 30, "CLF", TRUE);
..\GUIlib\src\uiframework.c(613): warning:  #188-D: enumerated type mixed with another type
        GL_DisplayAdjStringLine(47, 257, "pH", TRUE);
..\GUIlib\src\uiframework.c(616): warning:  #188-D: enumerated type mixed with another type
        GL_DisplayAdjStringLine(97, 72, "0,2 mg/l", TRUE);
..\GUIlib\src\uiframework.c(617): warning:  #188-D: enumerated type mixed with another type
        GL_DisplayAdjStringLine(97, 302, "7,0 pH", TRUE);
..\GUIlib\src\uiframework.c(675): warning:  #188-D: enumerated type mixed with another type
        GL_DisplayAdjStringLine(5, 5, "ASEKO", TRUE);
..\GUIlib\src\uiframework.c(680): warning:  #188-D: enumerated type mixed with another type
        GL_DisplayAdjStringLine(5, 200, "CHOOSE PROBE TYPE", TRUE);
..\GUIlib\src\uiframework.c: 52 warnings, 0 errors
compiling LcdHal.c...
..\Embedded_GUI_HAL\src\LcdHal.c(538): warning:  #177-D: variable "tmpRed" was declared but never referenced
    uint16_t tmpColor = 0, tmpRed = 0, tmpBlue = 0;
..\Embedded_GUI_HAL\src\LcdHal.c(538): warning:  #177-D: variable "tmpBlue" was declared but never referenced
    uint16_t tmpColor = 0, tmpRed = 0, tmpBlue = 0;
..\Embedded_GUI_HAL\src\LcdHal.c(773): warning:  #550-D: variable "Xaddress" was set but never used
    uint16_t Xaddress = 0;
..\Embedded_GUI_HAL\src\LcdHal.c(774): warning:  #550-D: variable "Yaddress" was set but never used
    uint16_t Yaddress = 0;
..\Embedded_GUI_HAL\src\LcdHal.c: 4 warnings, 0 errors
compiling cursor.c...
compiling gl_fonts.c...
compiling graphicObject.c...
..\Embedded_GUI_Library\src\graphicObject.c(1918): warning:  #177-D: variable "btn_length" was declared but never referenced
    uint8_t btn_length = 0;
..\Embedded_GUI_Library\src\graphicObject.c(2400): warning:  #177-D: variable "n" was declared but never referenced
    uint8_t n = 0;
..\Embedded_GUI_Library\src\graphicObject.c: 2 warnings, 0 errors
compiling images.c...
compiling stm32f4xx_uartstdio.c...
..\src\stm32f4xx_uartstdio.c(638): warning:  #1256-D: "float" would have been promoted to "double" when passed through the ellipsis parameter; use the latter type instead
                                                                        fValue = va_arg(vaArgP, float);
..\src\stm32f4xx_uartstdio.c: 1 warning, 0 errors
compiling stm32f4_discovery_LCD_SSD1963.c...
compiling fonts.c...
compiling stm32f4_discovery_tsc2046.c...
compiling stm32f4_discovery_user.c...
compiling stm32f4xx_usart.c...
compiling misc.c...
compiling stm32f4xx_adc.c...
compiling stm32f4xx_dma.c...
compiling stm32f4xx_exti.c...
compiling stm32f4xx_fsmc.c...
compiling stm32f4xx_gpio.c...
compiling stm32f4xx_rcc.c...
compiling stm32f4xx_syscfg.c...
compiling stm32f4xx_sdio.c...
compiling stm32f4xx_tim.c...
compiling stm32f4xx_spi.c...
compiling stm32f4xx_flash.c...
compiling stm32f4x7_eth.c...
compiling api_lib.c...
compiling api_msg.c...
compiling err.c...
compiling netbuf.c...
compiling netdb.c...
compiling netifapi.c...
compiling sockets.c...
compiling tcpip.c...
compiling dhcp.c...
compiling dns.c...
compiling init.c...
compiling mem.c...
compiling memp.c...
compiling netif.c...
compiling pbuf.c...
compiling raw.c...
compiling stats.c...
compiling sys.c...
compiling tcp.c...
compiling tcp_in.c...
compiling tcp_out.c...
..\..\..\..\Utilities\lwip_v1.3.2\src\core\tcp_out.c(465): warning:  #550-D: variable "tcphdr" was set but never used
    struct tcp_hdr *tcphdr;
..\..\..\..\Utilities\lwip_v1.3.2\src\core\tcp_out.c(935): warning:  #550-D: variable "tcphdr" was set but never used
    struct tcp_hdr *tcphdr;
..\..\..\..\Utilities\lwip_v1.3.2\src\core\tcp_out.c: 2 warnings, 0 errors
compiling udp.c...
compiling autoip.c...
compiling icmp.c...
compiling igmp.c...
compiling inet.c...
compiling inet_chksum.c...
compiling ip.c...
compiling ip_addr.c...
compiling ip_frag.c...
compiling etharp.c...
compiling loopif.c...
compiling slipif.c...
compiling ethernetif.c...
compiling sys_arch.c...
compiling croutine.c...
compiling list.c...
compiling queue.c...
compiling tasks.c...
compiling port.c...
compiling heap_2.c...
assembling startup_stm32f4xx.s...
linking...
Program Size: Code=122104 RO-data=91016 RW-data=672 ZI-data=65432  
FromELF: creating hex file...
".\Discover-More\Project.axf" - 0 Error(s), 66 Warning(s).

<h2>Software Packages used:</h2>

Package Vendor: ARM
                http://www.keil.com/pack/ARM.CMSIS.4.2.0.pack
                ARM::CMSIS:CORE:3.40.0
                CMSIS (Cortex Microcontroller Software Interface Standard)
   * Component: CORE Version: 3.40.0

<h2>Collection of Component include folders:</h2>
  D:\STM 32\LCD-water-control-28-11\STM32F4xx_LCD\Project\FreeRTOS\http_client_server_socket\MDK-ARM\RTE
  C:\Keil_v5\ARM\PACK\ARM\CMSIS\4.2.0\CMSIS\Include
  C:\Keil_v5\ARM\PACK\Keil\STM32F4xx_DFP\2.13.0

<h2>Collection of Component Files used:</h2>

   * Component: ARM::CMSIS:CORE:3.40.0
      Source file:   CMSIS\UserCodeTemplates\ARM\ITM_Retarget.c
</pre>
</body>
</html>
