Component: ARM Compiler 5.05 update 1 (build 106) Tool: armlink [4d0efa]

==============================================================================

Section Cross References

    main.o(.text) refers to stm32f4_discovery_tsc2046.o(.text) for getTouchPoint
    main.o(.text) refers to graphicobject.o(.text) for ProcessInputData
    main.o(.text) refers to displaynumber.o(.text) for DisplayNumber
    main.o(.text) refers to stm32f4_discovery_user.o(.text) for STM_EVAL_LEDInit
    main.o(.text) refers to stm32f4xx_uartstdio.o(.text) for UARTstdio_Configuration
    main.o(.text) refers to stm32f4_discovery_lcd_ssd1963.o(.text) for STM324xG_LCD_Init
    main.o(.text) refers to actuator.o(.text) for ActuatorConfig
    main.o(.text) refers to adc.o(.text) for ADC_Config
    main.o(.text) refers to flash_memory_driver.o(.text) for ReadSavedValue
    main.o(.text) refers to uiframework.o(.text) for Show_StartScreen
    main.o(.text) refers to tasks.o(.text) for xTaskCreate
    system_stm32f4xx.o(.text) refers to system_stm32f4xx.o(.data) for SystemCoreClock
    stm32f4xx_it.o(.text) refers to stm32f4x7_eth.o(.text) for ETH_GetDMAFlagStatus
    stm32f4xx_it.o(.text) refers to queue.o(.text) for xQueueGiveFromISR
    stm32f4xx_it.o(.text) refers to ethernetif.o(.data) for s_xSemaphore
    netconf.o(.text) refers to _printf_percent.o(.ARM.Collect$$_printf_percent$$00000000) for _printf_percent
    netconf.o(.text) refers to _printf_d.o(.ARM.Collect$$_printf_percent$$00000009) for _printf_d
    netconf.o(.text) refers to _printf_dec.o(.text) for _printf_int_dec
    netconf.o(.text) refers to tcpip.o(.text) for tcpip_init
    netconf.o(.text) refers to inet.o(.text) for htonl
    netconf.o(.text) refers to noretval__2sprintf.o(.text) for __2sprintf
    netconf.o(.text) refers to netif.o(.text) for netif_add
    netconf.o(.text) refers to ethernetif.o(.text) for ethernetif_init
    netconf.o(.text) refers to netconf.o(.bss) for xnetif
    stm32f4x7_eth_bsp.o(.text) refers to stm32f4xx_rcc.o(.text) for RCC_AHB1PeriphClockCmd
    stm32f4x7_eth_bsp.o(.text) refers to stm32f4x7_eth.o(.text) for ETH_DeInit
    stm32f4x7_eth_bsp.o(.text) refers to misc.o(.text) for NVIC_PriorityGroupConfig
    stm32f4x7_eth_bsp.o(.text) refers to stm32f4xx_syscfg.o(.text) for SYSCFG_ETH_MediaInterfaceConfig
    stm32f4x7_eth_bsp.o(.text) refers to stm32f4xx_gpio.o(.text) for GPIO_Init
    stm32f4x7_eth_bsp.o(.text) refers to stm32f4x7_eth_bsp.o(.data) for EthInitStatus
    fs.o(.text) refers to strcmpv7m.o(.text) for strcmp
    fs.o(.text) refers to rt_memcpy_v6.o(.text) for __aeabi_memcpy
    fs.o(.text) refers to fs.o(.bss) for fs_memory
    fs.o(.text) refers to fs.o(.constdata) for file__STM32F4x7_html
    httpserver-socket.o(.text) refers to _printf_percent.o(.ARM.Collect$$_printf_percent$$00000000) for _printf_percent
    httpserver-socket.o(.text) refers to _printf_d.o(.ARM.Collect$$_printf_percent$$00000009) for _printf_d
    httpserver-socket.o(.text) refers to _printf_dec.o(.text) for _printf_int_dec
    httpserver-socket.o(.text) refers to rt_memclr.o(.text) for __aeabi_memclr
    httpserver-socket.o(.text) refers to noretval__2sprintf.o(.text) for __2sprintf
    httpserver-socket.o(.text) refers to strcat.o(.text) for strcat
    httpserver-socket.o(.text) refers to strlen.o(.text) for strlen
    httpserver-socket.o(.text) refers to tasks.o(.text) for vTaskList
    httpserver-socket.o(.text) refers to sockets.o(.text) for lwip_write
    httpserver-socket.o(.text) refers to strncmp.o(.text) for strncmp
    httpserver-socket.o(.text) refers to fs.o(.text) for fs_open
    httpserver-socket.o(.text) refers to inet.o(.text) for htons
    httpserver-socket.o(.text) refers to sys_arch.o(.text) for sys_thread_new
    httpserver-socket.o(.text) refers to httpserver-socket.o(.bss) for PAGE_BODY
    httpserver-socket.o(.text) refers to httpserver-socket.o(.data) for nPageHits
    httpserver-socket.o(.text) refers to httpserver-socket.o(.constdata) for PAGE_START
    httpclient-socket.o(.text) refers to tasks.o(.text) for vTaskDelay
    httpclient-socket.o(.text) refers to sys_arch.o(.text) for sys_thread_new
    miscellaneous.o(.text) refers to miscellaneous.o(.bss) for buf
    miscellaneous.o(.text) refers to miscellaneous.o(.data) for string
    hw_config.o(.text) refers to stm32f4xx_rcc.o(.text) for RCC_AHB1PeriphClockCmd
    hw_config.o(.text) refers to stm32f4xx_exti.o(.text) for EXTI_DeInit
    hw_config.o(.text) refers to stm32f4xx_tim.o(.text) for TIM_TimeBaseInit
    hw_config.o(.text) refers to misc.o(.text) for NVIC_Init
    hw_config.o(.text) refers to stm32f4xx_gpio.o(.text) for GPIO_Init
    hw_config.o(.text) refers to hw_config.o(.data) for counter_delay_ms
    flash_memory_driver.o(.text) refers to stm32f4xx_flash.o(.text) for FLASH_Unlock
    flash_memory_driver.o(.text) refers to uiappuser.o(.data) for Languages_Choose
    flash_memory_driver.o(.text) refers to flash_memory_driver.o(.data) for vu_mydata
[...]
    SDIO_ClearFlag                           0x08011e8b   Thumb Code     8  stm32f4xx_sdio.o(.text)
    SDIO_GetITStatus                         0x08011e93   Thumb Code    22  stm32f4xx_sdio.o(.text)
    SDIO_ClearITPendingBit                   0x08011ea9   Thumb Code     8  stm32f4xx_sdio.o(.text)
    SPI_I2S_DeInit                           0x08011ec1   Thumb Code    76  stm32f4xx_spi.o(.text)
    SPI_Init                                 0x08011f0d   Thumb Code    60  stm32f4xx_spi.o(.text)
    I2S_Init                                 0x08011f49   Thumb Code   350  stm32f4xx_spi.o(.text)
    SPI_StructInit                           0x080120a7   Thumb Code    24  stm32f4xx_spi.o(.text)
    I2S_StructInit                           0x080120bf   Thumb Code    20  stm32f4xx_spi.o(.text)
    SPI_Cmd                                  0x080120d3   Thumb Code    24  stm32f4xx_spi.o(.text)
    I2S_Cmd                                  0x080120eb   Thumb Code    24  stm32f4xx_spi.o(.text)
    SPI_DataSizeConfig                       0x08012103   Thumb Code    18  stm32f4xx_spi.o(.text)
    SPI_BiDirectionalLineConfig              0x08012115   Thumb Code    28  stm32f4xx_spi.o(.text)
    SPI_NSSInternalSoftwareConfig            0x08012131   Thumb Code    30  stm32f4xx_spi.o(.text)
    SPI_SSOutputCmd                          0x0801214f   Thumb Code    24  stm32f4xx_spi.o(.text)
    SPI_TIModeCmd                            0x08012167   Thumb Code    24  stm32f4xx_spi.o(.text)
    I2S_FullDuplexConfig                     0x0801217f   Thumb Code    80  stm32f4xx_spi.o(.text)
    SPI_I2S_ReceiveData                      0x080121cf   Thumb Code     6  stm32f4xx_spi.o(.text)
    SPI_I2S_SendData                         0x080121d5   Thumb Code     4  stm32f4xx_spi.o(.text)
    SPI_CalculateCRC                         0x080121d9   Thumb Code    24  stm32f4xx_spi.o(.text)
    SPI_TransmitCRC                          0x080121f1   Thumb Code    10  stm32f4xx_spi.o(.text)
    SPI_GetCRC                               0x080121fb   Thumb Code    16  stm32f4xx_spi.o(.text)
    SPI_GetCRCPolynomial                     0x0801220b   Thumb Code     6  stm32f4xx_spi.o(.text)
    SPI_I2S_DMACmd                           0x08012211   Thumb Code    18  stm32f4xx_spi.o(.text)
    SPI_I2S_ITConfig                         0x08012223   Thumb Code    32  stm32f4xx_spi.o(.text)
    SPI_I2S_GetFlagStatus                    0x08012243   Thumb Code    18  stm32f4xx_spi.o(.text)
    SPI_I2S_ClearFlag                        0x08012255   Thumb Code     6  stm32f4xx_spi.o(.text)
    SPI_I2S_GetITStatus                      0x0801225b   Thumb Code    52  stm32f4xx_spi.o(.text)
    SPI_I2S_ClearITPendingBit                0x0801228f   Thumb Code    42  stm32f4xx_spi.o(.text)
    FLASH_SetLatency                         0x080122b9   Thumb Code     6  stm32f4xx_flash.o(.text)
    FLASH_PrefetchBufferCmd                  0x080122bf   Thumb Code    30  stm32f4xx_flash.o(.text)
    FLASH_InstructionCacheCmd                0x080122dd   Thumb Code    30  stm32f4xx_flash.o(.text)
    FLASH_DataCacheCmd                       0x080122fb   Thumb Code    30  stm32f4xx_flash.o(.text)
    FLASH_InstructionCacheReset              0x08012319   Thumb Code    14  stm32f4xx_flash.o(.text)
    FLASH_DataCacheReset                     0x08012327   Thumb Code    14  stm32f4xx_flash.o(.text)
    FLASH_Unlock                             0x08012335   Thumb Code    26  stm32f4xx_flash.o(.text)
    FLASH_Lock                               0x0801234f   Thumb Code    18  stm32f4xx_flash.o(.text)
    FLASH_GetStatus                          0x08012361   Thumb Code    74  stm32f4xx_flash.o(.text)
    FLASH_WaitForLastOperation               0x080123ab   Thumb Code    34  stm32f4xx_flash.o(.text)
    FLASH_EraseSector                        0x080123cd   Thumb Code   140  stm32f4xx_flash.o(.text)
    FLASH_EraseAllSectors                    0x08012459   Thumb Code   112  stm32f4xx_flash.o(.text)
    FLASH_ProgramDoubleWord                  0x080124c9   Thumb Code    86  stm32f4xx_flash.o(.text)
    FLASH_ProgramWord                        0x0801251f   Thumb Code    82  stm32f4xx_flash.o(.text)
    FLASH_ProgramHalfWord                    0x08012571   Thumb Code    82  stm32f4xx_flash.o(.text)
    FLASH_ProgramByte                        0x080125c3   Thumb Code    78  stm32f4xx_flash.o(.text)
    FLASH_OB_Unlock                          0x08012611   Thumb Code    26  stm32f4xx_flash.o(.text)
    FLASH_OB_Lock                            0x0801262b   Thumb Code    18  stm32f4xx_flash.o(.text)
    FLASH_OB_WRPConfig                       0x0801263d   Thumb Code    54  stm32f4xx_flash.o(.text)
    FLASH_OB_RDPConfig                       0x08012673   Thumb Code    24  stm32f4xx_flash.o(.text)
    FLASH_OB_UserConfig                      0x0801268b   Thumb Code    68  stm32f4xx_flash.o(.text)
    FLASH_OB_BORConfig                       0x080126cf   Thumb Code    22  stm32f4xx_flash.o(.text)
    FLASH_OB_Launch                          0x080126e5   Thumb Code    26  stm32f4xx_flash.o(.text)
    FLASH_OB_GetUser                         0x080126ff   Thumb Code    10  stm32f4xx_flash.o(.text)
    FLASH_OB_GetWRP                          0x08012709   Thumb Code     8  stm32f4xx_flash.o(.text)
    FLASH_OB_GetRDP                          0x08012711   Thumb Code    20  stm32f4xx_flash.o(.text)
    FLASH_OB_GetBOR                          0x08012725   Thumb Code    10  stm32f4xx_flash.o(.text)
    FLASH_ITConfig                           0x0801272f   Thumb Code    34  stm32f4xx_flash.o(.text)
    FLASH_GetFlagStatus                      0x08012751   Thumb Code    22  stm32f4xx_flash.o(.text)
    FLASH_ClearFlag                          0x08012767   Thumb Code     8  stm32f4xx_flash.o(.text)
    ETH_DeInit                               0x08012791   Thumb Code    22  stm32f4x7_eth.o(.text)
    ETH_StructInit                           0x080127a7   Thumb Code   178  stm32f4x7_eth.o(.text)
    ETH_WritePHYRegister                     0x08012859   Thumb Code    96  stm32f4x7_eth.o(.text)
    ETH_ReadPHYRegister                      0x080128b9   Thumb Code    98  stm32f4x7_eth.o(.text)
    ETH_Init                                 0x0801291b   Thumb Code   650  stm32f4x7_eth.o(.text)
    ETH_DMAReceptionCmd                      0x08012ba5   Thumb Code    30  stm32f4x7_eth.o(.text)
    ETH_DMATransmissionCmd                   0x08012bc3   Thumb Code    30  stm32f4x7_eth.o(.text)
    ETH_MACReceptionCmd                      0x08012be1   Thumb Code    30  stm32f4x7_eth.o(.text)
    ETH_FlushTransmitFIFO                    0x08012bff   Thumb Code    14  stm32f4x7_eth.o(.text)
    ETH_MACTransmissionCmd                   0x08012c0d   Thumb Code    30  stm32f4x7_eth.o(.text)
    ETH_Start                                0x08012c2b   Thumb Code    78  stm32f4x7_eth.o(.text)
    ETH_GetFlowControlBusyStatus             0x08012c79   Thumb Code    20  stm32f4x7_eth.o(.text)
    ETH_InitiatePauseControlFrame            0x08012c8d   Thumb Code    14  stm32f4x7_eth.o(.text)
    ETH_BackPressureActivationCmd            0x08012c9b   Thumb Code    30  stm32f4x7_eth.o(.text)
    ETH_GetMACFlagStatus                     0x08012cb9   Thumb Code    20  stm32f4x7_eth.o(.text)
    ETH_GetMACITStatus                       0x08012ccd   Thumb Code    20  stm32f4x7_eth.o(.text)
    ETH_MACITConfig                          0x08012ce1   Thumb Code    26  stm32f4x7_eth.o(.text)
    ETH_MACAddressConfig                     0x08012cfb   Thumb Code    46  stm32f4x7_eth.o(.text)
    ETH_GetMACAddress                        0x08012d29   Thumb Code    36  stm32f4x7_eth.o(.text)
    ETH_MACAddressPerfectFilterCmd           0x08012d4d   Thumb Code    38  stm32f4x7_eth.o(.text)
    ETH_MACAddressFilterConfig               0x08012d73   Thumb Code    40  stm32f4x7_eth.o(.text)
    ETH_MACAddressMaskBytesFilterConfig      0x08012d9b   Thumb Code    32  stm32f4x7_eth.o(.text)
    ETH_Get_Received_Frame                   0x08012dbb   Thumb Code    82  stm32f4x7_eth.o(.text)
    ETH_Get_Received_Frame_interrupt         0x08012e0d   Thumb Code   268  stm32f4x7_eth.o(.text)
    ETH_Prepare_Transmit_Descriptors         0x08012f19   Thumb Code   222  stm32f4x7_eth.o(.text)
    ETH_DMARxDescChainInit                   0x08012ff7   Thumb Code    82  stm32f4x7_eth.o(.text)
    ETH_CheckFrameReceived                   0x08013049   Thumb Code   216  stm32f4x7_eth.o(.text)
    ETH_DMATxDescChainInit                   0x08013121   Thumb Code    70  stm32f4x7_eth.o(.text)
    ETH_GetDMATxDescFlagStatus               0x08013167   Thumb Code    18  stm32f4x7_eth.o(.text)
    ETH_GetDMATxDescCollisionCount           0x08013179   Thumb Code    10  stm32f4x7_eth.o(.text)
    ETH_SetDMATxDescOwnBit                   0x08013183   Thumb Code    10  stm32f4x7_eth.o(.text)
    ETH_DMATxDescTransmitITConfig            0x0801318d   Thumb Code    22  stm32f4x7_eth.o(.text)
    ETH_DMATxDescFrameSegmentConfig          0x080131a3   Thumb Code     8  stm32f4x7_eth.o(.text)
    ETH_DMATxDescChecksumInsertionConfig     0x080131ab   Thumb Code     8  stm32f4x7_eth.o(.text)
    ETH_DMATxDescCRCCmd                      0x080131b3   Thumb Code    22  stm32f4x7_eth.o(.text)
    ETH_DMATxDescSecondAddressChainedCmd     0x080131c9   Thumb Code    22  stm32f4x7_eth.o(.text)
    ETH_DMATxDescShortFramePaddingCmd        0x080131df   Thumb Code    22  stm32f4x7_eth.o(.text)
    ETH_DMATxDescBufferSizeConfig            0x080131f5   Thumb Code    14  stm32f4x7_eth.o(.text)
    ETH_GetDMARxDescFlagStatus               0x08013203   Thumb Code    18  stm32f4x7_eth.o(.text)
    ETH_GetDMAPTPRxDescExtendedFlagStatus    0x08013215   Thumb Code    18  stm32f4x7_eth.o(.text)
    ETH_SetDMARxDescOwnBit                   0x08013227   Thumb Code    10  stm32f4x7_eth.o(.text)
    ETH_GetDMARxDescFrameLength              0x08013231   Thumb Code    10  stm32f4x7_eth.o(.text)
    ETH_DMARxDescReceiveITConfig             0x0801323b   Thumb Code    22  stm32f4x7_eth.o(.text)
    ETH_GetDMARxDescBufferSize               0x08013251   Thumb Code    20  stm32f4x7_eth.o(.text)
    ETH_GetRxPktSize                         0x08013265   Thumb Code    42  stm32f4x7_eth.o(.text)
    ETH_EnhancedDescriptorCmd                0x0801328f   Thumb Code    30  stm32f4x7_eth.o(.text)
    ETH_SoftwareReset                        0x080132ad   Thumb Code    14  stm32f4x7_eth.o(.text)
    ETH_GetSoftwareResetStatus               0x080132bb   Thumb Code    20  stm32f4x7_eth.o(.text)
    ETH_GetDMAFlagStatus                     0x080132cf   Thumb Code    20  stm32f4x7_eth.o(.text)
    ETH_DMAClearFlag                         0x080132e3   Thumb Code     6  stm32f4x7_eth.o(.text)
    ETH_DMAITConfig                          0x080132e9   Thumb Code    26  stm32f4x7_eth.o(.text)
    ETH_GetDMAITStatus                       0x08013303   Thumb Code    20  stm32f4x7_eth.o(.text)
    ETH_DMAClearITPendingBit                 0x08013317   Thumb Code     6  stm32f4x7_eth.o(.text)
    ETH_GetTransmitProcessState              0x0801331d   Thumb Code    10  stm32f4x7_eth.o(.text)
    ETH_GetReceiveProcessState               0x08013327   Thumb Code    10  stm32f4x7_eth.o(.text)
    ETH_GetFlushTransmitFIFOStatus           0x08013331   Thumb Code    20  stm32f4x7_eth.o(.text)
    ETH_GetDMAOverflowStatus                 0x08013345   Thumb Code    20  stm32f4x7_eth.o(.text)
    ETH_GetRxOverflowMissedFrameCounter      0x08013359   Thumb Code    10  stm32f4x7_eth.o(.text)
    ETH_GetBufferUnavailableMissedFrameCounter 0x08013363   Thumb Code     8  stm32f4x7_eth.o(.text)
    ETH_GetCurrentTxDescStartAddress         0x0801336b   Thumb Code     6  stm32f4x7_eth.o(.text)
    ETH_GetCurrentRxDescStartAddress         0x08013371   Thumb Code     6  stm32f4x7_eth.o(.text)
    ETH_GetCurrentTxBufferAddress            0x08013377   Thumb Code     6  stm32f4x7_eth.o(.text)
    ETH_GetCurrentRxBufferAddress            0x0801337d   Thumb Code     6  stm32f4x7_eth.o(.text)
    ETH_ResumeDMATransmission                0x08013383   Thumb Code     8  stm32f4x7_eth.o(.text)
    ETH_ResumeDMAReception                   0x0801338b   Thumb Code     8  stm32f4x7_eth.o(.text)
    ETH_SetReceiveWatchdogTimer              0x08013393   Thumb Code     6  stm32f4x7_eth.o(.text)
    ETH_PHYLoopBackCmd                       0x08013399   Thumb Code    52  stm32f4x7_eth.o(.text)
    ETH_ResetWakeUpFrameFilterRegisterPointer 0x080133cd   Thumb Code    14  stm32f4x7_eth.o(.text)
    ETH_SetWakeUpFrameFilterRegister         0x080133db   Thumb Code    24  stm32f4x7_eth.o(.text)
    ETH_GlobalUnicastWakeUpCmd               0x080133f3   Thumb Code    30  stm32f4x7_eth.o(.text)
    ETH_GetPMTFlagStatus                     0x08013411   Thumb Code    20  stm32f4x7_eth.o(.text)
    ETH_WakeUpFrameDetectionCmd              0x08013425   Thumb Code    30  stm32f4x7_eth.o(.text)
    ETH_MagicPacketDetectionCmd              0x08013443   Thumb Code    30  stm32f4x7_eth.o(.text)
    ETH_PowerDownCmd                         0x08013461   Thumb Code    50  stm32f4x7_eth.o(.text)
    ETH_MMCCounterFullPreset                 0x08013493   Thumb Code    16  stm32f4x7_eth.o(.text)
    ETH_MMCCounterHalfPreset                 0x080134a3   Thumb Code    30  stm32f4x7_eth.o(.text)
    ETH_MMCCounterFreezeCmd                  0x080134c1   Thumb Code    34  stm32f4x7_eth.o(.text)
    ETH_MMCResetOnReadCmd                    0x080134e3   Thumb Code    34  stm32f4x7_eth.o(.text)
    ETH_MMCCounterRolloverCmd                0x08013505   Thumb Code    34  stm32f4x7_eth.o(.text)
    ETH_MMCCountersReset                     0x08013527   Thumb Code    16  stm32f4x7_eth.o(.text)
    ETH_MMCITConfig                          0x08013537   Thumb Code    78  stm32f4x7_eth.o(.text)
    ETH_GetMMCITStatus                       0x08013585   Thumb Code    66  stm32f4x7_eth.o(.text)
    ETH_GetMMCRegister                       0x080135c7   Thumb Code     8  stm32f4x7_eth.o(.text)
    vListInitialise                          0x080135d9   Thumb Code    26  list.o(.text)
    vListInitialiseItem                      0x080135f3   Thumb Code     6  list.o(.text)
    vListInsertEnd                           0x080135f9   Thumb Code    24  list.o(.text)
    vListInsert                              0x08013611   Thumb Code    52  list.o(.text)
    uxListRemove                             0x08013645   Thumb Code    40  list.o(.text)
    xQueueGenericReset                       0x0801366d   Thumb Code   146  queue.o(.text)
    xQueueGenericCreate                      0x08013729   Thumb Code    88  queue.o(.text)
    xQueueGenericSend                        0x08013899   Thumb Code   380  queue.o(.text)
    xQueueCreateMutex                        0x08013a31   Thumb Code    34  queue.o(.text)
    xQueueGiveMutexRecursive                 0x08013a53   Thumb Code    72  queue.o(.text)
    xQueueGenericReceive                     0x08013ae3   Thumb Code   406  queue.o(.text)
    xQueueTakeMutexRecursive                 0x08013c79   Thumb Code    82  queue.o(.text)
    xQueueCreateCountingSemaphore            0x08013ccb   Thumb Code    92  queue.o(.text)
    xQueueGenericSendFromISR                 0x08013d27   Thumb Code   248  queue.o(.text)
    xQueueGiveFromISR                        0x08013e1f   Thumb Code   224  queue.o(.text)
    xQueueReceiveFromISR                     0x08013eff   Thumb Code   210  queue.o(.text)
    xQueuePeekFromISR                        0x08013fd1   Thumb Code   176  queue.o(.text)
    uxQueueMessagesWaiting                   0x08014081   Thumb Code    42  queue.o(.text)
    uxQueueSpacesAvailable                   0x080140ab   Thumb Code    48  queue.o(.text)
    uxQueueMessagesWaitingFromISR            0x080140db   Thumb Code    30  queue.o(.text)
    vQueueUnregisterQueue                    0x080140f9   Thumb Code    44  queue.o(.text)
    vQueueDelete                             0x08014125   Thumb Code    44  queue.o(.text)
    uxQueueGetQueueNumber                    0x08014151   Thumb Code     6  queue.o(.text)
    vQueueSetQueueNumber                     0x08014157   Thumb Code     4  queue.o(.text)
    ucQueueGetQueueType                      0x0801415b   Thumb Code     8  queue.o(.text)
    xQueueIsQueueEmptyFromISR                0x08014163   Thumb Code    38  queue.o(.text)
    xQueueIsQueueFullFromISR                 0x08014189   Thumb Code    42  queue.o(.text)
    vQueueAddToRegistry                      0x080141b3   Thumb Code    38  queue.o(.text)
    pcQueueGetName                           0x080141d9   Thumb Code    38  queue.o(.text)
    xTaskCreate                              0x0801439b   Thumb Code    96  tasks.o(.text)
    vTaskDelete                              0x08014437   Thumb Code   202  tasks.o(.text)
    xTaskIncrementTick                       0x08014501   Thumb Code   380  tasks.o(.text)
    xTaskResumeAll                           0x0801467d   Thumb Code   224  tasks.o(.text)
    vTaskSuspendAll                          0x080147d9   Thumb Code    12  tasks.o(.text)
    vTaskDelay                               0x080147e5   Thumb Code    82  tasks.o(.text)
    eTaskGetState                            0x08014837   Thumb Code   112  tasks.o(.text)
    uxTaskPriorityGet                        0x080148a7   Thumb Code    30  tasks.o(.text)
    uxTaskPriorityGetFromISR                 0x080148c5   Thumb Code    62  tasks.o(.text)
    vTaskPrioritySet                         0x08014903   Thumb Code   260  tasks.o(.text)
    vTaskSwitchContext                       0x08014a07   Thumb Code   236  tasks.o(.text)
    vTaskSuspend                             0x08014af3   Thumb Code   196  tasks.o(.text)
    vTaskResume                              0x08014c07   Thumb Code   128  tasks.o(.text)
    xTaskResumeFromISR                       0x08014c87   Thumb Code   158  tasks.o(.text)
    vTaskStartScheduler                      0x08014d9b   Thumb Code   108  tasks.o(.text)
    vTaskEndScheduler                        0x08014e07   Thumb Code    32  tasks.o(.text)
    xTaskGetTickCount                        0x08014e27   Thumb Code     6  tasks.o(.text)
    xTaskGetTickCountFromISR                 0x08014e2d   Thumb Code    16  tasks.o(.text)
    uxTaskGetNumberOfTasks                   0x08014e3d   Thumb Code     6  tasks.o(.text)
    pcTaskGetName                            0x08014e43   Thumb Code    44  tasks.o(.text)
    vTaskGetInfo                             0x08014ec9   Thumb Code   114  tasks.o(.text)
    uxTaskGetSystemState                     0x08014fa5   Thumb Code   152  tasks.o(.text)
    vTaskPlaceOnEventList                    0x0801503d   Thumb Code    52  tasks.o(.text)
    vTaskPlaceOnUnorderedEventList           0x08015071   Thumb Code   100  tasks.o(.text)
    xTaskRemoveFromEventList                 0x080150d5   Thumb Code   128  tasks.o(.text)
    xTaskRemoveFromUnorderedEventList        0x08015155   Thumb Code   154  tasks.o(.text)
    vTaskSetTimeOutState                     0x080151ef   Thumb Code    38  tasks.o(.text)
    xTaskCheckForTimeOut                     0x08015215   Thumb Code   132  tasks.o(.text)
    vTaskMissedYield                         0x08015299   Thumb Code     8  tasks.o(.text)
    uxTaskGetTaskNumber                      0x080152a1   Thumb Code    14  tasks.o(.text)
    vTaskSetTaskNumber                       0x080152af   Thumb Code    62  tasks.o(.text)
    xTaskGetCurrentTaskHandle                0x080152ed   Thumb Code     6  tasks.o(.text)
    vTaskPriorityInherit                     0x080152f3   Thumb Code   164  tasks.o(.text)
    xTaskPriorityDisinherit                  0x08015397   Thumb Code   188  tasks.o(.text)
    vTaskList                                0x0801547d   Thumb Code   204  tasks.o(.text)
    uxTaskResetEventItemValue                0x08015549   Thumb Code    24  tasks.o(.text)
    pvTaskIncrementMutexHeldCount            0x08015561   Thumb Code    26  tasks.o(.text)
    ulTaskNotifyTake                         0x0801557b   Thumb Code   108  tasks.o(.text)
    xTaskNotifyWait                          0x080155e7   Thumb Code   150  tasks.o(.text)
    xTaskGenericNotify                       0x0801567d   Thumb Code   280  tasks.o(.text)
    xTaskGenericNotifyFromISR                0x08015795   Thumb Code   298  tasks.o(.text)
    vTaskNotifyGiveFromISR                   0x080158bf   Thumb Code   216  tasks.o(.text)
    xTaskNotifyStateClear                    0x08015997   Thumb Code    48  tasks.o(.text)
    pxPortInitialiseStack                    0x08015a21   Thumb Code    38  port.o(.text)
    vPortSetupTimerInterrupt                 0x08015a47   Thumb Code    14  port.o(.text)
    xPortStartScheduler                      0x08015a55   Thumb Code   288  port.o(.text)
    vPortEndScheduler                        0x08015b75   Thumb Code    42  port.o(.text)
    vPortEnterCritical                       0x08015b9f   Thumb Code    78  port.o(.text)
    vPortExitCritical                        0x08015bed   Thumb Code    56  port.o(.text)
    SysTick_Handler                          0x08015c25   Thumb Code    48  port.o(.text)
    vPortValidateInterruptPriority           0x08015c55   Thumb Code   108  port.o(.text)
    pvPortMalloc                             0x08015d0f   Thumb Code   176  heap_2.o(.text)
    vPortFree                                0x08015dbf   Thumb Code    56  heap_2.o(.text)
    xPortGetFreeHeapSize                     0x08015df7   Thumb Code     6  heap_2.o(.text)
    vPortInitialiseBlocks                    0x08015dfd   Thumb Code     2  heap_2.o(.text)
    Reset_Handler                            0x08015e15   Thumb Code     8  startup_stm32f4xx.o(.text)
    ADC_IRQHandler                           0x08015e2f   Thumb Code     0  startup_stm32f4xx.o(.text)
    CAN1_RX0_IRQHandler                      0x08015e2f   Thumb Code     0  startup_stm32f4xx.o(.text)
    CAN1_RX1_IRQHandler                      0x08015e2f   Thumb Code     0  startup_stm32f4xx.o(.text)
    CAN1_SCE_IRQHandler                      0x08015e2f   Thumb Code     0  startup_stm32f4xx.o(.text)
    CAN1_TX_IRQHandler                       0x08015e2f   Thumb Code     0  startup_stm32f4xx.o(.text)
    CAN2_RX0_IRQHandler                      0x08015e2f   Thumb Code     0  startup_stm32f4xx.o(.text)
    CAN2_RX1_IRQHandler                      0x08015e2f   Thumb Code     0  startup_stm32f4xx.o(.text)
    CAN2_SCE_IRQHandler                      0x08015e2f   Thumb Code     0  startup_stm32f4xx.o(.text)
    CAN2_TX_IRQHandler                       0x08015e2f   Thumb Code     0  startup_stm32f4xx.o(.text)
    CRYP_IRQHandler                          0x08015e2f   Thumb Code     0  startup_stm32f4xx.o(.text)
    DCMI_IRQHandler                          0x08015e2f   Thumb Code     0  startup_stm32f4xx.o(.text)
    DMA1_Stream0_IRQHandler                  0x08015e2f   Thumb Code     0  startup_stm32f4xx.o(.text)
    DMA1_Stream1_IRQHandler                  0x08015e2f   Thumb Code     0  startup_stm32f4xx.o(.text)
    DMA1_Stream2_IRQHandler                  0x08015e2f   Thumb Code     0  startup_stm32f4xx.o(.text)
    DMA1_Stream3_IRQHandler                  0x08015e2f   Thumb Code     0  startup_stm32f4xx.o(.text)
    DMA1_Stream4_IRQHandler                  0x08015e2f   Thumb Code     0  startup_stm32f4xx.o(.text)
    DMA1_Stream5_IRQHandler                  0x08015e2f   Thumb Code     0  startup_stm32f4xx.o(.text)
    DMA1_Stream6_IRQHandler                  0x08015e2f   Thumb Code     0  startup_stm32f4xx.o(.text)
    DMA1_Stream7_IRQHandler                  0x08015e2f   Thumb Code     0  startup_stm32f4xx.o(.text)
    DMA2_Stream0_IRQHandler                  0x08015e2f   Thumb Code     0  startup_stm32f4xx.o(.text)
    DMA2_Stream1_IRQHandler                  0x08015e2f   Thumb Code     0  startup_stm32f4xx.o(.text)
    DMA2_Stream2_IRQHandler                  0x08015e2f   Thumb Code     0  startup_stm32f4xx.o(.text)
    DMA2_Stream3_IRQHandler                  0x08015e2f   Thumb Code     0  startup_stm32f4xx.o(.text)
    DMA2_Stream4_IRQHandler                  0x08015e2f   Thumb Code     0  startup_stm32f4xx.o(.text)
    DMA2_Stream5_IRQHandler                  0x08015e2f   Thumb Code     0  startup_stm32f4xx.o(.text)
    DMA2_Stream6_IRQHandler                  0x08015e2f   Thumb Code     0  startup_stm32f4xx.o(.text)
    DMA2_Stream7_IRQHandler                  0x08015e2f   Thumb Code     0  startup_stm32f4xx.o(.text)
    ETH_WKUP_IRQHandler                      0x08015e2f   Thumb Code     0  startup_stm32f4xx.o(.text)
    EXTI0_IRQHandler                         0x08015e2f   Thumb Code     0  startup_stm32f4xx.o(.text)
    EXTI15_10_IRQHandler                     0x08015e2f   Thumb Code     0  startup_stm32f4xx.o(.text)
    EXTI1_IRQHandler                         0x08015e2f   Thumb Code     0  startup_stm32f4xx.o(.text)
    EXTI2_IRQHandler                         0x08015e2f   Thumb Code     0  startup_stm32f4xx.o(.text)
    EXTI3_IRQHandler                         0x08015e2f   Thumb Code     0  startup_stm32f4xx.o(.text)
    EXTI4_IRQHandler                         0x08015e2f   Thumb Code     0  startup_stm32f4xx.o(.text)
    EXTI9_5_IRQHandler                       0x08015e2f   Thumb Code     0  startup_stm32f4xx.o(.text)
    FLASH_IRQHandler                         0x08015e2f   Thumb Code     0  startup_stm32f4xx.o(.text)
    FPU_IRQHandler                           0x08015e2f   Thumb Code     0  startup_stm32f4xx.o(.text)
    FSMC_IRQHandler                          0x08015e2f   Thumb Code     0  startup_stm32f4xx.o(.text)
    HASH_RNG_IRQHandler                      0x08015e2f   Thumb Code     0  startup_stm32f4xx.o(.text)
    I2C1_ER_IRQHandler                       0x08015e2f   Thumb Code     0  startup_stm32f4xx.o(.text)
    I2C1_EV_IRQHandler                       0x08015e2f   Thumb Code     0  startup_stm32f4xx.o(.text)
    I2C2_ER_IRQHandler                       0x08015e2f   Thumb Code     0  startup_stm32f4xx.o(.text)
    I2C2_EV_IRQHandler                       0x08015e2f   Thumb Code     0  startup_stm32f4xx.o(.text)
    I2C3_ER_IRQHandler                       0x08015e2f   Thumb Code     0  startup_stm32f4xx.o(.text)
    I2C3_EV_IRQHandler                       0x08015e2f   Thumb Code     0  startup_stm32f4xx.o(.text)
    OTG_FS_IRQHandler                        0x08015e2f   Thumb Code     0  startup_stm32f4xx.o(.text)
    OTG_FS_WKUP_IRQHandler                   0x08015e2f   Thumb Code     0  startup_stm32f4xx.o(.text)
    OTG_HS_EP1_IN_IRQHandler                 0x08015e2f   Thumb Code     0  startup_stm32f4xx.o(.text)
    OTG_HS_EP1_OUT_IRQHandler                0x08015e2f   Thumb Code     0  startup_stm32f4xx.o(.text)
    OTG_HS_IRQHandler                        0x08015e2f   Thumb Code     0  startup_stm32f4xx.o(.text)
    OTG_HS_WKUP_IRQHandler                   0x08015e2f   Thumb Code     0  startup_stm32f4xx.o(.text)
    PVD_IRQHandler                           0x08015e2f   Thumb Code     0  startup_stm32f4xx.o(.text)
    RCC_IRQHandler                           0x08015e2f   Thumb Code     0  startup_stm32f4xx.o(.text)
    RTC_Alarm_IRQHandler                     0x08015e2f   Thumb Code     0  startup_stm32f4xx.o(.text)
    RTC_WKUP_IRQHandler                      0x08015e2f   Thumb Code     0  startup_stm32f4xx.o(.text)
    SDIO_IRQHandler                          0x08015e2f   Thumb Code     0  startup_stm32f4xx.o(.text)
    SPI1_IRQHandler                          0x08015e2f   Thumb Code     0  startup_stm32f4xx.o(.text)
    SPI2_IRQHandler                          0x08015e2f   Thumb Code     0  startup_stm32f4xx.o(.text)
    SPI3_IRQHandler                          0x08015e2f   Thumb Code     0  startup_stm32f4xx.o(.text)
    TAMP_STAMP_IRQHandler                    0x08015e2f   Thumb Code     0  startup_stm32f4xx.o(.text)
    TIM1_BRK_TIM9_IRQHandler                 0x08015e2f   Thumb Code     0  startup_stm32f4xx.o(.text)
    TIM1_CC_IRQHandler                       0x08015e2f   Thumb Code     0  startup_stm32f4xx.o(.text)
    TIM1_TRG_COM_TIM11_IRQHandler            0x08015e2f   Thumb Code     0  startup_stm32f4xx.o(.text)
    TIM1_UP_TIM10_IRQHandler                 0x08015e2f   Thumb Code     0  startup_stm32f4xx.o(.text)
    TIM5_IRQHandler                          0x08015e2f   Thumb Code     0  startup_stm32f4xx.o(.text)
    TIM6_DAC_IRQHandler                      0x08015e2f   Thumb Code     0  startup_stm32f4xx.o(.text)
    TIM7_IRQHandler                          0x08015e2f   Thumb Code     0  startup_stm32f4xx.o(.text)
    TIM8_BRK_TIM12_IRQHandler                0x08015e2f   Thumb Code     0  startup_stm32f4xx.o(.text)
    TIM8_CC_IRQHandler                       0x08015e2f   Thumb Code     0  startup_stm32f4xx.o(.text)
    TIM8_TRG_COM_TIM14_IRQHandler            0x08015e2f   Thumb Code     0  startup_stm32f4xx.o(.text)
    TIM8_UP_TIM13_IRQHandler                 0x08015e2f   Thumb Code     0  startup_stm32f4xx.o(.text)
    UART4_IRQHandler                         0x08015e2f   Thumb Code     0  startup_stm32f4xx.o(.text)
    UART5_IRQHandler                         0x08015e2f   Thumb Code     0  startup_stm32f4xx.o(.text)
    USART1_IRQHandler                        0x08015e2f   Thumb Code     0  startup_stm32f4xx.o(.text)
    USART2_IRQHandler                        0x08015e2f   Thumb Code     0  startup_stm32f4xx.o(.text)
    USART3_IRQHandler                        0x08015e2f   Thumb Code     0  startup_stm32f4xx.o(.text)
    USART6_IRQHandler                        0x08015e2f   Thumb Code     0  startup_stm32f4xx.o(.text)
    WWDG_IRQHandler                          0x08015e2f   Thumb Code     0  startup_stm32f4xx.o(.text)
    __user_initial_stackheap                 0x08015e31   Thumb Code     0  startup_stm32f4xx.o(.text)
    malloc                                   0x08015e55   Thumb Code    94  h1_alloc.o(.text)
    free                                     0x08015eb3   Thumb Code    78  h1_free.o(.text)
    __2sprintf                               0x08015f01   Thumb Code    34  noretval__2sprintf.o(.text)
    _printf_pre_padding                      0x08015f29   Thumb Code    44  _printf_pad.o(.text)
    _printf_post_padding                     0x08015f55   Thumb Code    34  _printf_pad.o(.text)
    _printf_str                              0x08015f77   Thumb Code    82  _printf_str.o(.text)
    _printf_int_dec                          0x08015fc9   Thumb Code   104  _printf_dec.o(.text)
    __printf                                 0x08016041   Thumb Code   270  __printf_wp.o(.text)
    strcpy                                   0x0801614f   Thumb Code    72  strcpy.o(.text)
    strlen                                   0x08016197   Thumb Code    62  strlen.o(.text)
    __aeabi_memcpy                           0x080161d5   Thumb Code     0  rt_memcpy_v6.o(.text)
    __rt_memcpy                              0x080161d5   Thumb Code   138  rt_memcpy_v6.o(.text)
    _memcpy_lastbytes                        0x0801623b   Thumb Code     0  rt_memcpy_v6.o(.text)
    __aeabi_memset                           0x0801625f   Thumb Code    16  aeabi_memset.o(.text)
    __aeabi_memclr                           0x0801626f   Thumb Code     0  rt_memclr.o(.text)
    __rt_memclr                              0x0801626f   Thumb Code    68  rt_memclr.o(.text)
    _memset                                  0x08016273   Thumb Code     0  rt_memclr.o(.text)
    __aeabi_memclr4                          0x080162b3   Thumb Code     0  rt_memclr_w.o(.text)
    __aeabi_memclr8                          0x080162b3   Thumb Code     0  rt_memclr_w.o(.text)
    __rt_memclr_w                            0x080162b3   Thumb Code    78  rt_memclr_w.o(.text)
    _memset_w                                0x080162b7   Thumb Code     0  rt_memclr_w.o(.text)
    strncpy                                  0x08016301   Thumb Code    86  strncpy.o(.text)
    strcmp                                   0x08016359   Thumb Code   128  strcmpv7m.o(.text)
    __use_two_region_memory                  0x080163d9   Thumb Code     2  heapauxi.o(.text)
    __rt_heap_escrow                         0x080163db   Thumb Code     2  heapauxi.o(.text)
    __rt_heap_expand                         0x080163dd   Thumb Code     2  heapauxi.o(.text)
    __rt_heap_descriptor                     0x080163e1   Thumb Code     8  rt_heap_descriptor_intlibspace.o(.text)
    __use_no_heap                            0x080163e9   Thumb Code     2  hguard.o(.text)
    __heap$guard                             0x080163eb   Thumb Code     2  hguard.o(.text)
    _terminate_user_alloc                    0x080163ed   Thumb Code     2  init_alloc.o(.text)
    _init_user_alloc                         0x080163ef   Thumb Code     2  init_alloc.o(.text)
    __Heap_Full                              0x080163f1   Thumb Code    34  init_alloc.o(.text)
    __Heap_Broken                            0x08016413   Thumb Code     6  init_alloc.o(.text)
    _init_alloc                              0x08016419   Thumb Code    94  init_alloc.o(.text)
    __Heap_Initialize                        0x08016477   Thumb Code    10  h1_init.o(.text)
    __Heap_DescSize                          0x08016481   Thumb Code     4  h1_init.o(.text)
    _printf_int_common                       0x08016485   Thumb Code   178  _printf_intcommon.o(.text)
    __lib_sel_fp_printf                      0x08016537   Thumb Code     2  _printf_fp_dec.o(.text)
    _printf_fp_dec_real                      0x080166e5   Thumb Code   620  _printf_fp_dec.o(.text)
    _printf_char_common                      0x0801695b   Thumb Code    32  _printf_char_common.o(.text)
    _sputc                                   0x08016981   Thumb Code    10  _sputc.o(.text)
    _printf_cs_common                        0x0801698b   Thumb Code    20  _printf_char.o(.text)
    _printf_char                             0x0801699f   Thumb Code    16  _printf_char.o(.text)
    _printf_string                           0x080169af   Thumb Code     8  _printf_char.o(.text)
    __aeabi_memcpy4                          0x080169b7   Thumb Code     0  rt_memcpy_w.o(.text)
    __aeabi_memcpy8                          0x080169b7   Thumb Code     0  rt_memcpy_w.o(.text)
    __rt_memcpy_w                            0x080169b7   Thumb Code   100  rt_memcpy_w.o(.text)
    _memcpy_lastbytes_aligned                0x080169ff   Thumb Code     0  rt_memcpy_w.o(.text)
    __user_libspace                          0x08016a1d   Thumb Code     8  libspace.o(.text)
    __user_perproc_libspace                  0x08016a1d   Thumb Code     0  libspace.o(.text)
    __user_perthread_libspace                0x08016a1d   Thumb Code     0  libspace.o(.text)
    __rt_locale                              0x08016a25   Thumb Code     8  rt_locale_intlibspace.o(.text)
    __Heap_ProvideMemory                     0x08016a2d   Thumb Code    52  h1_extend.o(.text)
    _ll_udiv10                               0x08016a61   Thumb Code   138  lludiv10.o(.text)
    _printf_fp_infnan                        0x08016aed   Thumb Code   112  _printf_fp_infnan.o(.text)
    _btod_etento                             0x08016b6d   Thumb Code   216  bigflt0.o(.text)
    __rt_SIGRTMEM                            0x08016c49   Thumb Code    14  defsig_rtmem_outer.o(.text)
    __I$use$semihosting                      0x08016c57   Thumb Code     0  use_no_semi.o(.text)
    __use_no_semihosting_swi                 0x08016c57   Thumb Code     2  use_no_semi.o(.text)
    __semihosting_library_function           0x08016c59   Thumb Code     0  indicate_semi.o(.text)
    __user_setup_stackheap                   0x08016c59   Thumb Code    74  sys_stackheap_outer.o(.text)
    exit                                     0x08016ca3   Thumb Code    12  exit.o(.text)
    __sig_exit                               0x08016caf   Thumb Code    10  defsig_exit.o(.text)
    __rt_SIGRTMEM_inner                      0x08016cb9   Thumb Code    22  defsig_rtmem_inner.o(.text)
    _sys_exit                                0x08016d09   Thumb Code     8  sys_exit.o(.text)
    __default_signal_display                 0x08016d15   Thumb Code    50  defsig_general.o(.text)
    _ttywrch                                 0x08016d47   Thumb Code    14  sys_wrch.o(.text)
    _btod_d2e                                0x08016d55   Thumb Code    62  btod.o(CL$$btod_d2e)
    _d2e_denorm_low                          0x08016d93   Thumb Code    70  btod.o(CL$$btod_d2e_denorm_low)
    _d2e_norm_op1                            0x08016dd9   Thumb Code    96  btod.o(CL$$btod_d2e_norm_op1)
    __btod_div_common                        0x08016e39   Thumb Code   696  btod.o(CL$$btod_div_common)
    _e2e                                     0x08017171   Thumb Code   198  btod.o(CL$$btod_e2e)
    _btod_ediv                               0x08017237   Thumb Code    40  btod.o(CL$$btod_ediv)
    _btod_emul                               0x0801725f   Thumb Code    40  btod.o(CL$$btod_emul)
    __btod_mult_common                       0x08017287   Thumb Code   580  btod.o(CL$$btod_mult_common)
    __ARM_fpclassify                         0x080174cb   Thumb Code    48  fpclassify.o(i.__ARM_fpclassify)
    _is_digit                                0x080174fb   Thumb Code    14  __printf_wp.o(i._is_digit)
    _get_lc_numeric                          0x08017509   Thumb Code    44  lc_numeric_c.o(locale$$code)
    __aeabi_d2f                              0x08017535   Thumb Code     0  d2f.o(x$fpl$d2f)
    _d2f                                     0x08017535   Thumb Code    98  d2f.o(x$fpl$d2f)
    __aeabi_dadd                             0x08017599   Thumb Code     0  daddsub_clz.o(x$fpl$dadd)
    _dadd                                    0x08017599   Thumb Code   332  daddsub_clz.o(x$fpl$dadd)
    __fpl_dcmp_Inf                           0x080176e9   Thumb Code    24  dcmpi.o(x$fpl$dcmpinf)
    __aeabi_ddiv                             0x08017701   Thumb Code     0  ddiv.o(x$fpl$ddiv)
    _ddiv                                    0x08017701   Thumb Code   552  ddiv.o(x$fpl$ddiv)
    __aeabi_d2uiz                            0x080179b1   Thumb Code     0  dfixu.o(x$fpl$dfixu)
    _dfixu                                   0x080179b1   Thumb Code    90  dfixu.o(x$fpl$dfixu)
    __aeabi_i2d                              0x08017a0b   Thumb Code     0  dflt_clz.o(x$fpl$dflt)
    _dflt                                    0x08017a0b   Thumb Code    46  dflt_clz.o(x$fpl$dflt)
    __aeabi_ui2d                             0x08017a39   Thumb Code     0  dflt_clz.o(x$fpl$dfltu)
    _dfltu                                   0x08017a39   Thumb Code    38  dflt_clz.o(x$fpl$dfltu)
    __aeabi_cdcmple                          0x08017a61   Thumb Code     0  dleqf.o(x$fpl$dleqf)
    _dcmple                                  0x08017a61   Thumb Code   120  dleqf.o(x$fpl$dleqf)
    __fpl_dcmple_InfNaN                      0x08017ac3   Thumb Code     0  dleqf.o(x$fpl$dleqf)
    __aeabi_dmul                             0x08017ad9   Thumb Code     0  dmul.o(x$fpl$dmul)
    _dmul                                    0x08017ad9   Thumb Code   332  dmul.o(x$fpl$dmul)
    __fpl_dnaninf                            0x08017c2d   Thumb Code   156  dnaninf.o(x$fpl$dnaninf)
    __fpl_dretinf                            0x08017cc9   Thumb Code    12  dretinf.o(x$fpl$dretinf)
    __aeabi_cdrcmple                         0x08017cd5   Thumb Code     0  drleqf.o(x$fpl$drleqf)
    _drcmple                                 0x08017cd5   Thumb Code   108  drleqf.o(x$fpl$drleqf)
    __aeabi_drsub                            0x08017d41   Thumb Code     0  daddsub_clz.o(x$fpl$drsb)
    _drsb                                    0x08017d41   Thumb Code    22  daddsub_clz.o(x$fpl$drsb)
    __aeabi_dsub                             0x08017d59   Thumb Code     0  daddsub_clz.o(x$fpl$dsub)
    _dsub                                    0x08017d59   Thumb Code   464  daddsub_clz.o(x$fpl$dsub)
    __aeabi_f2d                              0x08017f2d   Thumb Code     0  f2d.o(x$fpl$f2d)
    _f2d                                     0x08017f2d   Thumb Code    86  f2d.o(x$fpl$f2d)
    __fpl_fnaninf                            0x08017f83   Thumb Code   140  fnaninf.o(x$fpl$fnaninf)
    _fp_init                                 0x0801800f   Thumb Code    10  fpinit.o(x$fpl$fpinit)
    __fplib_config_fpu_vfp                   0x08018017   Thumb Code     0  fpinit.o(x$fpl$fpinit)
    __fplib_config_pureend_doubles           0x08018017   Thumb Code     0  fpinit.o(x$fpl$fpinit)
    __fpl_fretinf                            0x08018019   Thumb Code    10  fretinf.o(x$fpl$fretinf)
    _printf_fp_dec                           0x08018023   Thumb Code     4  printf1.o(x$fpl$printf1)
    GL_ASCII16x24_Table                      0x08018026   Data        4560  gl_fonts.o(.constdata)
    __I$use$fp                               0x08018026   Number         0  usenofp.o(x$fpl$usenofp)
    GL_ASCII12x12_Table                      0x080191f6   Data        2304  gl_fonts.o(.constdata)
    GL_ASCII8x12_Table                       0x08019af6   Data        2304  gl_fonts.o(.constdata)
    GL_ASCII8x8_Table                        0x0801a3f6   Data        1536  gl_fonts.o(.constdata)
    GL_ASCII8x12_bold_Table                  0x0801a9f6   Data        5376  gl_fonts.o(.constdata)
    GL_ASCII36x48                            0x0801bef6   Data       12480  gl_fonts.o(.constdata)
    GL_ASCII5x8_Table                        0x0801efb6   Data        1520  gl_fonts.o(.constdata)
    GL_ASCII14x20_Table                      0x0801f5a6   Data        7600  gl_fonts.o(.constdata)
    GL_ASCII11x16_Table                      0x08021356   Data        6080  gl_fonts.o(.constdata)
    GL_ASCII7x12_Table                       0x08022b16   Data        2280  gl_fonts.o(.constdata)
    GL_ASCII17x24_Table                      0x080233fe   Data       13680  gl_fonts.o(.constdata)
    RButtonA                                 0x0802696e   Data         866  images.o(.constdata)
    RButtonB                                 0x08026cd0   Data         866  images.o(.constdata)
    CheckBox1                                0x08027032   Data         866  images.o(.constdata)
    CheckBox2                                0x08027394   Data         866  images.o(.constdata)
    ArrowUpUntouched                         0x080276f6   Data        1034  images.o(.constdata)
    ArrowUpTouched                           0x08027b00   Data        1034  images.o(.constdata)
    ArrowDownUntouched                       0x08027f0a   Data        1034  images.o(.constdata)
    ArrowDownTouched                         0x08028314   Data        1034  images.o(.constdata)
    BtnNormalLeft                            0x0802871e   Data         482  images.o(.constdata)
    BtnNormalRight                           0x08028900   Data         482  images.o(.constdata)
    BtnNormal                                0x08028ae2   Data         482  images.o(.constdata)
    BtnPressedLeft                           0x08028cc4   Data         482  images.o(.constdata)
    BtnPressedRight                          0x08028ea6   Data         482  images.o(.constdata)
    BtnPressed                               0x08029088   Data         482  images.o(.constdata)
    SwitchNormalLeft                         0x0802926a   Data         482  images.o(.constdata)
    SwitchNormalRight                        0x0802944c   Data         482  images.o(.constdata)
    SwitchNormal                             0x0802962e   Data         482  images.o(.constdata)
    SwitchPressedLeft                        0x08029810   Data         482  images.o(.constdata)
    SwitchPressedRight                       0x080299f2   Data         482  images.o(.constdata)
    SwitchPressed                            0x08029bd4   Data         482  images.o(.constdata)
    SlidebarLeft                             0x08029db6   Data         210  images.o(.constdata)
    SlidebarRight                            0x08029e88   Data         210  images.o(.constdata)
    SlidebarCentral                          0x08029f5a   Data         210  images.o(.constdata)
    SlidebarCursor                           0x0802a02c   Data         306  images.o(.constdata)
    ASCII16x24_Table                         0x0802a164   Data        4560  fonts.o(.constdata)
    ASCII12x12_Table                         0x0802b334   Data        2304  fonts.o(.constdata)
    ASCII8x12_Table                          0x0802bc34   Data        2304  fonts.o(.constdata)
    ASCII8x8_Table                           0x0802c534   Data        1536  fonts.o(.constdata)
    ASCII36x48_Table                         0x0802cb34   Data       12480  fonts.o(.constdata)
    ASCII8x12_bold_Table                     0x0802fbf4   Data        5376  fonts.o(.constdata)
    ASCII17x24_Table                         0x080310f4   Data       13680  fonts.o(.constdata)
    ASCII5x8_Table                           0x08034664   Data        1520  fonts.o(.constdata)
    ASCII14x20_Table                         0x08034c54   Data        7600  fonts.o(.constdata)
    ASCII11x16_Table                         0x08036a04   Data        6080  fonts.o(.constdata)
    ASCII7x12_Table                          0x080381c4   Data        2280  fonts.o(.constdata)
    GPIO_PIN                                 0x08038aac   Data           8  stm32f4_discovery_user.o(.constdata)
    GPIO_CLK                                 0x08038ab4   Data          16  stm32f4_discovery_user.o(.constdata)
    BUTTON_PIN                               0x08038ac4   Data           2  stm32f4_discovery_user.o(.constdata)
    BUTTON_CLK                               0x08038ac8   Data           4  stm32f4_discovery_user.o(.constdata)
    BUTTON_EXTI_LINE                         0x08038acc   Data           2  stm32f4_discovery_user.o(.constdata)
    BUTTON_PORT_SOURCE                       0x08038ace   Data           1  stm32f4_discovery_user.o(.constdata)
    BUTTON_PIN_SOURCE                        0x08038acf   Data           1  stm32f4_discovery_user.o(.constdata)
    BUTTON_IRQn                              0x08038ad0   Data           1  stm32f4_discovery_user.o(.constdata)
    COM_USART_CLK                            0x08038ad4   Data           8  stm32f4_discovery_user.o(.constdata)
    COM_TX_PORT_CLK                          0x08038adc   Data           8  stm32f4_discovery_user.o(.constdata)
    COM_RX_PORT_CLK                          0x08038ae4   Data           8  stm32f4_discovery_user.o(.constdata)
    COM_TX_PIN                               0x08038aec   Data           4  stm32f4_discovery_user.o(.constdata)
    COM_RX_PIN                               0x08038af0   Data           4  stm32f4_discovery_user.o(.constdata)
    COM_TX_PIN_SOURCE                        0x08038af4   Data           4  stm32f4_discovery_user.o(.constdata)
    COM_RX_PIN_SOURCE                        0x08038af8   Data           4  stm32f4_discovery_user.o(.constdata)
    COM_TX_AF                                0x08038afc   Data           4  stm32f4_discovery_user.o(.constdata)
    COM_RX_AF                                0x08038b00   Data           4  stm32f4_discovery_user.o(.constdata)
    Region$$Table$$Base                      0x08038bac   Number         0  anon$$obj.o(Region$$Table)
    Region$$Table$$Limit                     0x08038bcc   Number         0  anon$$obj.o(Region$$Table)
    SystemCoreClock                          0x20000000   Data           4  system_stm32f4xx.o(.data)
    AHBPrescTable                            0x20000004   Data          16  system_stm32f4xx.o(.data)
    vu_mydata                                0x20000014   Data           4  flash_memory_driver.o(.data)
    ADC1ConvertedValue                       0x20000018   Data           2  adc.o(.data)
    ADC1ConvertedmV                          0x2000001c   Data           4  adc.o(.data)
    DosingTest_Flag                          0x20000020   Data           1  uiappuser.o(.data)
    Languages_Choose                         0x20000021   Data           1  uiappuser.o(.data)
    PoolSelect                               0x20000022   Data           1  uiappuser.o(.data)
    Temperature                              0x20000023   Data           1  uiappuser.o(.data)
    WaterHardnessSelect                      0x20000024   Data           1  uiappuser.o(.data)
    TypeofProbe                              0x20000025   Data           1  uiappuser.o(.data)
    RequireValueDosepH_DoseHour              0x20000026   Data           1  uiappuser.o(.data)
    RequireValueDosepH_DoseDay               0x20000027   Data           1  uiappuser.o(.data)
    PoolVolume                               0x20000028   Data           2  uiappuser.o(.data)
    FiltrationPeriod                         0x2000002a   Data           2  uiappuser.o(.data)
    CalibrationAir                           0x2000002c   Data           2  uiappuser.o(.data)
    CalibrationWater                         0x2000002e   Data           2  uiappuser.o(.data)
    RequireValueRedoxpH_Redox                0x20000030   Data           2  uiappuser.o(.data)
    Probe_pH                                 0x20000034   Data           4  uiappuser.o(.data)
    Probe_CLF                                0x20000038   Data           4  uiappuser.o(.data)
    RequireValuepH                           0x2000003c   Data           4  uiappuser.o(.data)
    RequireValueCLF                          0x20000040   Data           4  uiappuser.o(.data)
    RequireValueDosepH_DoseHour_Display      0x20000044   Data           1  uiappuser.o(.data)
    RequireValueDosepH_DoseDay_Display       0x20000045   Data           1  uiappuser.o(.data)
    PoolVolume_Display                       0x20000046   Data           2  uiappuser.o(.data)
    FiltrationPeriod_Display                 0x20000048   Data           2  uiappuser.o(.data)
    CalibrationAir_Display                   0x2000004a   Data           2  uiappuser.o(.data)
    CalibrationWater_Display                 0x2000004c   Data           2  uiappuser.o(.data)
    RequireValueRedoxpH_Redox_Display        0x2000004e   Data           2  uiappuser.o(.data)
    Probe_pH_Display                         0x20000050   Data           4  uiappuser.o(.data)
    Probe_CLF_Display                        0x20000054   Data           4  uiappuser.o(.data)
    RequireValuepH_Display                   0x20000058   Data           4  uiappuser.o(.data)
    RequireValueCLF_Display                  0x2000005c   Data           4  uiappuser.o(.data)
    CurrentScreen                            0x20000060   Data           4  uiframework.o(.data)
    Screen                                   0x20000064   Data           2  uiframework.o(.data)
    GL_Font                                  0x20000066   Data           1  lcdhal.o(.data)
    GL_FontWidth                             0x20000067   Data           1  lcdhal.o(.data)
    GL_FontHeight                            0x20000068   Data           1  lcdhal.o(.data)
    LCD_Height                               0x2000006a   Data           2  lcdhal.o(.data)
    LCD_Width                                0x2000006c   Data           2  lcdhal.o(.data)
    LCD_Direction                            0x2000006e   Data           1  lcdhal.o(.data)
    TextColor                                0x20000070   Data           2  lcdhal.o(.data)
    BackColor                                0x20000072   Data           2  lcdhal.o(.data)
    Cursor                                   0x20000078   Data           4  cursor.o(.data)
    u32_TSXCoordinate                        0x2000008c   Data           4  cursor.o(.data)
    u32_TSYCoordinate                        0x20000090   Data           4  cursor.o(.data)
    GL_Font16x24                             0x20000094   Data           8  gl_fonts.o(.data)
    GL_Font12x12                             0x2000009c   Data           8  gl_fonts.o(.data)
    GL_Font8x12                              0x200000a4   Data           8  gl_fonts.o(.data)
    GL_Font8x8                               0x200000ac   Data           8  gl_fonts.o(.data)
    GL_Font8x12_bold                         0x200000b4   Data           8  gl_fonts.o(.data)
    GL_Font36x48                             0x200000bc   Data           8  gl_fonts.o(.data)
    GL_Font5x8                               0x200000c4   Data           8  gl_fonts.o(.data)
    GL_Font14x20                             0x200000cc   Data           8  gl_fonts.o(.data)
    GL_Font11x16                             0x200000d4   Data           8  gl_fonts.o(.data)
    GL_Font7x12                              0x200000dc   Data           8  gl_fonts.o(.data)
    GL_Font17x24                             0x200000e4   Data           8  gl_fonts.o(.data)
    vu32_gTimeOutCount                       0x2000011c   Data           4  graphicobject.o(.data)
    vu8_gTouchEnable                         0x20000120   Data           1  graphicobject.o(.data)
    vu8_gSleepState                          0x20000121   Data           1  graphicobject.o(.data)
    ValidTouchDetected                       0x20000122   Data           1  graphicobject.o(.data)
    vu8_gPowerSaveOption                     0x20000123   Data           1  graphicobject.o(.data)
    touch_done                               0x20000124   Data           1  graphicobject.o(.data)
    joy_done                                 0x20000125   Data           1  graphicobject.o(.data)
    calibration_done                         0x20000126   Data           1  graphicobject.o(.data)
    __stdout                                 0x2000012c   Data           4  stm32f4xx_uartstdio.o(.data)
    Font16x24                                0x2000013c   Data           8  fonts.o(.data)
    Font12x12                                0x20000144   Data           8  fonts.o(.data)
    Font8x12                                 0x2000014c   Data           8  fonts.o(.data)
    Font8x8                                  0x20000154   Data           8  fonts.o(.data)
    Font36x48                                0x2000015c   Data           8  fonts.o(.data)
    Font8x12_bold                            0x20000164   Data           8  fonts.o(.data)
    Font17x24                                0x2000016c   Data           8  fonts.o(.data)
    Font5x8                                  0x20000174   Data           8  fonts.o(.data)
    Font14x20                                0x2000017c   Data           8  fonts.o(.data)
    Font11x16                                0x20000184   Data           8  fonts.o(.data)
    Font7x12                                 0x2000018c   Data           8  fonts.o(.data)
    A2                                       0x20000194   Data           4  stm32f4_discovery_tsc2046.o(.data)
    B2                                       0x20000198   Data           4  stm32f4_discovery_tsc2046.o(.data)
    C2                                       0x2000019c   Data           4  stm32f4_discovery_tsc2046.o(.data)
    D2                                       0x200001a0   Data           4  stm32f4_discovery_tsc2046.o(.data)
    E2                                       0x200001a4   Data           4  stm32f4_discovery_tsc2046.o(.data)
    F2                                       0x200001a8   Data           4  stm32f4_discovery_tsc2046.o(.data)
    XCoordinate                              0x200001ac   Data           2  stm32f4_discovery_tsc2046.o(.data)
    YCoordinate                              0x200001ae   Data           2  stm32f4_discovery_tsc2046.o(.data)
    tmp                                      0x200001b0   Data           4  stm32f4_discovery_tsc2046.o(.data)
    mydata                                   0x200001b4   Data           4  stm32f4_discovery_tsc2046.o(.data)
    display                                  0x200001b8   Data           4  stm32f4_discovery_tsc2046.o(.data)
    i                                        0x200001bc   Data           4  stm32f4_discovery_tsc2046.o(.data)
    GPIO_PORT                                0x200001c4   Data          16  stm32f4_discovery_user.o(.data)
    BUTTON_PORT                              0x200001d4   Data           4  stm32f4_discovery_user.o(.data)
    COM_USART                                0x200001d8   Data           8  stm32f4_discovery_user.o(.data)
    COM_TX_PORT                              0x200001e0   Data           8  stm32f4_discovery_user.o(.data)
    COM_RX_PORT                              0x200001e8   Data           8  stm32f4_discovery_user.o(.data)
    NVIC_InitStructure                       0x200001f0   Data           4  stm32f4_discovery_user.o(.data)
    DMATxDescToSet                           0x20000204   Data           4  stm32f4x7_eth.o(.data)
    DMARxDescToGet                           0x20000208   Data           4  stm32f4x7_eth.o(.data)
    DMA_RX_FRAME_infos                       0x2000020c   Data           4  stm32f4x7_eth.o(.data)
    Frame_Rx_index                           0x20000210   Data           4  stm32f4x7_eth.o(.data)
    s_xSemaphore                             0x20000218   Data           4  ethernetif.o(.data)
    pxCurrentTCB                             0x20000220   Data           4  tasks.o(.data)
    StartScreen                              0x20000280   Data         164  uiframework.o(.bss)
    SettingsScreen                           0x20000324   Data         164  uiframework.o(.bss)
    DosingTestStartStartScreen               0x200003c8   Data         164  uiframework.o(.bss)
    DosingTestStopStartScreen                0x2000046c   Data         164  uiframework.o(.bss)
    DosingTestStopStopScreen                 0x20000510   Data         164  uiframework.o(.bss)
    DosingTestStartStopScreen                0x200005b4   Data         164  uiframework.o(.bss)
    ParametersScreen                         0x20000658   Data         164  uiframework.o(.bss)
    ParametersPoolVolumeScreen               0x200006fc   Data         164  uiframework.o(.bss)
    ParametersFitrationPeriodScreen          0x200007a0   Data         164  uiframework.o(.bss)
    ParametersWaterScreen                    0x20000844   Data         164  uiframework.o(.bss)
    WarningMaximalSafetyScreen               0x200008e8   Data         164  uiframework.o(.bss)
    WarningExtremeConditionScreen            0x2000098c   Data         164  uiframework.o(.bss)
    WarningWaterHardnessScreen               0x20000a30   Data         164  uiframework.o(.bss)
    WarningProbeCalibration62_78Screen       0x20000ad4   Data         164  uiframework.o(.bss)
    WarningProbeCalibrationScreen            0x20000b78   Data         164  uiframework.o(.bss)
    WarningProbeCalibration70Screen          0x20000c1c   Data         164  uiframework.o(.bss)
    WarningProbeCalibrationRequiredValueScreen 0x20000cc0   Data         164  uiframework.o(.bss)
    WarningProbeCalibrationRequiredValueRedScreen 0x20000d64   Data         164  uiframework.o(.bss)
    WarningProbeCalibrationRequiredValueImpossibleScreen 0x20000e08   Data         164  uiframework.o(.bss)
    WarningTooRapidChangeScreen              0x20000eac   Data         164  uiframework.o(.bss)
    ParametersRequireValuepHScreen           0x20000f50   Data         164  uiframework.o(.bss)
    ParametersRequireValueCLFScreen          0x20000ff4   Data         164  uiframework.o(.bss)
    CalibrationScreen                        0x20001098   Data         164  uiframework.o(.bss)
    CalibrationpHProbeScreen                 0x2000113c   Data         164  uiframework.o(.bss)
    CalibrationCLFProbeScreen                0x200011e0   Data         164  uiframework.o(.bss)
    ParametersRequireValueRedoxpH_RedoxScreen 0x20001284   Data         164  uiframework.o(.bss)
    ParametersRequireValueRedoxpH_pHScreen   0x20001328   Data         164  uiframework.o(.bss)
    ParametersRequireValueDosepH_DoseHourScreen 0x200013cc   Data         164  uiframework.o(.bss)
    ParametersRequireValueDosepH_DoseHour_pHScreen 0x20001470   Data         164  uiframework.o(.bss)
    ParametersRequireValueDosepH_DoseDayScreen 0x20001514   Data         164  uiframework.o(.bss)
    ParametersRequireValueDosepH_DoseDay_pHScreen 0x200015b8   Data         164  uiframework.o(.bss)
    CalibrationWaterScreen                   0x2000165c   Data         164  uiframework.o(.bss)
    CalibrationAirScreen                     0x20001700   Data         164  uiframework.o(.bss)
    TypeOfProbeScreen                        0x200017a4   Data         164  uiframework.o(.bss)
    LanguagesScreen                          0x20001848   Data         164  uiframework.o(.bss)
    PagesList                                0x200018ec   Data         200  graphicobject.o(.bss)
    matrix                                   0x200019b4   Data          28  stm32f4_discovery_tsc2046.o(.bss)
    DMARxDscrTab                             0x200019d0   Data         160  stm32f4x7_eth.o(.bss)
    DMATxDscrTab                             0x20001a70   Data         160  stm32f4x7_eth.o(.bss)
    Rx_Buff                                  0x20001b10   Data        7620  stm32f4x7_eth.o(.bss)
    Tx_Buff                                  0x200038d4   Data        7620  stm32f4x7_eth.o(.bss)
    RX_Frame_Descriptor                      0x20005698   Data          12  stm32f4x7_eth.o(.bss)
    xQueueRegistry                           0x200056a4   Data          64  queue.o(.bss)
    __libspace_start                         0x2000a7ac   Data          96  libspace.o(.bss)
    __temporary_stack_top$libspace           0x2000a80c   Data           0  libspace.o(.bss)



==============================================================================

Memory Map of the image

  Image Entry point : 0x08000189

  Load Region LR_IROM1 (Base: 0x08000000, Size: 0x00038e68, Max: 0x00080000, ABSOLUTE, COMPRESSED[0x00038cdc])

    Execution Region ER_IROM1 (Base: 0x08000000, Size: 0x00038be8, Max: 0x00080000, ABSOLUTE)

    Base Addr    Size         Type   Attr      Idx    E Section Name        Object

    0x08000000   0x00000188   Data   RO         1936    RESET               startup_stm32f4xx.o
    0x08000188   0x00000008   Code   RO         2066  * !!!main             c_w.l(__main.o)
    0x08000190   0x00000034   Code   RO         2367    !!!scatter          c_w.l(__scatter.o)
    0x080001c4   0x0000005a   Code   RO         2365    !!dczerorl2         c_w.l(__dczerorl2.o)
    0x0800021e   0x00000002   PAD
    0x08000220   0x0000001c   Code   RO         2369    !!handler_zi        c_w.l(__scatter_zi.o)
    0x0800023c   0x00000000   Code   RO         2041    .ARM.Collect$$_printf_percent$$00000000  c_w.l(_printf_percent.o)
    0x0800023c   0x00000006   Code   RO         2040    .ARM.Collect$$_printf_percent$$00000003  c_w.l(_printf_f.o)
    0x08000242   0x00000006   Code   RO         2038    .ARM.Collect$$_printf_percent$$00000009  c_w.l(_printf_d.o)
    0x08000248   0x00000006   Code   RO         2039    .ARM.Collect$$_printf_percent$$0000000A  c_w.l(_printf_u.o)
    0x0800024e   0x00000006   Code   RO         2037    .ARM.Collect$$_printf_percent$$00000013  c_w.l(_printf_c.o)
    0x08000254   0x00000004   Code   RO         2138    .ARM.Collect$$_printf_percent$$00000017  c_w.l(_printf_percent_end.o)
    0x08000258   0x00000002   Code   RO         2305    .ARM.Collect$$libinit$$00000000  c_w.l(libinit.o)
    0x0800025a   0x00000004   Code   RO         2143    .ARM.Collect$$libinit$$00000001  c_w.l(libinit2.o)
    0x0800025e   0x00000000   Code   RO         2146    .ARM.Collect$$libinit$$00000004  c_w.l(libinit2.o)
    0x0800025e   0x00000008   Code   RO         2147    .ARM.Collect$$libinit$$00000005  c_w.l(libinit2.o)
    0x08000266   0x00000000   Code   RO         2149    .ARM.Collect$$libinit$$0000000A  c_w.l(libinit2.o)
    0x08000266   0x00000000   Code   RO         2151    .ARM.Collect$$libinit$$0000000C  c_w.l(libinit2.o)
    0x08000266   0x00000000   Code   RO         2153    .ARM.Collect$$libinit$$0000000E  c_w.l(libinit2.o)
    0x08000266   0x00000006   Code   RO         2154    .ARM.Collect$$libinit$$0000000F  c_w.l(libinit2.o)
    0x0800026c   0x00000000   Code   RO         2156    .ARM.Collect$$libinit$$00000011  c_w.l(libinit2.o)
    0x0800026c   0x00000000   Code   RO         2158    .ARM.Collect$$libinit$$00000013  c_w.l(libinit2.o)
    0x0800026c   0x00000000   Code   RO         2160    .ARM.Collect$$libinit$$00000015  c_w.l(libinit2.o)
    0x0800026c   0x0000000a   Code   RO         2161    .ARM.Collect$$libinit$$00000016  c_w.l(libinit2.o)
    0x08000276   0x00000000   Code   RO         2162    .ARM.Collect$$libinit$$00000017  c_w.l(libinit2.o)
    0x08000276   0x00000000   Code   RO         2164    .ARM.Collect$$libinit$$00000019  c_w.l(libinit2.o)
    0x08000276   0x00000000   Code   RO         2166    .ARM.Collect$$libinit$$0000001B  c_w.l(libinit2.o)
    0x08000276   0x00000000   Code   RO         2168    .ARM.Collect$$libinit$$0000001D  c_w.l(libinit2.o)
    0x08000276   0x00000000   Code   RO         2170    .ARM.Collect$$libinit$$0000001F  c_w.l(libinit2.o)
    0x08000276   0x00000000   Code   RO         2172    .ARM.Collect$$libinit$$00000021  c_w.l(libinit2.o)
    0x08000276   0x00000000   Code   RO         2174    .ARM.Collect$$libinit$$00000023  c_w.l(libinit2.o)
    0x08000276   0x00000000   Code   RO         2176    .ARM.Collect$$libinit$$00000025  c_w.l(libinit2.o)
    0x08000276   0x00000000   Code   RO         2180    .ARM.Collect$$libinit$$0000002C  c_w.l(libinit2.o)
    0x08000276   0x00000000   Code   RO         2182    .ARM.Collect$$libinit$$0000002E  c_w.l(libinit2.o)
    0x08000276   0x00000000   Code   RO         2184    .ARM.Collect$$libinit$$00000030  c_w.l(libinit2.o)
    0x08000276   0x00000000   Code   RO         2186    .ARM.Collect$$libinit$$00000032  c_w.l(libinit2.o)
    0x08000276   0x00000002   Code   RO         2187    .ARM.Collect$$libinit$$00000033  c_w.l(libinit2.o)
    0x08000278   0x00000002   Code   RO         2362    .ARM.Collect$$libshutdown$$00000000  c_w.l(libshutdown.o)
    0x0800027a   0x00000000   Code   RO         2320    .ARM.Collect$$libshutdown$$00000003  c_w.l(libshutdown2.o)
    0x0800027a   0x00000000   Code   RO         2323    .ARM.Collect$$libshutdown$$00000006  c_w.l(libshutdown2.o)
    0x0800027a   0x00000000   Code   RO         2326    .ARM.Collect$$libshutdown$$00000009  c_w.l(libshutdown2.o)
    0x0800027a   0x00000000   Code   RO         2328    .ARM.Collect$$libshutdown$$0000000B  c_w.l(libshutdown2.o)
    0x0800027a   0x00000000   Code   RO         2331    .ARM.Collect$$libshutdown$$0000000E  c_w.l(libshutdown2.o)
    0x0800027a   0x00000002   Code   RO         2332    .ARM.Collect$$libshutdown$$0000000F  c_w.l(libshutdown2.o)
    0x0800027c   0x00000000   Code   RO         2102    .ARM.Collect$$rtentry$$00000000  c_w.l(__rtentry.o)
    0x0800027c   0x00000000   Code   RO         2205    .ARM.Collect$$rtentry$$00000002  c_w.l(__rtentry2.o)
    0x0800027c   0x00000006   Code   RO         2217    .ARM.Collect$$rtentry$$00000004  c_w.l(__rtentry4.o)
    0x08000282   0x00000000   Code   RO         2207    .ARM.Collect$$rtentry$$00000009  c_w.l(__rtentry2.o)
    0x08000282   0x00000004   Code   RO         2208    .ARM.Collect$$rtentry$$0000000A  c_w.l(__rtentry2.o)
    0x08000286   0x00000000   Code   RO         2210    .ARM.Collect$$rtentry$$0000000C  c_w.l(__rtentry2.o)
    0x08000286   0x00000008   Code   RO         2211    .ARM.Collect$$rtentry$$0000000D  c_w.l(__rtentry2.o)
    0x0800028e   0x00000002   Code   RO         2308    .ARM.Collect$$rtexit$$00000000  c_w.l(rtexit.o)
    0x08000290   0x00000000   Code   RO         2336    .ARM.Collect$$rtexit$$00000002  c_w.l(rtexit2.o)
    0x08000290   0x00000004   Code   RO         2337    .ARM.Collect$$rtexit$$00000003  c_w.l(rtexit2.o)
    0x08000294   0x00000006   Code   RO         2338    .ARM.Collect$$rtexit$$00000004  c_w.l(rtexit2.o)
    0x0800029a   0x00000002   PAD
    0x0800029c   0x000000b6   Code   RO         1889    .emb_text           port.o
    0x08000352   0x00000002   PAD
    0x08000354   0x00000000   Code   RO         2226    .emb_text           c_w.l(maybetermalloc1.o)
    0x08000354   0x000000a8   Code   RO            2    .text               main.o
    0x080003fc   0x00000210   Code   RO          316    .text               system_stm32f4xx.o
    0x0800060c   0x00000064   Code   RO          338    .text               stm32f4xx_it.o
    0x08000670   0x000003d0   Code   RO          599    .text               flash_memory_driver.o
    0x08000a40   0x00000890   Code   RO          621    .text               displaynumber.o
    0x080012d0   0x000000e4   Code   RO          640    .text               adc.o
    0x080013b4   0x0000004c   Code   RO          663    .text               actuator.o
    0x08001400   0x00000d7c   Code   RO          685    .text               uiappuser.o
    0x0800217c   0x00004b68   Code   RO          708    .text               uiframework.o
    0x08006ce4   0x0000077c   Code   RO          741    .text               lcdhal.o
    0x08007460   0x0000029c   Code   RO          782    .text               cursor.o
    0x080076fc   0x00004e20   Code   RO          825    .text               graphicobject.o
    0x0800c51c   0x000006d4   Code   RO          887    .text               stm32f4xx_uartstdio.o
    0x0800cbf0   0x00001268   Code   RO          915    .text               stm32f4_discovery_lcd_ssd1963.o
    0x0800de58   0x00001d68   Code   RO          946    .text               stm32f4_discovery_tsc2046.o
    0x0800fbc0   0x00000490   Code   RO          970    .text               stm32f4_discovery_user.o
    0x08010050   0x0000041a   Code   RO          990    .text               stm32f4xx_usart.o
    0x0801046a   0x00000002   PAD
    0x0801046c   0x000000e0   Code   RO         1006    .text               misc.o
    0x0801054c   0x00000464   Code   RO         1022    .text               stm32f4xx_adc.o
    0x080109b0   0x000003a8   Code   RO         1038    .text               stm32f4xx_dma.o
    0x08010d58   0x0000011c   Code   RO         1054    .text               stm32f4xx_exti.o
    0x08010e74   0x00000608   Code   RO         1070    .text               stm32f4xx_fsmc.o
    0x0801147c   0x0000025c   Code   RO         1086    .text               stm32f4xx_gpio.o
    0x080116d8   0x00000580   Code   RO         1102    .text               stm32f4xx_rcc.o
    0x08011c58   0x0000008c   Code   RO         1120    .text               stm32f4xx_syscfg.o
    0x08011ce4   0x000001dc   Code   RO         1136    .text               stm32f4xx_sdio.o
    0x08011ec0   0x000003f8   Code   RO         1168    .text               stm32f4xx_spi.o
    0x080122b8   0x000004bc   Code   RO         1184    .text               stm32f4xx_flash.o
    0x08012774   0x00000e64   Code   RO         1200    .text               stm32f4x7_eth.o
    0x080135d8   0x00000094   Code   RO         1821    .text               list.o
    0x0801366c   0x00000b98   Code   RO         1833    .text               queue.o
    0x08014204   0x000017e0   Code   RO         1863    .text               tasks.o
    0x080159e4   0x00000300   Code   RO         1890    .text               port.o
    0x08015ce4   0x00000130   Code   RO         1919    .text               heap_2.o
    0x08015e14   0x00000040   Code   RO         1937    .text               startup_stm32f4xx.o
    0x08015e54   0x0000005e   Code   RO         1947    .text               c_w.l(h1_alloc.o)
    0x08015eb2   0x0000004e   Code   RO         1949    .text               c_w.l(h1_free.o)
    0x08015f00   0x00000028   Code   RO         2007    .text               c_w.l(noretval__2sprintf.o)
    0x08015f28   0x0000004e   Code   RO         2011    .text               c_w.l(_printf_pad.o)
    0x08015f76   0x00000052   Code   RO         2013    .text               c_w.l(_printf_str.o)
    0x08015fc8   0x00000078   Code   RO         2015    .text               c_w.l(_printf_dec.o)
    0x08016040   0x0000010e   Code   RO         2025    .text               c_w.l(__printf_wp.o)
    0x0801614e   0x00000048   Code   RO         2044    .text               c_w.l(strcpy.o)
    0x08016196   0x0000003e   Code   RO         2046    .text               c_w.l(strlen.o)
    0x080161d4   0x0000008a   Code   RO         2052    .text               c_w.l(rt_memcpy_v6.o)
    0x0801625e   0x00000010   Code   RO         2054    .text               c_w.l(aeabi_memset.o)
    0x0801626e   0x00000044   Code   RO         2056    .text               c_w.l(rt_memclr.o)
    0x080162b2   0x0000004e   Code   RO         2058    .text               c_w.l(rt_memclr_w.o)
    0x08016300   0x00000056   Code   RO         2060    .text               c_w.l(strncpy.o)
    0x08016356   0x00000002   PAD
    0x08016358   0x00000080   Code   RO         2062    .text               c_w.l(strcmpv7m.o)
    0x080163d8   0x00000006   Code   RO         2064    .text               c_w.l(heapauxi.o)
    0x080163de   0x00000002   PAD
    0x080163e0   0x00000008   Code   RO         2106    .text               c_w.l(rt_heap_descriptor_intlibspace.o)
    0x080163e8   0x00000004   Code   RO         2108    .text               c_w.l(hguard.o)
    0x080163ec   0x0000008a   Code   RO         2110    .text               c_w.l(init_alloc.o)
    0x08016476   0x0000000e   Code   RO         2114    .text               c_w.l(h1_init.o)
    0x08016484   0x000000b2   Code   RO         2128    .text               c_w.l(_printf_intcommon.o)
    0x08016536   0x0000041a   Code   RO         2130    .text               c_w.l(_printf_fp_dec.o)
    0x08016950   0x00000030   Code   RO         2132    .text               c_w.l(_printf_char_common.o)
    0x08016980   0x0000000a   Code   RO         2134    .text               c_w.l(_sputc.o)
    0x0801698a   0x0000002c   Code   RO         2136    .text               c_w.l(_printf_char.o)
    0x080169b6   0x00000064   Code   RO         2139    .text               c_w.l(rt_memcpy_w.o)
    0x08016a1a   0x00000002   PAD
    0x08016a1c   0x00000008   Code   RO         2201    .text               c_w.l(libspace.o)
    0x08016a24   0x00000008   Code   RO         2222    .text               c_w.l(rt_locale_intlibspace.o)
    0x08016a2c   0x00000034   Code   RO         2228    .text               c_w.l(h1_extend.o)
    0x08016a60   0x0000008a   Code   RO         2232    .text               c_w.l(lludiv10.o)
    0x08016aea   0x00000002   PAD
    0x08016aec   0x00000080   Code   RO         2234    .text               c_w.l(_printf_fp_infnan.o)
    0x08016b6c   0x000000dc   Code   RO         2238    .text               c_w.l(bigflt0.o)
    0x08016c48   0x0000000e   Code   RO         2266    .text               c_w.l(defsig_rtmem_outer.o)
    0x08016c56   0x00000002   Code   RO         2281    .text               c_w.l(use_no_semi.o)
    0x08016c58   0x00000000   Code   RO         2283    .text               c_w.l(indicate_semi.o)
    0x08016c58   0x0000004a   Code   RO         2284    .text               c_w.l(sys_stackheap_outer.o)
    0x08016ca2   0x0000000c   Code   RO         2290    .text               c_w.l(exit.o)
    0x08016cae   0x0000000a   Code   RO         2292    .text               c_w.l(defsig_exit.o)
    0x08016cb8   0x00000050   Code   RO         2294    .text               c_w.l(defsig_rtmem_inner.o)
    0x08016d08   0x0000000c   Code   RO         2306    .text               c_w.l(sys_exit.o)
    0x08016d14   0x00000032   Code   RO         2316    .text               c_w.l(defsig_general.o)
    0x08016d46   0x0000000e   Code   RO         2333    .text               c_w.l(sys_wrch.o)
    0x08016d54   0x0000003e   Code   RO         2241    CL$$btod_d2e        c_w.l(btod.o)
    0x08016d92   0x00000046   Code   RO         2243    CL$$btod_d2e_denorm_low  c_w.l(btod.o)
    0x08016dd8   0x00000060   Code   RO         2242    CL$$btod_d2e_norm_op1  c_w.l(btod.o)
    0x08016e38   0x00000338   Code   RO         2251    CL$$btod_div_common  c_w.l(btod.o)
    0x08017170   0x000000c6   Code   RO         2248    CL$$btod_e2e        c_w.l(btod.o)
    0x08017236   0x00000028   Code   RO         2245    CL$$btod_ediv       c_w.l(btod.o)
    0x0801725e   0x00000028   Code   RO         2244    CL$$btod_emul       c_w.l(btod.o)
    0x08017286   0x00000244   Code   RO         2250    CL$$btod_mult_common  c_w.l(btod.o)
    0x080174ca   0x00000030   Code   RO         2279    i.__ARM_fpclassify  m_wm.l(fpclassify.o)
    0x080174fa   0x0000000e   Code   RO         2027    i._is_digit         c_w.l(__printf_wp.o)
    0x08017508   0x0000002c   Code   RO         2264    locale$$code        c_w.l(lc_numeric_c.o)
    0x08017534   0x00000062   Code   RO         2068    x$fpl$d2f           fz_wm.l(d2f.o)
    0x08017596   0x00000002   PAD
    0x08017598   0x00000150   Code   RO         2070    x$fpl$dadd          fz_wm.l(daddsub_clz.o)
    0x080176e8   0x00000018   Code   RO         2188    x$fpl$dcmpinf       fz_wm.l(dcmpi.o)
    0x08017700   0x000002b0   Code   RO         2077    x$fpl$ddiv          fz_wm.l(ddiv.o)
    0x080179b0   0x0000005a   Code   RO         2080    x$fpl$dfixu         fz_wm.l(dfixu.o)
    0x08017a0a   0x0000002e   Code   RO         2085    x$fpl$dflt          fz_wm.l(dflt_clz.o)
    0x08017a38   0x00000026   Code   RO         2084    x$fpl$dfltu         fz_wm.l(dflt_clz.o)
    0x08017a5e   0x00000002   PAD
    0x08017a60   0x00000078   Code   RO         2090    x$fpl$dleqf         fz_wm.l(dleqf.o)
    0x08017ad8   0x00000154   Code   RO         2092    x$fpl$dmul          fz_wm.l(dmul.o)
    0x08017c2c   0x0000009c   Code   RO         2190    x$fpl$dnaninf       fz_wm.l(dnaninf.o)
    0x08017cc8   0x0000000c   Code   RO         2192    x$fpl$dretinf       fz_wm.l(dretinf.o)
    0x08017cd4   0x0000006c   Code   RO         2094    x$fpl$drleqf        fz_wm.l(drleqf.o)
    0x08017d40   0x00000016   Code   RO         2071    x$fpl$drsb          fz_wm.l(daddsub_clz.o)
    0x08017d56   0x00000002   PAD
    0x08017d58   0x000001d4   Code   RO         2072    x$fpl$dsub          fz_wm.l(daddsub_clz.o)
    0x08017f2c   0x00000056   Code   RO         2096    x$fpl$f2d           fz_wm.l(f2d.o)
    0x08017f82   0x0000008c   Code   RO         2194    x$fpl$fnaninf       fz_wm.l(fnaninf.o)
    0x0801800e   0x0000000a   Code   RO         2275    x$fpl$fpinit        fz_wm.l(fpinit.o)
    0x08018018   0x0000000a   Code   RO         2196    x$fpl$fretinf       fz_wm.l(fretinf.o)
    0x08018022   0x00000004   Code   RO         2098    x$fpl$printf1       fz_wm.l(printf1.o)
    0x08018026   0x00000000   Code   RO         2198    x$fpl$usenofp       fz_wm.l(usenofp.o)
    0x08018026   0x0000e948   Data   RO          811    .constdata          gl_fonts.o
    0x0802696e   0x000037f0   Data   RO          871    .constdata          images.o
    0x0802a15e   0x00000002   PAD
    0x0802a160   0x00000004   Data   RO          888    .constdata          stm32f4xx_uartstdio.o
    0x0802a164   0x0000e948   Data   RO          932    .constdata          fonts.o
    0x08038aac   0x00000058   Data   RO          971    .constdata          stm32f4_discovery_user.o
    0x08038b04   0x00000094   Data   RO         2239    .constdata          c_w.l(bigflt0.o)
    0x08038b98   0x00000011   Data   RO          889    .conststring        stm32f4xx_uartstdio.o
    0x08038ba9   0x00000003   PAD
    0x08038bac   0x00000020   Data   RO         2363    Region$$Table       anon$$obj.o
    0x08038bcc   0x0000001c   Data   RO         2263    locale$$data        c_w.l(lc_numeric_c.o)


    Execution Region RW_IRAM1 (Base: 0x20000000, Size: 0x0000b010, Max: 0x00020000, ABSOLUTE, COMPRESSED[0x000000f4])

    Base Addr    Size         Type   Attr      Idx    E Section Name        Object

    0x20000000   0x00000014   Data   RW          317    .data               system_stm32f4xx.o
    0x20000014   0x00000004   Data   RW          600    .data               flash_memory_driver.o
    0x20000018   0x00000008   Data   RW          641    .data               adc.o
    0x20000020   0x00000040   Data   RW          686    .data               uiappuser.o
    0x20000060   0x00000006   Data   RW          710    .data               uiframework.o
    0x20000066   0x00000010   Data   RW          743    .data               lcdhal.o
    0x20000076   0x00000002   PAD
    0x20000078   0x0000001c   Data   RW          783    .data               cursor.o
    0x20000094   0x00000058   Data   RW          812    .data               gl_fonts.o
    0x200000ec   0x0000003b   Data   RW          827    .data               graphicobject.o
    0x20000127   0x00000001   PAD
    0x20000128   0x00000009   Data   RW          890    .data               stm32f4xx_uartstdio.o
    0x20000131   0x00000003   PAD
    0x20000134   0x00000008   Data   RW          916    .data               stm32f4_discovery_lcd_ssd1963.o
    0x2000013c   0x00000058   Data   RW          933    .data               fonts.o
    0x20000194   0x00000030   Data   RW          948    .data               stm32f4_discovery_tsc2046.o
    0x200001c4   0x00000030   Data   RW          972    .data               stm32f4_discovery_user.o
    0x200001f4   0x00000010   Data   RW         1103    .data               stm32f4xx_rcc.o
    0x20000204   0x00000010   Data   RW         1202    .data               stm32f4x7_eth.o
    0x20000214   0x0000000c   Data   RW         1773    .data               ethernetif.o
    0x20000220   0x0000003c   Data   RW         1865    .data               tasks.o
    0x2000025c   0x0000000c   Data   RW         1891    .data               port.o
    0x20000268   0x00000018   Data   RW         1921    .data               heap_2.o
    0x20000280   0x0000166c   Zero   RW          709    .bss                uiframework.o
    0x200018ec   0x000000c8   Zero   RW          826    .bss                graphicobject.o
    0x200019b4   0x0000001c   Zero   RW          947    .bss                stm32f4_discovery_tsc2046.o
    0x200019d0   0x00003cd4   Zero   RW         1201    .bss                stm32f4x7_eth.o
    0x200056a4   0x00000040   Zero   RW         1834    .bss                queue.o
    0x200056e4   0x000000c8   Zero   RW         1864    .bss                tasks.o
    0x200057ac   0x00005000   Zero   RW         1920    .bss                heap_2.o
    0x2000a7ac   0x00000060   Zero   RW         2202    .bss                c_w.l(libspace.o)
    0x2000a80c   0x00000004   PAD
    0x2000a810   0x00000400   Zero   RW         1935    HEAP                startup_stm32f4xx.o
    0x2000ac10   0x00000400   Zero   RW         1934    STACK               startup_stm32f4xx.o


==============================================================================

Image component sizes


      Code (inc. data)   RO Data    RW Data    ZI Data      Debug   Object Name

        76          6          0          0          0       1173   actuator.o
       228         22          0          8          0       1497   adc.o
       668         18          0         28          0       3898   cursor.o
      2192        184          0          0          0       2675   displaynumber.o
         0          0          0         12          0       3574   ethernetif.o
       976        122          0          4          0       2521   flash_memory_driver.o
         0          0      59720         88          0       2139   fonts.o
         0          0      59720         88          0       2327   gl_fonts.o
     20000       1190          0         59        200      38325   graphicobject.o
       304         22          0         24      20480       3556   heap_2.o
         0          0      14320          0          0       1946   images.o
      1916         86          0         16          0      12518   lcdhal.o
       148          0          0          0          0       2158   list.o
       168         12          0          0          0     368776   main.o
       224         20          0          0          0       2121   misc.o
       950         52          0         12          0       9351   port.o
      2968         16          0          0         64      23889   queue.o
        64         26        392          0       2048        864   startup_stm32f4xx.o
      4712         58          0          8          0      15907   stm32f4_discovery_lcd_ssd1963.o
      7528        174          0         48         28      11851   stm32f4_discovery_tsc2046.o
      1168        114         88         48          0       5099   stm32f4_discovery_user.o
      3684        100          0         16      15572      20212   stm32f4x7_eth.o
      1124         24          0          0          0      10794   stm32f4xx_adc.o
       936         32          0          0          0       6601   stm32f4xx_dma.o
       284         10          0          0          0       2603   stm32f4xx_exti.o
      1212         26          0          0          0       7213   stm32f4xx_flash.o
      1544         14          0          0          0       5711   stm32f4xx_fsmc.o
       604         36          0          0          0       4369   stm32f4xx_gpio.o
       100          8          0          0          0       6930   stm32f4xx_it.o
      1408         48          0         16          0      11351   stm32f4xx_rcc.o
       476         16          0          0          0       7692   stm32f4xx_sdio.o
      1016         22          0          0          0       7085   stm32f4xx_spi.o
       140         12          0          0          0       1811   stm32f4xx_syscfg.o
      1748         80         21          9          0       6531   stm32f4xx_uartstdio.o
      1050         26          0          0          0       8076   stm32f4xx_usart.o
       528         46          0         20          0       2019   system_stm32f4xx.o
      6112        342          0         60        200      24893   tasks.o
      3452        204          0         64          0      27461   uiappuser.o
     19304       2802          0          6       5740      24874   uiframework.o

    ----------------------------------------------------------------------
     89016       5970     134298        640      44332     702391   Object Totals
         0          0         32          0          0          0   (incl. Generated)
         4          0          5          6          0          0   (incl. Padding)

    ----------------------------------------------------------------------

      Code (inc. data)   RO Data    RW Data    ZI Data      Debug   Library Member Name

        90          0          0          0          0          0   __dczerorl2.o
         8          0          0          0          0         68   __main.o
       284          0          0          0          0        156   __printf_wp.o
         0          0          0          0          0          0   __rtentry.o
        12          0          0          0          0          0   __rtentry2.o
         6          0          0          0          0          0   __rtentry4.o
        52          8          0          0          0          0   __scatter.o
        28          0          0          0          0          0   __scatter_zi.o
         6          0          0          0          0          0   _printf_c.o
        44          0          0          0          0        108   _printf_char.o
        48          6          0          0          0         96   _printf_char_common.o
         6          0          0          0          0          0   _printf_d.o
       120         16          0          0          0         92   _printf_dec.o
         6          0          0          0          0          0   _printf_f.o
      1050          0          0          0          0        216   _printf_fp_dec.o
       128         16          0          0          0         84   _printf_fp_infnan.o
       178          0          0          0          0         88   _printf_intcommon.o
        78          0          0          0          0        108   _printf_pad.o
         0          0          0          0          0          0   _printf_percent.o
         4          0          0          0          0          0   _printf_percent_end.o
        82          0          0          0          0         80   _printf_str.o
         6          0          0          0          0          0   _printf_u.o
        10          0          0          0          0         68   _sputc.o
        16          0          0          0          0         68   aeabi_memset.o
       220          4        148          0          0         96   bigflt0.o
      1910        128          0          0          0        672   btod.o
        10          0          0          0          0         68   defsig_exit.o
        50          0          0          0          0         88   defsig_general.o
        80         58          0          0          0         76   defsig_rtmem_inner.o
        14          0          0          0          0         80   defsig_rtmem_outer.o
        12          0          0          0          0         72   exit.o
        94          0          0          0          0         80   h1_alloc.o
        52          0          0          0          0         68   h1_extend.o
        78          0          0          0          0         80   h1_free.o
        14          0          0          0          0         84   h1_init.o
         6          0          0          0          0        152   heapauxi.o
         4          0          0          0          0        136   hguard.o
         0          0          0          0          0          0   indicate_semi.o
       138          0          0          0          0        168   init_alloc.o
        44         10         28          0          0         76   lc_numeric_c.o
         2          0          0          0          0          0   libinit.o
        30          0          0          0          0          0   libinit2.o
         2          0          0          0          0          0   libshutdown.o
         2          0          0          0          0          0   libshutdown2.o
         8          4          0          0         96         68   libspace.o
       138          0          0          0          0         80   lludiv10.o
         0          0          0          0          0          0   maybetermalloc1.o
        40          6          0          0          0         84   noretval__2sprintf.o
         8          4          0          0          0         68   rt_heap_descriptor_intlibspace.o
         8          4          0          0          0         68   rt_locale_intlibspace.o
        68          0          0          0          0         68   rt_memclr.o
        78          0          0          0          0         80   rt_memclr_w.o
       138          0          0          0          0         68   rt_memcpy_v6.o
       100          0          0          0          0         80   rt_memcpy_w.o
         2          0          0          0          0          0   rtexit.o
        10          0          0          0          0          0   rtexit2.o
       128          0          0          0          0         68   strcmpv7m.o
        72          0          0          0          0         80   strcpy.o
        62          0          0          0          0         76   strlen.o
        86          0          0          0          0         76   strncpy.o
        12          4          0          0          0         68   sys_exit.o
        74          0          0          0          0         80   sys_stackheap_outer.o
        14          0          0          0          0         76   sys_wrch.o
         2          0          0          0          0         68   use_no_semi.o
        98          4          0          0          0        140   d2f.o
       826         16          0          0          0        492   daddsub_clz.o
        24          0          0          0          0        116   dcmpi.o
       688        140          0          0          0        256   ddiv.o
        90          4          0          0          0        140   dfixu.o
        84          0          0          0          0        232   dflt_clz.o
       120          4          0          0          0        140   dleqf.o
       340         12          0          0          0        152   dmul.o
       156          4          0          0          0        140   dnaninf.o
        12          0          0          0          0        116   dretinf.o
       108          0          0          0          0        128   drleqf.o
        86          4          0          0          0        132   f2d.o
       140          4          0          0          0        132   fnaninf.o
        10          0          0          0          0        116   fpinit.o
        10          0          0          0          0        116   fretinf.o
         4          0          0          0          0        116   printf1.o
         0          0          0          0          0          0   usenofp.o
        48          0          0          0          0        124   fpclassify.o

    ----------------------------------------------------------------------
      8934        460        176          0        100       7272   Library Totals
        18          0          0          0          4          0   (incl. Padding)

    ----------------------------------------------------------------------

      Code (inc. data)   RO Data    RW Data    ZI Data      Debug   Library Name

      6072        268        176          0         96       4484   c_w.l
      2796        192          0          0          0       2664   fz_wm.l
        48          0          0          0          0        124   m_wm.l

    ----------------------------------------------------------------------
      8934        460        176          0        100       7272   Library Totals

    ----------------------------------------------------------------------

==============================================================================


      Code (inc. data)   RO Data    RW Data    ZI Data      Debug   

     97950       6430     134474        640      44432     695263   Grand Totals
     97950       6430     134474        244      44432     695263   ELF Image Totals (compressed)
     97950       6430     134474        244          0          0   ROM Totals

==============================================================================

    Total RO  Size (Code + RO Data)               232424 ( 226.98kB)
    Total RW  Size (RW Data + ZI Data)             45072 (  44.02kB)
    Total ROM Size (Code + RO Data + RW Data)     232668 ( 227.21kB)

==============================================================================

