Component: ARM Compiler 5.05 update 1 (build 106) Tool: armlink [4d0efa]

==============================================================================

Section Cross References

    main.o(.text) refers to stm32f4xx_adc.o(.text) for ADC_RegularChannelConfig
    main.o(.text) refers to stm32f4_discovery_lcd_ssd1963.o(.text) for LCD_DrawFullRect
    main.o(.text) refers to lcdhal.o(.text) for GL_DisplayAdjStringLine
    main.o(.text) refers to tasks.o(.text) for vTaskDelay
    main.o(.text) refers to stm32f4_discovery_tsc2046.o(.text) for getTouchPoint
    main.o(.text) refers to graphicobject.o(.text) for ProcessInputData
    main.o(.text) refers to stm32f4xx_rcc.o(.text) for RCC_APB2PeriphClockCmd
    main.o(.text) refers to stm32f4xx_gpio.o(.text) for GPIO_Init
    main.o(.text) refers to stm32f4_discovery_user.o(.text) for STM_EVAL_LEDInit
    main.o(.text) refers to stm32f4xx_uartstdio.o(.text) for UARTstdio_Configuration
    main.o(.text) refers to uiframework.o(.text) for Show_HomeScreen
    main.o(.text) refers to stm32f4x7_eth_bsp.o(.text) for ETH_BSP_Config
    main.o(.text) refers to netconf.o(.text) for LwIP_Init
    main.o(.text) refers to misc.o(.text) for NVIC_PriorityGroupConfig
    main.o(.text) refers to httpserver-socket.o(.text) for http_server_socket_init
    main.o(.text) refers to heap_2.o(.text) for xPortGetFreeHeapSize
    main.o(.text) refers to main.o(.data) for ADC_value
    main.o(.text) refers to uiframework.o(.data) for CurrentScreen
    main.o(.text) refers to uiframework.o(.bss) for home_screen
    system_stm32f4xx.o(.text) refers to system_stm32f4xx.o(.data) for SystemCoreClock
    stm32f4xx_it.o(.text) refers to stm32f4x7_eth.o(.text) for ETH_GetDMAFlagStatus
    stm32f4xx_it.o(.text) refers to queue.o(.text) for xQueueGiveFromISR
    stm32f4xx_it.o(.text) refers to ethernetif.o(.data) for s_xSemaphore
    netconf.o(.text) refers to _printf_percent.o(.ARM.Collect$$_printf_percent$$00000000) for _printf_percent
    netconf.o(.text) refers to _printf_d.o(.ARM.Collect$$_printf_percent$$00000009) for _printf_d
    netconf.o(.text) refers to _printf_dec.o(.text) for _printf_int_dec
    netconf.o(.text) refers to tcpip.o(.text) for tcpip_init
    netconf.o(.text) refers to inet.o(.text) for htonl
    netconf.o(.text) refers to noretval__2sprintf.o(.text) for __2sprintf
    netconf.o(.text) refers to netif.o(.text) for netif_add
    netconf.o(.text) refers to ethernetif.o(.text) for ethernetif_init
    netconf.o(.text) refers to netconf.o(.bss) for xnetif
    stm32f4x7_eth_bsp.o(.text) refers to stm32f4xx_rcc.o(.text) for RCC_AHB1PeriphClockCmd
    stm32f4x7_eth_bsp.o(.text) refers to stm32f4x7_eth.o(.text) for ETH_DeInit
    stm32f4x7_eth_bsp.o(.text) refers to misc.o(.text) for NVIC_PriorityGroupConfig
    stm32f4x7_eth_bsp.o(.text) refers to stm32f4xx_syscfg.o(.text) for SYSCFG_ETH_MediaInterfaceConfig
    stm32f4x7_eth_bsp.o(.text) refers to stm32f4xx_gpio.o(.text) for GPIO_Init
    stm32f4x7_eth_bsp.o(.text) refers to stm32f4x7_eth_bsp.o(.data) for EthInitStatus
    fs.o(.text) refers to strcmpv7m.o(.text) for strcmp
    fs.o(.text) refers to rt_memcpy_v6.o(.text) for __aeabi_memcpy
    fs.o(.text) refers to fs.o(.bss) for fs_memory
    fs.o(.text) refers to fs.o(.constdata) for file__STM32F4x7_html
    httpserver-socket.o(.text) refers to _printf_percent.o(.ARM.Collect$$_printf_percent$$00000000) for _printf_percent
    httpserver-socket.o(.text) refers to _printf_d.o(.ARM.Collect$$_printf_percent$$00000009) for _printf_d
    httpserver-socket.o(.text) refers to _printf_dec.o(.text) for _printf_int_dec
    httpserver-socket.o(.text) refers to rt_memclr.o(.text) for __aeabi_memclr
    httpserver-socket.o(.text) refers to strcat.o(.text) for strcat
    httpserver-socket.o(.text) refers to httpserver-socket.o(.bss) for PAGE_BODY2
    httpserver-socket.o(.text) refers to httpserver-socket.o(.conststring) for .conststring
    httpserver-socket.o(.text) refers to strlen.o(.text) for strlen
    httpserver-socket.o(.text) refers to sockets.o(.text) for lwip_write
    httpserver-socket.o(.text) refers to noretval__2sprintf.o(.text) for __2sprintf
    httpserver-socket.o(.text) refers to tasks.o(.text) for vTaskList
    httpserver-socket.o(.text) refers to httpserver-socket.o(.data) for ph_min
    httpserver-socket.o(.text) refers to main.o(.data) for ADC_value
    httpserver-socket.o(.text) refers to strncmp.o(.text) for strncmp
    httpserver-socket.o(.text) refers to fs.o(.text) for fs_open
    httpserver-socket.o(.text) refers to inet.o(.text) for htons
    httpserver-socket.o(.text) refers to sys_arch.o(.text) for sys_thread_new
    httpserver-socket.o(.text) refers to httpserver-socket.o(.constdata) for PAGE_START
    httpclient-socket.o(.text) refers to tasks.o(.text) for vTaskDelay
    httpclient-socket.o(.text) refers to sys_arch.o(.text) for sys_thread_new
    miscellaneous.o(.text) refers to miscellaneous.o(.bss) for buf
[...]
    netif_set_up                             0x0801400f   Thumb Code    44  netif.o(.text)
    netif_set_down                           0x0801403b   Thumb Code    24  netif.o(.text)
    netif_is_up                              0x08014053   Thumb Code    12  netif.o(.text)
    pbuf_free                                0x08014075   Thumb Code   126  pbuf.o(.text)
    pbuf_alloc                               0x080140f3   Thumb Code   430  pbuf.o(.text)
    pbuf_realloc                             0x080142a1   Thumb Code   120  pbuf.o(.text)
    pbuf_header                              0x08014319   Thumb Code   134  pbuf.o(.text)
    pbuf_clen                                0x0801439f   Thumb Code    18  pbuf.o(.text)
    pbuf_ref                                 0x080143b1   Thumb Code    10  pbuf.o(.text)
    pbuf_cat                                 0x080143bb   Thumb Code    56  pbuf.o(.text)
    pbuf_chain                               0x080143f3   Thumb Code    26  pbuf.o(.text)
    pbuf_dechain                             0x0801440d   Thumb Code    66  pbuf.o(.text)
    pbuf_copy                                0x0801444f   Thumb Code   190  pbuf.o(.text)
    pbuf_copy_partial                        0x0801450d   Thumb Code   146  pbuf.o(.text)
    pbuf_take                                0x0801459f   Thumb Code   116  pbuf.o(.text)
    pbuf_coalesce                            0x08014613   Thumb Code    60  pbuf.o(.text)
    raw_input                                0x08014651   Thumb Code   100  raw.o(.text)
    raw_bind                                 0x080146b5   Thumb Code    16  raw.o(.text)
    raw_connect                              0x080146c5   Thumb Code    16  raw.o(.text)
    raw_recv                                 0x080146d5   Thumb Code     6  raw.o(.text)
    raw_sendto                               0x080146db   Thumb Code   168  raw.o(.text)
    raw_send                                 0x08014783   Thumb Code    18  raw.o(.text)
    raw_remove                               0x08014795   Thumb Code    60  raw.o(.text)
    raw_new                                  0x080147d1   Thumb Code    46  raw.o(.text)
    sys_mbox_fetch                           0x08014805   Thumb Code   128  sys.o(.text)
    sys_sem_wait                             0x08014885   Thumb Code   120  sys.o(.text)
    sys_timeout                              0x080148fd   Thumb Code   156  sys.o(.text)
    sys_untimeout                            0x08014999   Thumb Code    98  sys.o(.text)
    sys_sem_wait_timeout                     0x08014a0f   Thumb Code    58  sys.o(.text)
    sys_msleep                               0x08014a49   Thumb Code    28  sys.o(.text)
    tcp_seg_free                             0x08014a69   Thumb Code    32  tcp.o(.text)
    tcp_segs_free                            0x08014a89   Thumb Code    30  tcp.o(.text)
    tcp_pcb_purge                            0x08014aa7   Thumb Code   144  tcp.o(.text)
    tcp_slowtmr                              0x08014b37   Thumb Code   758  tcp.o(.text)
    tcp_pcb_remove                           0x08014e2d   Thumb Code   180  tcp.o(.text)
    tcp_close                                0x08014ee1   Thumb Code   234  tcp.o(.text)
    tcp_update_rcv_ann_wnd                   0x08014fcb   Thumb Code    72  tcp.o(.text)
    tcp_recved                               0x08015013   Thumb Code    74  tcp.o(.text)
    tcp_recv_null                            0x0801505d   Thumb Code    46  tcp.o(.text)
    tcp_fasttmr                              0x0801508b   Thumb Code   122  tcp.o(.text)
    tcp_tmr                                  0x08015105   Thumb Code    30  tcp.o(.text)
    tcp_abandon                              0x08015123   Thumb Code   152  tcp.o(.text)
    tcp_bind                                 0x08015223   Thumb Code   266  tcp.o(.text)
    tcp_listen_with_backlog                  0x08015335   Thumb Code   214  tcp.o(.text)
    tcp_eff_send_mss                         0x0801540b   Thumb Code    46  tcp.o(.text)
    tcp_next_iss                             0x08015439   Thumb Code    20  tcp.o(.text)
    tcp_connect                              0x0801544d   Thumb Code   274  tcp.o(.text)
    tcp_setprio                              0x0801555f   Thumb Code     4  tcp.o(.text)
    tcp_alloc                                0x080155ed   Thumb Code   180  tcp.o(.text)
    tcp_new                                  0x080156a1   Thumb Code    10  tcp.o(.text)
    tcp_arg                                  0x080156ab   Thumb Code     4  tcp.o(.text)
    tcp_recv                                 0x080156af   Thumb Code     6  tcp.o(.text)
    tcp_sent                                 0x080156b5   Thumb Code     6  tcp.o(.text)
    tcp_err                                  0x080156bb   Thumb Code     6  tcp.o(.text)
    tcp_accept                               0x080156c1   Thumb Code     4  tcp.o(.text)
    tcp_poll                                 0x080156c5   Thumb Code    10  tcp.o(.text)
    tcp_debug_state_str                      0x080156cf   Thumb Code    10  tcp.o(.text)
    tcp_input                                0x080165c5   Thumb Code  1140  tcp_in.o(.text)
    tcp_enqueue                              0x08016af7   Thumb Code  1072  tcp_out.o(.text)
    tcp_send_ctrl                            0x08016f27   Thumb Code    28  tcp_out.o(.text)
    tcp_write                                0x08016f43   Thumb Code    80  tcp_out.o(.text)
    tcp_send_empty_ack                       0x08016f93   Thumb Code   102  tcp_out.o(.text)
    tcp_output                               0x080170c3   Thumb Code   474  tcp_out.o(.text)
    tcp_rst                                  0x0801729d   Thumb Code   178  tcp_out.o(.text)
    tcp_rexmit_rto                           0x0801734f   Thumb Code    58  tcp_out.o(.text)
    tcp_rexmit                               0x08017389   Thumb Code    80  tcp_out.o(.text)
    tcp_rexmit_fast                          0x080173d9   Thumb Code   138  tcp_out.o(.text)
    tcp_keepalive                            0x08017463   Thumb Code    98  tcp_out.o(.text)
    tcp_zero_window_probe                    0x080174c5   Thumb Code   184  tcp_out.o(.text)
    udp_input                                0x0801757d   Thumb Code   484  udp.o(.text)
    udp_bind                                 0x08017761   Thumb Code   126  udp.o(.text)
    udp_sendto_if                            0x080177df   Thumb Code   236  udp.o(.text)
    udp_sendto                               0x080178cb   Thumb Code    54  udp.o(.text)
    udp_send                                 0x08017901   Thumb Code    20  udp.o(.text)
    udp_connect                              0x08017915   Thumb Code    98  udp.o(.text)
    udp_disconnect                           0x08017977   Thumb Code    28  udp.o(.text)
    udp_recv                                 0x08017993   Thumb Code     6  udp.o(.text)
    udp_remove                               0x08017999   Thumb Code    60  udp.o(.text)
    udp_new                                  0x080179d5   Thumb Code    28  udp.o(.text)
    autoip_init                              0x080179f9   Thumb Code     6  autoip.o(.text)
    autoip_start                             0x08017aa9   Thumb Code   110  autoip.o(.text)
    autoip_network_changed                   0x08017bd7   Thumb Code    28  autoip.o(.text)
    autoip_stop                              0x08017bf3   Thumb Code    20  autoip.o(.text)
    autoip_tmr                               0x08017c07   Thumb Code   280  autoip.o(.text)
    autoip_arp_reply                         0x08017d1f   Thumb Code   188  autoip.o(.text)
    icmp_input                               0x08017dfd   Thumb Code   414  icmp.o(.text)
    icmp_dest_unreach                        0x0801801f   Thumb Code    18  icmp.o(.text)
    htonl                                    0x08018031   Thumb Code    26  inet.o(.text)
    inet_aton                                0x0801804b   Thumb Code   336  inet.o(.text)
    inet_addr                                0x0801819b   Thumb Code    24  inet.o(.text)
    inet_ntoa                                0x080181b3   Thumb Code   112  inet.o(.text)
    htons                                    0x08018223   Thumb Code    12  inet.o(.text)
    ntohs                                    0x0801822f   Thumb Code    12  inet.o(.text)
    ntohl                                    0x0801823b   Thumb Code    12  inet.o(.text)
    inet_chksum_pseudo                       0x08018297   Thumb Code   170  inet_chksum.o(.text)
    inet_chksum                              0x08018341   Thumb Code    20  inet_chksum.o(.text)
    inet_chksum_pbuf                         0x08018355   Thumb Code    86  inet_chksum.o(.text)
    ip_route                                 0x080183ad   Thumb Code    74  ip.o(.text)
    ip_input                                 0x080183f7   Thumb Code   504  ip.o(.text)
    ip_output_if                             0x080185ef   Thumb Code   234  ip.o(.text)
    ip_output                                0x080186d9   Thumb Code    56  ip.o(.text)
    ip_addr_isbroadcast                      0x08018725   Thumb Code    78  ip_addr.o(.text)
    etharp_tmr                               0x08018775   Thumb Code    98  etharp.o(.text)
    etharp_find_addr                         0x08018a2d   Thumb Code    68  etharp.o(.text)
    etharp_ip_input                          0x08018a71   Thumb Code    64  etharp.o(.text)
    etharp_arp_input                         0x08018ab1   Thumb Code   382  etharp.o(.text)
    etharp_raw                               0x08018c2f   Thumb Code   220  etharp.o(.text)
    etharp_request                           0x08018d0b   Thumb Code    40  etharp.o(.text)
    etharp_query                             0x08018d33   Thumb Code   206  etharp.o(.text)
    etharp_output                            0x08018e01   Thumb Code   194  etharp.o(.text)
    ethernet_input                           0x08018ec3   Thumb Code   104  etharp.o(.text)
    ethernetif_init                          0x08019161   Thumb Code    50  ethernetif.o(.text)
    sys_mbox_new                             0x080191d5   Thumb Code    20  sys_arch.o(.text)
    sys_mbox_free                            0x080191e9   Thumb Code    18  sys_arch.o(.text)
    sys_mbox_post                            0x080191fb   Thumb Code    24  sys_arch.o(.text)
    sys_mbox_trypost                         0x08019213   Thumb Code    32  sys_arch.o(.text)
    sys_arch_mbox_fetch                      0x08019233   Thumb Code    94  sys_arch.o(.text)
    sys_arch_mbox_tryfetch                   0x08019291   Thumb Code    36  sys_arch.o(.text)
    sys_sem_new                              0x080192b5   Thumb Code    54  sys_arch.o(.text)
    sys_arch_sem_wait                        0x080192eb   Thumb Code    82  sys_arch.o(.text)
    sys_sem_signal                           0x0801933d   Thumb Code    18  sys_arch.o(.text)
    sys_sem_free                             0x0801934f   Thumb Code    12  sys_arch.o(.text)
    sys_init                                 0x0801935b   Thumb Code    34  sys_arch.o(.text)
    sys_arch_timeouts                        0x0801937d   Thumb Code    42  sys_arch.o(.text)
    sys_thread_new                           0x080193a7   Thumb Code    86  sys_arch.o(.text)
    sys_arch_protect                         0x080193fd   Thumb Code    10  sys_arch.o(.text)
    sys_arch_unprotect                       0x08019407   Thumb Code    10  sys_arch.o(.text)
    sys_assert                               0x08019411   Thumb Code     8  sys_arch.o(.text)
    vListInitialise                          0x08019421   Thumb Code    26  list.o(.text)
    vListInitialiseItem                      0x0801943b   Thumb Code     6  list.o(.text)
    vListInsertEnd                           0x08019441   Thumb Code    24  list.o(.text)
    vListInsert                              0x08019459   Thumb Code    52  list.o(.text)
    uxListRemove                             0x0801948d   Thumb Code    40  list.o(.text)
    xQueueGenericReset                       0x080194b5   Thumb Code   146  queue.o(.text)
    xQueueGenericCreate                      0x08019571   Thumb Code    88  queue.o(.text)
    xQueueGenericSend                        0x080196e1   Thumb Code   380  queue.o(.text)
    xQueueCreateMutex                        0x08019879   Thumb Code    34  queue.o(.text)
    xQueueGiveMutexRecursive                 0x0801989b   Thumb Code    72  queue.o(.text)
    xQueueGenericReceive                     0x0801992b   Thumb Code   406  queue.o(.text)
    xQueueTakeMutexRecursive                 0x08019ac1   Thumb Code    82  queue.o(.text)
    xQueueCreateCountingSemaphore            0x08019b13   Thumb Code    92  queue.o(.text)
    xQueueGenericSendFromISR                 0x08019b6f   Thumb Code   248  queue.o(.text)
    xQueueGiveFromISR                        0x08019c67   Thumb Code   224  queue.o(.text)
    xQueueReceiveFromISR                     0x08019d47   Thumb Code   210  queue.o(.text)
    xQueuePeekFromISR                        0x08019e19   Thumb Code   176  queue.o(.text)
    uxQueueMessagesWaiting                   0x08019ec9   Thumb Code    42  queue.o(.text)
    uxQueueSpacesAvailable                   0x08019ef3   Thumb Code    48  queue.o(.text)
    uxQueueMessagesWaitingFromISR            0x08019f23   Thumb Code    30  queue.o(.text)
    vQueueUnregisterQueue                    0x08019f41   Thumb Code    44  queue.o(.text)
    vQueueDelete                             0x08019f6d   Thumb Code    44  queue.o(.text)
    uxQueueGetQueueNumber                    0x08019f99   Thumb Code     6  queue.o(.text)
    vQueueSetQueueNumber                     0x08019f9f   Thumb Code     4  queue.o(.text)
    ucQueueGetQueueType                      0x08019fa3   Thumb Code     8  queue.o(.text)
    xQueueIsQueueEmptyFromISR                0x08019fab   Thumb Code    38  queue.o(.text)
    xQueueIsQueueFullFromISR                 0x08019fd1   Thumb Code    42  queue.o(.text)
    vQueueAddToRegistry                      0x08019ffb   Thumb Code    38  queue.o(.text)
    pcQueueGetName                           0x0801a021   Thumb Code    38  queue.o(.text)
    xTaskCreate                              0x0801a1e3   Thumb Code    96  tasks.o(.text)
    vTaskDelete                              0x0801a27f   Thumb Code   202  tasks.o(.text)
    xTaskIncrementTick                       0x0801a349   Thumb Code   380  tasks.o(.text)
    xTaskResumeAll                           0x0801a4c5   Thumb Code   224  tasks.o(.text)
    vTaskSuspendAll                          0x0801a621   Thumb Code    12  tasks.o(.text)
    vTaskDelay                               0x0801a62d   Thumb Code    82  tasks.o(.text)
    eTaskGetState                            0x0801a67f   Thumb Code   112  tasks.o(.text)
    uxTaskPriorityGet                        0x0801a6ef   Thumb Code    30  tasks.o(.text)
    uxTaskPriorityGetFromISR                 0x0801a70d   Thumb Code    62  tasks.o(.text)
    vTaskPrioritySet                         0x0801a74b   Thumb Code   260  tasks.o(.text)
    vTaskSwitchContext                       0x0801a84f   Thumb Code   236  tasks.o(.text)
    vTaskSuspend                             0x0801a93b   Thumb Code   196  tasks.o(.text)
    vTaskResume                              0x0801aa4f   Thumb Code   128  tasks.o(.text)
    xTaskResumeFromISR                       0x0801aacf   Thumb Code   158  tasks.o(.text)
    vTaskStartScheduler                      0x0801abe3   Thumb Code   108  tasks.o(.text)
    vTaskEndScheduler                        0x0801ac4f   Thumb Code    32  tasks.o(.text)
    xTaskGetTickCount                        0x0801ac6f   Thumb Code     6  tasks.o(.text)
    xTaskGetTickCountFromISR                 0x0801ac75   Thumb Code    16  tasks.o(.text)
    uxTaskGetNumberOfTasks                   0x0801ac85   Thumb Code     6  tasks.o(.text)
    pcTaskGetName                            0x0801ac8b   Thumb Code    44  tasks.o(.text)
    vTaskGetInfo                             0x0801ad11   Thumb Code   114  tasks.o(.text)
    uxTaskGetSystemState                     0x0801aded   Thumb Code   152  tasks.o(.text)
    vTaskPlaceOnEventList                    0x0801ae85   Thumb Code    52  tasks.o(.text)
    vTaskPlaceOnUnorderedEventList           0x0801aeb9   Thumb Code   100  tasks.o(.text)
    xTaskRemoveFromEventList                 0x0801af1d   Thumb Code   128  tasks.o(.text)
    xTaskRemoveFromUnorderedEventList        0x0801af9d   Thumb Code   154  tasks.o(.text)
    vTaskSetTimeOutState                     0x0801b037   Thumb Code    38  tasks.o(.text)
    xTaskCheckForTimeOut                     0x0801b05d   Thumb Code   132  tasks.o(.text)
    vTaskMissedYield                         0x0801b0e1   Thumb Code     8  tasks.o(.text)
    uxTaskGetTaskNumber                      0x0801b0e9   Thumb Code    14  tasks.o(.text)
    vTaskSetTaskNumber                       0x0801b0f7   Thumb Code    62  tasks.o(.text)
    xTaskGetCurrentTaskHandle                0x0801b135   Thumb Code     6  tasks.o(.text)
    vTaskPriorityInherit                     0x0801b13b   Thumb Code   164  tasks.o(.text)
    xTaskPriorityDisinherit                  0x0801b1df   Thumb Code   188  tasks.o(.text)
    vTaskList                                0x0801b2c5   Thumb Code   204  tasks.o(.text)
    uxTaskResetEventItemValue                0x0801b391   Thumb Code    24  tasks.o(.text)
    pvTaskIncrementMutexHeldCount            0x0801b3a9   Thumb Code    26  tasks.o(.text)
    ulTaskNotifyTake                         0x0801b3c3   Thumb Code   108  tasks.o(.text)
    xTaskNotifyWait                          0x0801b42f   Thumb Code   150  tasks.o(.text)
    xTaskGenericNotify                       0x0801b4c5   Thumb Code   280  tasks.o(.text)
    xTaskGenericNotifyFromISR                0x0801b5dd   Thumb Code   298  tasks.o(.text)
    vTaskNotifyGiveFromISR                   0x0801b707   Thumb Code   216  tasks.o(.text)
    xTaskNotifyStateClear                    0x0801b7df   Thumb Code    48  tasks.o(.text)
    pxPortInitialiseStack                    0x0801b869   Thumb Code    38  port.o(.text)
    vPortSetupTimerInterrupt                 0x0801b88f   Thumb Code    14  port.o(.text)
    xPortStartScheduler                      0x0801b89d   Thumb Code   288  port.o(.text)
    vPortEndScheduler                        0x0801b9bd   Thumb Code    42  port.o(.text)
    vPortEnterCritical                       0x0801b9e7   Thumb Code    78  port.o(.text)
    vPortExitCritical                        0x0801ba35   Thumb Code    56  port.o(.text)
    SysTick_Handler                          0x0801ba6d   Thumb Code    48  port.o(.text)
    vPortValidateInterruptPriority           0x0801ba9d   Thumb Code   108  port.o(.text)
    pvPortMalloc                             0x0801bb57   Thumb Code   176  heap_2.o(.text)
    vPortFree                                0x0801bc07   Thumb Code    56  heap_2.o(.text)
    xPortGetFreeHeapSize                     0x0801bc3f   Thumb Code     6  heap_2.o(.text)
    vPortInitialiseBlocks                    0x0801bc45   Thumb Code     2  heap_2.o(.text)
    Reset_Handler                            0x0801bc5d   Thumb Code     8  startup_stm32f4xx.o(.text)
    ADC_IRQHandler                           0x0801bc77   Thumb Code     0  startup_stm32f4xx.o(.text)
    CAN1_RX0_IRQHandler                      0x0801bc77   Thumb Code     0  startup_stm32f4xx.o(.text)
    CAN1_RX1_IRQHandler                      0x0801bc77   Thumb Code     0  startup_stm32f4xx.o(.text)
    CAN1_SCE_IRQHandler                      0x0801bc77   Thumb Code     0  startup_stm32f4xx.o(.text)
    CAN1_TX_IRQHandler                       0x0801bc77   Thumb Code     0  startup_stm32f4xx.o(.text)
    CAN2_RX0_IRQHandler                      0x0801bc77   Thumb Code     0  startup_stm32f4xx.o(.text)
    CAN2_RX1_IRQHandler                      0x0801bc77   Thumb Code     0  startup_stm32f4xx.o(.text)
    CAN2_SCE_IRQHandler                      0x0801bc77   Thumb Code     0  startup_stm32f4xx.o(.text)
    CAN2_TX_IRQHandler                       0x0801bc77   Thumb Code     0  startup_stm32f4xx.o(.text)
    CRYP_IRQHandler                          0x0801bc77   Thumb Code     0  startup_stm32f4xx.o(.text)
    DCMI_IRQHandler                          0x0801bc77   Thumb Code     0  startup_stm32f4xx.o(.text)
    DMA1_Stream0_IRQHandler                  0x0801bc77   Thumb Code     0  startup_stm32f4xx.o(.text)
    DMA1_Stream1_IRQHandler                  0x0801bc77   Thumb Code     0  startup_stm32f4xx.o(.text)
    DMA1_Stream2_IRQHandler                  0x0801bc77   Thumb Code     0  startup_stm32f4xx.o(.text)
    DMA1_Stream3_IRQHandler                  0x0801bc77   Thumb Code     0  startup_stm32f4xx.o(.text)
    DMA1_Stream4_IRQHandler                  0x0801bc77   Thumb Code     0  startup_stm32f4xx.o(.text)
    DMA1_Stream5_IRQHandler                  0x0801bc77   Thumb Code     0  startup_stm32f4xx.o(.text)
    DMA1_Stream6_IRQHandler                  0x0801bc77   Thumb Code     0  startup_stm32f4xx.o(.text)
    DMA1_Stream7_IRQHandler                  0x0801bc77   Thumb Code     0  startup_stm32f4xx.o(.text)
    DMA2_Stream0_IRQHandler                  0x0801bc77   Thumb Code     0  startup_stm32f4xx.o(.text)
    DMA2_Stream1_IRQHandler                  0x0801bc77   Thumb Code     0  startup_stm32f4xx.o(.text)
    DMA2_Stream2_IRQHandler                  0x0801bc77   Thumb Code     0  startup_stm32f4xx.o(.text)
    DMA2_Stream3_IRQHandler                  0x0801bc77   Thumb Code     0  startup_stm32f4xx.o(.text)
    DMA2_Stream4_IRQHandler                  0x0801bc77   Thumb Code     0  startup_stm32f4xx.o(.text)
    DMA2_Stream5_IRQHandler                  0x0801bc77   Thumb Code     0  startup_stm32f4xx.o(.text)
    DMA2_Stream6_IRQHandler                  0x0801bc77   Thumb Code     0  startup_stm32f4xx.o(.text)
    DMA2_Stream7_IRQHandler                  0x0801bc77   Thumb Code     0  startup_stm32f4xx.o(.text)
    ETH_WKUP_IRQHandler                      0x0801bc77   Thumb Code     0  startup_stm32f4xx.o(.text)
    EXTI0_IRQHandler                         0x0801bc77   Thumb Code     0  startup_stm32f4xx.o(.text)
    EXTI15_10_IRQHandler                     0x0801bc77   Thumb Code     0  startup_stm32f4xx.o(.text)
    EXTI1_IRQHandler                         0x0801bc77   Thumb Code     0  startup_stm32f4xx.o(.text)
    EXTI2_IRQHandler                         0x0801bc77   Thumb Code     0  startup_stm32f4xx.o(.text)
    EXTI3_IRQHandler                         0x0801bc77   Thumb Code     0  startup_stm32f4xx.o(.text)
    EXTI4_IRQHandler                         0x0801bc77   Thumb Code     0  startup_stm32f4xx.o(.text)
    EXTI9_5_IRQHandler                       0x0801bc77   Thumb Code     0  startup_stm32f4xx.o(.text)
    FLASH_IRQHandler                         0x0801bc77   Thumb Code     0  startup_stm32f4xx.o(.text)
    FPU_IRQHandler                           0x0801bc77   Thumb Code     0  startup_stm32f4xx.o(.text)
    FSMC_IRQHandler                          0x0801bc77   Thumb Code     0  startup_stm32f4xx.o(.text)
    HASH_RNG_IRQHandler                      0x0801bc77   Thumb Code     0  startup_stm32f4xx.o(.text)
    I2C1_ER_IRQHandler                       0x0801bc77   Thumb Code     0  startup_stm32f4xx.o(.text)
    I2C1_EV_IRQHandler                       0x0801bc77   Thumb Code     0  startup_stm32f4xx.o(.text)
    I2C2_ER_IRQHandler                       0x0801bc77   Thumb Code     0  startup_stm32f4xx.o(.text)
    I2C2_EV_IRQHandler                       0x0801bc77   Thumb Code     0  startup_stm32f4xx.o(.text)
    I2C3_ER_IRQHandler                       0x0801bc77   Thumb Code     0  startup_stm32f4xx.o(.text)
    I2C3_EV_IRQHandler                       0x0801bc77   Thumb Code     0  startup_stm32f4xx.o(.text)
    OTG_FS_IRQHandler                        0x0801bc77   Thumb Code     0  startup_stm32f4xx.o(.text)
    OTG_FS_WKUP_IRQHandler                   0x0801bc77   Thumb Code     0  startup_stm32f4xx.o(.text)
    OTG_HS_EP1_IN_IRQHandler                 0x0801bc77   Thumb Code     0  startup_stm32f4xx.o(.text)
    OTG_HS_EP1_OUT_IRQHandler                0x0801bc77   Thumb Code     0  startup_stm32f4xx.o(.text)
    OTG_HS_IRQHandler                        0x0801bc77   Thumb Code     0  startup_stm32f4xx.o(.text)
    OTG_HS_WKUP_IRQHandler                   0x0801bc77   Thumb Code     0  startup_stm32f4xx.o(.text)
    PVD_IRQHandler                           0x0801bc77   Thumb Code     0  startup_stm32f4xx.o(.text)
    RCC_IRQHandler                           0x0801bc77   Thumb Code     0  startup_stm32f4xx.o(.text)
    RTC_Alarm_IRQHandler                     0x0801bc77   Thumb Code     0  startup_stm32f4xx.o(.text)
    RTC_WKUP_IRQHandler                      0x0801bc77   Thumb Code     0  startup_stm32f4xx.o(.text)
    SDIO_IRQHandler                          0x0801bc77   Thumb Code     0  startup_stm32f4xx.o(.text)
    SPI1_IRQHandler                          0x0801bc77   Thumb Code     0  startup_stm32f4xx.o(.text)
    SPI2_IRQHandler                          0x0801bc77   Thumb Code     0  startup_stm32f4xx.o(.text)
    SPI3_IRQHandler                          0x0801bc77   Thumb Code     0  startup_stm32f4xx.o(.text)
    TAMP_STAMP_IRQHandler                    0x0801bc77   Thumb Code     0  startup_stm32f4xx.o(.text)
    TIM1_BRK_TIM9_IRQHandler                 0x0801bc77   Thumb Code     0  startup_stm32f4xx.o(.text)
    TIM1_CC_IRQHandler                       0x0801bc77   Thumb Code     0  startup_stm32f4xx.o(.text)
    TIM1_TRG_COM_TIM11_IRQHandler            0x0801bc77   Thumb Code     0  startup_stm32f4xx.o(.text)
    TIM1_UP_TIM10_IRQHandler                 0x0801bc77   Thumb Code     0  startup_stm32f4xx.o(.text)
    TIM5_IRQHandler                          0x0801bc77   Thumb Code     0  startup_stm32f4xx.o(.text)
    TIM6_DAC_IRQHandler                      0x0801bc77   Thumb Code     0  startup_stm32f4xx.o(.text)
    TIM7_IRQHandler                          0x0801bc77   Thumb Code     0  startup_stm32f4xx.o(.text)
    TIM8_BRK_TIM12_IRQHandler                0x0801bc77   Thumb Code     0  startup_stm32f4xx.o(.text)
    TIM8_CC_IRQHandler                       0x0801bc77   Thumb Code     0  startup_stm32f4xx.o(.text)
    TIM8_TRG_COM_TIM14_IRQHandler            0x0801bc77   Thumb Code     0  startup_stm32f4xx.o(.text)
    TIM8_UP_TIM13_IRQHandler                 0x0801bc77   Thumb Code     0  startup_stm32f4xx.o(.text)
    UART4_IRQHandler                         0x0801bc77   Thumb Code     0  startup_stm32f4xx.o(.text)
    UART5_IRQHandler                         0x0801bc77   Thumb Code     0  startup_stm32f4xx.o(.text)
    USART1_IRQHandler                        0x0801bc77   Thumb Code     0  startup_stm32f4xx.o(.text)
    USART2_IRQHandler                        0x0801bc77   Thumb Code     0  startup_stm32f4xx.o(.text)
    USART3_IRQHandler                        0x0801bc77   Thumb Code     0  startup_stm32f4xx.o(.text)
    USART6_IRQHandler                        0x0801bc77   Thumb Code     0  startup_stm32f4xx.o(.text)
    WWDG_IRQHandler                          0x0801bc77   Thumb Code     0  startup_stm32f4xx.o(.text)
    __user_initial_stackheap                 0x0801bc79   Thumb Code     0  startup_stm32f4xx.o(.text)
    malloc                                   0x0801bc9d   Thumb Code    94  h1_alloc.o(.text)
    free                                     0x0801bcfb   Thumb Code    78  h1_free.o(.text)
    __2sprintf                               0x0801bd49   Thumb Code    34  noretval__2sprintf.o(.text)
    _printf_pre_padding                      0x0801bd71   Thumb Code    44  _printf_pad.o(.text)
    _printf_post_padding                     0x0801bd9d   Thumb Code    34  _printf_pad.o(.text)
    _printf_str                              0x0801bdbf   Thumb Code    82  _printf_str.o(.text)
    _printf_int_dec                          0x0801be11   Thumb Code   104  _printf_dec.o(.text)
    __printf                                 0x0801be89   Thumb Code   270  __printf_wp.o(.text)
    memcmp                                   0x0801bf97   Thumb Code    88  memcmp.o(.text)
    strcpy                                   0x0801bfef   Thumb Code    72  strcpy.o(.text)
    strlen                                   0x0801c037   Thumb Code    62  strlen.o(.text)
    strncmp                                  0x0801c075   Thumb Code   150  strncmp.o(.text)
    strcat                                   0x0801c10b   Thumb Code    24  strcat.o(.text)
    __aeabi_memcpy                           0x0801c123   Thumb Code     0  rt_memcpy_v6.o(.text)
    __rt_memcpy                              0x0801c123   Thumb Code   138  rt_memcpy_v6.o(.text)
    _memcpy_lastbytes                        0x0801c189   Thumb Code     0  rt_memcpy_v6.o(.text)
    __aeabi_memset                           0x0801c1ad   Thumb Code    16  aeabi_memset.o(.text)
    __aeabi_memclr                           0x0801c1bd   Thumb Code     0  rt_memclr.o(.text)
    __rt_memclr                              0x0801c1bd   Thumb Code    68  rt_memclr.o(.text)
    _memset                                  0x0801c1c1   Thumb Code     0  rt_memclr.o(.text)
    __aeabi_memclr4                          0x0801c201   Thumb Code     0  rt_memclr_w.o(.text)
    __aeabi_memclr8                          0x0801c201   Thumb Code     0  rt_memclr_w.o(.text)
    __rt_memclr_w                            0x0801c201   Thumb Code    78  rt_memclr_w.o(.text)
    _memset_w                                0x0801c205   Thumb Code     0  rt_memclr_w.o(.text)
    strncpy                                  0x0801c24f   Thumb Code    86  strncpy.o(.text)
    strcmp                                   0x0801c2a5   Thumb Code   128  strcmpv7m.o(.text)
    __use_two_region_memory                  0x0801c325   Thumb Code     2  heapauxi.o(.text)
    __rt_heap_escrow                         0x0801c327   Thumb Code     2  heapauxi.o(.text)
    __rt_heap_expand                         0x0801c329   Thumb Code     2  heapauxi.o(.text)
    __rt_heap_descriptor                     0x0801c32d   Thumb Code     8  rt_heap_descriptor_intlibspace.o(.text)
    __use_no_heap                            0x0801c335   Thumb Code     2  hguard.o(.text)
    __heap$guard                             0x0801c337   Thumb Code     2  hguard.o(.text)
    _terminate_user_alloc                    0x0801c339   Thumb Code     2  init_alloc.o(.text)
    _init_user_alloc                         0x0801c33b   Thumb Code     2  init_alloc.o(.text)
    __Heap_Full                              0x0801c33d   Thumb Code    34  init_alloc.o(.text)
    __Heap_Broken                            0x0801c35f   Thumb Code     6  init_alloc.o(.text)
    _init_alloc                              0x0801c365   Thumb Code    94  init_alloc.o(.text)
    __Heap_Initialize                        0x0801c3c3   Thumb Code    10  h1_init.o(.text)
    __Heap_DescSize                          0x0801c3cd   Thumb Code     4  h1_init.o(.text)
    _printf_int_common                       0x0801c3d1   Thumb Code   178  _printf_intcommon.o(.text)
    __lib_sel_fp_printf                      0x0801c483   Thumb Code     2  _printf_fp_dec.o(.text)
    _printf_fp_dec_real                      0x0801c631   Thumb Code   620  _printf_fp_dec.o(.text)
    _printf_char_common                      0x0801c8a7   Thumb Code    32  _printf_char_common.o(.text)
    _sputc                                   0x0801c8cd   Thumb Code    10  _sputc.o(.text)
    _printf_cs_common                        0x0801c8d7   Thumb Code    20  _printf_char.o(.text)
    _printf_char                             0x0801c8eb   Thumb Code    16  _printf_char.o(.text)
    _printf_string                           0x0801c8fb   Thumb Code     8  _printf_char.o(.text)
    __aeabi_memcpy4                          0x0801c903   Thumb Code     0  rt_memcpy_w.o(.text)
    __aeabi_memcpy8                          0x0801c903   Thumb Code     0  rt_memcpy_w.o(.text)
    __rt_memcpy_w                            0x0801c903   Thumb Code   100  rt_memcpy_w.o(.text)
    _memcpy_lastbytes_aligned                0x0801c94b   Thumb Code     0  rt_memcpy_w.o(.text)
    __user_libspace                          0x0801c969   Thumb Code     8  libspace.o(.text)
    __user_perproc_libspace                  0x0801c969   Thumb Code     0  libspace.o(.text)
    __user_perthread_libspace                0x0801c969   Thumb Code     0  libspace.o(.text)
    __rt_locale                              0x0801c971   Thumb Code     8  rt_locale_intlibspace.o(.text)
    __Heap_ProvideMemory                     0x0801c979   Thumb Code    52  h1_extend.o(.text)
    _ll_udiv10                               0x0801c9ad   Thumb Code   138  lludiv10.o(.text)
    _printf_fp_infnan                        0x0801ca39   Thumb Code   112  _printf_fp_infnan.o(.text)
    _btod_etento                             0x0801cab9   Thumb Code   216  bigflt0.o(.text)
    __rt_SIGRTMEM                            0x0801cb95   Thumb Code    14  defsig_rtmem_outer.o(.text)
    __I$use$semihosting                      0x0801cba3   Thumb Code     0  use_no_semi.o(.text)
    __use_no_semihosting_swi                 0x0801cba3   Thumb Code     2  use_no_semi.o(.text)
    __semihosting_library_function           0x0801cba5   Thumb Code     0  indicate_semi.o(.text)
    __user_setup_stackheap                   0x0801cba5   Thumb Code    74  sys_stackheap_outer.o(.text)
    exit                                     0x0801cbef   Thumb Code    12  exit.o(.text)
    __sig_exit                               0x0801cbfb   Thumb Code    10  defsig_exit.o(.text)
    __rt_SIGRTMEM_inner                      0x0801cc05   Thumb Code    22  defsig_rtmem_inner.o(.text)
    _sys_exit                                0x0801cc55   Thumb Code     8  sys_exit.o(.text)
    __default_signal_display                 0x0801cc61   Thumb Code    50  defsig_general.o(.text)
    _ttywrch                                 0x0801cc93   Thumb Code    14  sys_wrch.o(.text)
    _btod_d2e                                0x0801cca1   Thumb Code    62  btod.o(CL$$btod_d2e)
    _d2e_denorm_low                          0x0801ccdf   Thumb Code    70  btod.o(CL$$btod_d2e_denorm_low)
    _d2e_norm_op1                            0x0801cd25   Thumb Code    96  btod.o(CL$$btod_d2e_norm_op1)
    __btod_div_common                        0x0801cd85   Thumb Code   696  btod.o(CL$$btod_div_common)
    _e2e                                     0x0801d0bd   Thumb Code   198  btod.o(CL$$btod_e2e)
    _btod_ediv                               0x0801d183   Thumb Code    40  btod.o(CL$$btod_ediv)
    _btod_emul                               0x0801d1ab   Thumb Code    40  btod.o(CL$$btod_emul)
    __btod_mult_common                       0x0801d1d3   Thumb Code   580  btod.o(CL$$btod_mult_common)
    __ARM_fpclassify                         0x0801d417   Thumb Code    48  fpclassify.o(i.__ARM_fpclassify)
    _is_digit                                0x0801d447   Thumb Code    14  __printf_wp.o(i._is_digit)
    _get_lc_numeric                          0x0801d455   Thumb Code    44  lc_numeric_c.o(locale$$code)
    __aeabi_d2f                              0x0801d481   Thumb Code     0  d2f.o(x$fpl$d2f)
    _d2f                                     0x0801d481   Thumb Code    98  d2f.o(x$fpl$d2f)
    __aeabi_dadd                             0x0801d4e5   Thumb Code     0  daddsub_clz.o(x$fpl$dadd)
    _dadd                                    0x0801d4e5   Thumb Code   332  daddsub_clz.o(x$fpl$dadd)
    __fpl_dcmp_Inf                           0x0801d635   Thumb Code    24  dcmpi.o(x$fpl$dcmpinf)
    __aeabi_ddiv                             0x0801d64d   Thumb Code     0  ddiv.o(x$fpl$ddiv)
    _ddiv                                    0x0801d64d   Thumb Code   552  ddiv.o(x$fpl$ddiv)
    __aeabi_d2uiz                            0x0801d8fd   Thumb Code     0  dfixu.o(x$fpl$dfixu)
    _dfixu                                   0x0801d8fd   Thumb Code    90  dfixu.o(x$fpl$dfixu)
    __aeabi_i2d                              0x0801d957   Thumb Code     0  dflt_clz.o(x$fpl$dflt)
    _dflt                                    0x0801d957   Thumb Code    46  dflt_clz.o(x$fpl$dflt)
    __aeabi_ui2d                             0x0801d985   Thumb Code     0  dflt_clz.o(x$fpl$dfltu)
    _dfltu                                   0x0801d985   Thumb Code    38  dflt_clz.o(x$fpl$dfltu)
    __aeabi_cdcmple                          0x0801d9ad   Thumb Code     0  dleqf.o(x$fpl$dleqf)
    _dcmple                                  0x0801d9ad   Thumb Code   120  dleqf.o(x$fpl$dleqf)
    __fpl_dcmple_InfNaN                      0x0801da0f   Thumb Code     0  dleqf.o(x$fpl$dleqf)
    __aeabi_dmul                             0x0801da25   Thumb Code     0  dmul.o(x$fpl$dmul)
    _dmul                                    0x0801da25   Thumb Code   332  dmul.o(x$fpl$dmul)
    __fpl_dnaninf                            0x0801db79   Thumb Code   156  dnaninf.o(x$fpl$dnaninf)
    __fpl_dretinf                            0x0801dc15   Thumb Code    12  dretinf.o(x$fpl$dretinf)
    __aeabi_cdrcmple                         0x0801dc21   Thumb Code     0  drleqf.o(x$fpl$drleqf)
    _drcmple                                 0x0801dc21   Thumb Code   108  drleqf.o(x$fpl$drleqf)
    __aeabi_drsub                            0x0801dc8d   Thumb Code     0  daddsub_clz.o(x$fpl$drsb)
    _drsb                                    0x0801dc8d   Thumb Code    22  daddsub_clz.o(x$fpl$drsb)
    __aeabi_dsub                             0x0801dca5   Thumb Code     0  daddsub_clz.o(x$fpl$dsub)
    _dsub                                    0x0801dca5   Thumb Code   464  daddsub_clz.o(x$fpl$dsub)
    _fp_init                                 0x0801de79   Thumb Code    10  fpinit.o(x$fpl$fpinit)
    __fplib_config_fpu_vfp                   0x0801de81   Thumb Code     0  fpinit.o(x$fpl$fpinit)
    __fplib_config_pureend_doubles           0x0801de81   Thumb Code     0  fpinit.o(x$fpl$fpinit)
    __fpl_fretinf                            0x0801de83   Thumb Code    10  fretinf.o(x$fpl$fretinf)
    _printf_fp_dec                           0x0801de8d   Thumb Code     4  printf1.o(x$fpl$printf1)
    __I$use$fp                               0x0801de90   Number         0  usenofp.o(x$fpl$usenofp)
    file__STM32F4x7_files_logo_jpg           0x080287a0   Data          20  fs.o(.constdata)
    file__STM32F4x7_files_ST_gif             0x080287b4   Data          20  fs.o(.constdata)
    file__STM32F4x7_files_stm32_jpg          0x080287c8   Data          20  fs.o(.constdata)
    file__404_html                           0x080287dc   Data          20  fs.o(.constdata)
    file__STM32F4x7_html                     0x080287f0   Data          20  fs.o(.constdata)
    GL_ASCII16x24_Table                      0x08028e40   Data        4560  gl_fonts.o(.constdata)
    GL_ASCII12x12_Table                      0x0802a010   Data        2304  gl_fonts.o(.constdata)
    GL_ASCII8x12_Table                       0x0802a910   Data        2304  gl_fonts.o(.constdata)
    GL_ASCII8x8_Table                        0x0802b210   Data        1536  gl_fonts.o(.constdata)
    GL_ASCII8x12_bold_Table                  0x0802b810   Data        5376  gl_fonts.o(.constdata)
    image_data_facebook                      0x0802cd10   Data        2048  images.o(.constdata)
    RButtonA                                 0x0802d510   Data         866  images.o(.constdata)
    RButtonB                                 0x0802d872   Data         866  images.o(.constdata)
    CheckBox1                                0x0802dbd4   Data         866  images.o(.constdata)
    CheckBox2                                0x0802df36   Data         866  images.o(.constdata)
    ArrowUpUntouched                         0x0802e298   Data        1034  images.o(.constdata)
    ArrowUpTouched                           0x0802e6a2   Data        1034  images.o(.constdata)
    ArrowDownUntouched                       0x0802eaac   Data        1034  images.o(.constdata)
    ArrowDownTouched                         0x0802eeb6   Data        1034  images.o(.constdata)
    BtnNormalLeft                            0x0802f2c0   Data         482  images.o(.constdata)
    BtnNormalRight                           0x0802f4a2   Data         482  images.o(.constdata)
    BtnNormal                                0x0802f684   Data         482  images.o(.constdata)
    BtnPressedLeft                           0x0802f866   Data         482  images.o(.constdata)
    BtnPressedRight                          0x0802fa48   Data         482  images.o(.constdata)
    BtnPressed                               0x0802fc2a   Data         482  images.o(.constdata)
    SwitchNormalLeft                         0x0802fe0c   Data         482  images.o(.constdata)
    SwitchNormalRight                        0x0802ffee   Data         482  images.o(.constdata)
    SwitchNormal                             0x080301d0   Data         482  images.o(.constdata)
    SwitchPressedLeft                        0x080303b2   Data         482  images.o(.constdata)
    SwitchPressedRight                       0x08030594   Data         482  images.o(.constdata)
    SwitchPressed                            0x08030776   Data         482  images.o(.constdata)
    SlidebarLeft                             0x08030958   Data         210  images.o(.constdata)
    SlidebarRight                            0x08030a2a   Data         210  images.o(.constdata)
    SlidebarCentral                          0x08030afc   Data         210  images.o(.constdata)
    SlidebarCursor                           0x08030bce   Data         306  images.o(.constdata)
    ASCII16x24_Table                         0x08030d04   Data        4560  fonts.o(.constdata)
    ASCII12x12_Table                         0x08031ed4   Data        2304  fonts.o(.constdata)
    ASCII8x12_Table                          0x080327d4   Data        2304  fonts.o(.constdata)
    ASCII8x8_Table                           0x080330d4   Data        1536  fonts.o(.constdata)
    GPIO_PIN                                 0x080336d4   Data           8  stm32f4_discovery_user.o(.constdata)
    GPIO_CLK                                 0x080336dc   Data          16  stm32f4_discovery_user.o(.constdata)
    BUTTON_PIN                               0x080336ec   Data           2  stm32f4_discovery_user.o(.constdata)
    BUTTON_CLK                               0x080336f0   Data           4  stm32f4_discovery_user.o(.constdata)
    BUTTON_EXTI_LINE                         0x080336f4   Data           2  stm32f4_discovery_user.o(.constdata)
    BUTTON_PORT_SOURCE                       0x080336f6   Data           1  stm32f4_discovery_user.o(.constdata)
    BUTTON_PIN_SOURCE                        0x080336f7   Data           1  stm32f4_discovery_user.o(.constdata)
    BUTTON_IRQn                              0x080336f8   Data           1  stm32f4_discovery_user.o(.constdata)
    COM_USART_CLK                            0x080336fc   Data           8  stm32f4_discovery_user.o(.constdata)
    COM_TX_PORT_CLK                          0x08033704   Data           8  stm32f4_discovery_user.o(.constdata)
    COM_RX_PORT_CLK                          0x0803370c   Data           8  stm32f4_discovery_user.o(.constdata)
    COM_TX_PIN                               0x08033714   Data           4  stm32f4_discovery_user.o(.constdata)
    COM_RX_PIN                               0x08033718   Data           4  stm32f4_discovery_user.o(.constdata)
    COM_TX_PIN_SOURCE                        0x0803371c   Data           4  stm32f4_discovery_user.o(.constdata)
    COM_RX_PIN_SOURCE                        0x08033720   Data           4  stm32f4_discovery_user.o(.constdata)
    COM_TX_AF                                0x08033724   Data           4  stm32f4_discovery_user.o(.constdata)
    COM_RX_AF                                0x08033728   Data           4  stm32f4_discovery_user.o(.constdata)
    tcp_backoff                              0x08033798   Data          13  tcp.o(.constdata)
    tcp_persist_backoff                      0x080337a5   Data           7  tcp.o(.constdata)
    ip_addr_any                              0x080337ac   Data           4  ip_addr.o(.constdata)
    ip_addr_broadcast                        0x080337b0   Data           4  ip_addr.o(.constdata)
    ethbroadcast                             0x080337b4   Data           6  etharp.o(.constdata)
    ethzero                                  0x080337ba   Data           6  etharp.o(.constdata)
    Region$$Table$$Base                      0x08034054   Number         0  anon$$obj.o(Region$$Table)
    Region$$Table$$Limit                     0x08034074   Number         0  anon$$obj.o(Region$$Table)
    ADC_value                                0x20000000   Data           2  main.o(.data)
    CL_ADC_value                             0x20000002   Data           2  main.o(.data)
    SystemCoreClock                          0x20000004   Data           4  system_stm32f4xx.o(.data)
    AHBPrescTable                            0x20000008   Data          16  system_stm32f4xx.o(.data)
    EthInitStatus                            0x20000018   Data           4  stm32f4x7_eth_bsp.o(.data)
    nPageHits                                0x2000001c   Data           4  httpserver-socket.o(.data)
    ph_min                                   0x20000020   Data           4  httpserver-socket.o(.data)
    ph_max                                   0x20000024   Data           4  httpserver-socket.o(.data)
    cl_max                                   0x20000028   Data           4  httpserver-socket.o(.data)
    cl_min                                   0x2000002c   Data           4  httpserver-socket.o(.data)
    CurrentScreen                            0x20000030   Data           4  uiframework.o(.data)
    GL_Font                                  0x20000034   Data           1  lcdhal.o(.data)
    GL_FontWidth                             0x20000035   Data           1  lcdhal.o(.data)
    GL_FontHeight                            0x20000036   Data           1  lcdhal.o(.data)
    LCD_Height                               0x20000038   Data           2  lcdhal.o(.data)
    LCD_Width                                0x2000003a   Data           2  lcdhal.o(.data)
    LCD_Direction                            0x2000003c   Data           1  lcdhal.o(.data)
    TextColor                                0x2000003e   Data           2  lcdhal.o(.data)
    BackColor                                0x20000040   Data           2  lcdhal.o(.data)
    Cursor                                   0x20000044   Data           4  cursor.o(.data)
    u32_TSXCoordinate                        0x20000058   Data           4  cursor.o(.data)
    u32_TSYCoordinate                        0x2000005c   Data           4  cursor.o(.data)
    GL_Font16x24                             0x20000060   Data           8  gl_fonts.o(.data)
    GL_Font12x12                             0x20000068   Data           8  gl_fonts.o(.data)
    GL_Font8x12                              0x20000070   Data           8  gl_fonts.o(.data)
    GL_Font8x12_bold                         0x20000078   Data           8  gl_fonts.o(.data)
    GL_Font8x8                               0x20000080   Data           8  gl_fonts.o(.data)
    vu32_gTimeOutCount                       0x200000b8   Data           4  graphicobject.o(.data)
    vu8_gTouchEnable                         0x200000bc   Data           1  graphicobject.o(.data)
    vu8_gSleepState                          0x200000bd   Data           1  graphicobject.o(.data)
    ValidTouchDetected                       0x200000be   Data           1  graphicobject.o(.data)
    vu8_gPowerSaveOption                     0x200000bf   Data           1  graphicobject.o(.data)
    touch_done                               0x200000c0   Data           1  graphicobject.o(.data)
    joy_done                                 0x200000c1   Data           1  graphicobject.o(.data)
    calibration_done                         0x200000c2   Data           1  graphicobject.o(.data)
    __stdout                                 0x200000c8   Data           4  stm32f4xx_uartstdio.o(.data)
    Font16x24                                0x200000d8   Data           8  fonts.o(.data)
    Font12x12                                0x200000e0   Data           8  fonts.o(.data)
    Font8x12                                 0x200000e8   Data           8  fonts.o(.data)
    Font8x8                                  0x200000f0   Data           8  fonts.o(.data)
    A2                                       0x200000f8   Data           4  stm32f4_discovery_tsc2046.o(.data)
    B2                                       0x200000fc   Data           4  stm32f4_discovery_tsc2046.o(.data)
    C2                                       0x20000100   Data           4  stm32f4_discovery_tsc2046.o(.data)
    D2                                       0x20000104   Data           4  stm32f4_discovery_tsc2046.o(.data)
    E2                                       0x20000108   Data           4  stm32f4_discovery_tsc2046.o(.data)
    F2                                       0x2000010c   Data           4  stm32f4_discovery_tsc2046.o(.data)
    XCoordinate                              0x20000110   Data           2  stm32f4_discovery_tsc2046.o(.data)
    YCoordinate                              0x20000112   Data           2  stm32f4_discovery_tsc2046.o(.data)
    tmp                                      0x20000114   Data           4  stm32f4_discovery_tsc2046.o(.data)
    mydata                                   0x20000118   Data           4  stm32f4_discovery_tsc2046.o(.data)
    display                                  0x2000011c   Data           4  stm32f4_discovery_tsc2046.o(.data)
    GPIO_PORT                                0x20000124   Data          16  stm32f4_discovery_user.o(.data)
    BUTTON_PORT                              0x20000134   Data           4  stm32f4_discovery_user.o(.data)
    COM_USART                                0x20000138   Data           8  stm32f4_discovery_user.o(.data)
    COM_TX_PORT                              0x20000140   Data           8  stm32f4_discovery_user.o(.data)
    COM_RX_PORT                              0x20000148   Data           8  stm32f4_discovery_user.o(.data)
    NVIC_InitStructure                       0x20000150   Data           4  stm32f4_discovery_user.o(.data)
    DMATxDescToSet                           0x20000164   Data           4  stm32f4x7_eth.o(.data)
    DMARxDescToGet                           0x20000168   Data           4  stm32f4x7_eth.o(.data)
    DMA_RX_FRAME_infos                       0x2000016c   Data           4  stm32f4x7_eth.o(.data)
    Frame_Rx_index                           0x20000170   Data           4  stm32f4x7_eth.o(.data)
    netif_list                               0x200001a4   Data           4  netif.o(.data)
    netif_default                            0x200001a8   Data           4  netif.o(.data)
    tcp_state_str                            0x200001b4   Data          44  tcp.o(.data)
    tcp_ticks                                0x200001e0   Data           4  tcp.o(.data)
    tcp_bound_pcbs                           0x200001e4   Data           4  tcp.o(.data)
    tcp_listen_pcbs                          0x200001e8   Data           4  tcp.o(.data)
    tcp_active_pcbs                          0x200001ec   Data           4  tcp.o(.data)
    tcp_tw_pcbs                              0x200001f0   Data           4  tcp.o(.data)
    tcp_tmp_pcb                              0x200001f4   Data           4  tcp.o(.data)
    tcp_input_pcb                            0x2000021c   Data           4  tcp_in.o(.data)
    udp_pcbs                                 0x20000220   Data           4  udp.o(.data)
    current_netif                            0x20000224   Data           4  ip.o(.data)
    current_header                           0x20000228   Data           4  ip.o(.data)
    s_xSemaphore                             0x20000234   Data           4  ethernetif.o(.data)
    pxCurrentTCB                             0x20000240   Data           4  tasks.o(.data)
    xnetif                                   0x200002a0   Data          56  netconf.o(.bss)
    fs_memory                                0x200002d8   Data         240  fs.o(.bss)
    PAGE_BODY2                               0x200003c8   Data        3500  httpserver-socket.o(.bss)
    PAGE_BODY                                0x20001174   Data        1024  httpserver-socket.o(.bss)
    home_screen                              0x20001574   Data         164  uiframework.o(.bss)
    setting_screen                           0x20001618   Data         164  uiframework.o(.bss)
    dosingTest_screen                        0x200016bc   Data         164  uiframework.o(.bss)
    param_screen                             0x20001760   Data         164  uiframework.o(.bss)
    pool_param_screen                        0x20001804   Data         164  uiframework.o(.bss)
    water_param_screen                       0x200018a8   Data         164  uiframework.o(.bss)
    ph_param_screen                          0x2000194c   Data         164  uiframework.o(.bss)
    probeType_screen                         0x200019f0   Data         164  uiframework.o(.bss)
    PagesList                                0x20001a94   Data         200  graphicobject.o(.bss)
    matrix                                   0x20001b5c   Data          28  stm32f4_discovery_tsc2046.o(.bss)
    DMARxDscrTab                             0x20001b78   Data         160  stm32f4x7_eth.o(.bss)
    DMATxDscrTab                             0x20001c18   Data         160  stm32f4x7_eth.o(.bss)
    Rx_Buff                                  0x20001cb8   Data        7620  stm32f4x7_eth.o(.bss)
    Tx_Buff                                  0x20003a7c   Data        7620  stm32f4x7_eth.o(.bss)
    RX_Frame_Descriptor                      0x20005840   Data          12  stm32f4x7_eth.o(.bss)
    xQueueRegistry                           0x2000a8cc   Data          64  queue.o(.bss)
    __libspace_start                         0x2000f9d4   Data          96  libspace.o(.bss)
    __temporary_stack_top$libspace           0x2000fa34   Data           0  libspace.o(.bss)



==============================================================================

Memory Map of the image

  Image Entry point : 0x08000189

  Load Region LR_IROM1 (Base: 0x08000000, Size: 0x00034330, Max: 0x00080000, ABSOLUTE, COMPRESSED[0x00034164])

    Execution Region ER_IROM1 (Base: 0x08000000, Size: 0x00034090, Max: 0x00080000, ABSOLUTE)

    Base Addr    Size         Type   Attr      Idx    E Section Name        Object

    0x08000000   0x00000188   Data   RO         1833    RESET               startup_stm32f4xx.o
    0x08000188   0x00000008   Code   RO         1963  * !!!main             c_w.l(__main.o)
    0x08000190   0x00000034   Code   RO         2260    !!!scatter          c_w.l(__scatter.o)
    0x080001c4   0x0000005a   Code   RO         2258    !!dczerorl2         c_w.l(__dczerorl2.o)
    0x0800021e   0x00000002   PAD
    0x08000220   0x0000001c   Code   RO         2262    !!handler_zi        c_w.l(__scatter_zi.o)
    0x0800023c   0x00000000   Code   RO         1938    .ARM.Collect$$_printf_percent$$00000000  c_w.l(_printf_percent.o)
    0x0800023c   0x00000006   Code   RO         1937    .ARM.Collect$$_printf_percent$$00000003  c_w.l(_printf_f.o)
    0x08000242   0x00000006   Code   RO         1935    .ARM.Collect$$_printf_percent$$00000009  c_w.l(_printf_d.o)
    0x08000248   0x00000006   Code   RO         1936    .ARM.Collect$$_printf_percent$$0000000A  c_w.l(_printf_u.o)
    0x0800024e   0x00000006   Code   RO         1934    .ARM.Collect$$_printf_percent$$00000013  c_w.l(_printf_c.o)
    0x08000254   0x00000004   Code   RO         2033    .ARM.Collect$$_printf_percent$$00000017  c_w.l(_printf_percent_end.o)
    0x08000258   0x00000002   Code   RO         2198    .ARM.Collect$$libinit$$00000000  c_w.l(libinit.o)
    0x0800025a   0x00000004   Code   RO         2038    .ARM.Collect$$libinit$$00000001  c_w.l(libinit2.o)
    0x0800025e   0x00000000   Code   RO         2041    .ARM.Collect$$libinit$$00000004  c_w.l(libinit2.o)
    0x0800025e   0x00000008   Code   RO         2042    .ARM.Collect$$libinit$$00000005  c_w.l(libinit2.o)
    0x08000266   0x00000000   Code   RO         2044    .ARM.Collect$$libinit$$0000000A  c_w.l(libinit2.o)
    0x08000266   0x00000000   Code   RO         2046    .ARM.Collect$$libinit$$0000000C  c_w.l(libinit2.o)
    0x08000266   0x00000000   Code   RO         2048    .ARM.Collect$$libinit$$0000000E  c_w.l(libinit2.o)
    0x08000266   0x00000006   Code   RO         2049    .ARM.Collect$$libinit$$0000000F  c_w.l(libinit2.o)
    0x0800026c   0x00000000   Code   RO         2051    .ARM.Collect$$libinit$$00000011  c_w.l(libinit2.o)
    0x0800026c   0x00000000   Code   RO         2053    .ARM.Collect$$libinit$$00000013  c_w.l(libinit2.o)
    0x0800026c   0x00000000   Code   RO         2055    .ARM.Collect$$libinit$$00000015  c_w.l(libinit2.o)
    0x0800026c   0x0000000a   Code   RO         2056    .ARM.Collect$$libinit$$00000016  c_w.l(libinit2.o)
    0x08000276   0x00000000   Code   RO         2057    .ARM.Collect$$libinit$$00000017  c_w.l(libinit2.o)
    0x08000276   0x00000000   Code   RO         2059    .ARM.Collect$$libinit$$00000019  c_w.l(libinit2.o)
    0x08000276   0x00000000   Code   RO         2061    .ARM.Collect$$libinit$$0000001B  c_w.l(libinit2.o)
    0x08000276   0x00000000   Code   RO         2063    .ARM.Collect$$libinit$$0000001D  c_w.l(libinit2.o)
    0x08000276   0x00000000   Code   RO         2065    .ARM.Collect$$libinit$$0000001F  c_w.l(libinit2.o)
    0x08000276   0x00000000   Code   RO         2067    .ARM.Collect$$libinit$$00000021  c_w.l(libinit2.o)
    0x08000276   0x00000000   Code   RO         2069    .ARM.Collect$$libinit$$00000023  c_w.l(libinit2.o)
    0x08000276   0x00000000   Code   RO         2071    .ARM.Collect$$libinit$$00000025  c_w.l(libinit2.o)
    0x08000276   0x00000000   Code   RO         2075    .ARM.Collect$$libinit$$0000002C  c_w.l(libinit2.o)
    0x08000276   0x00000000   Code   RO         2077    .ARM.Collect$$libinit$$0000002E  c_w.l(libinit2.o)
    0x08000276   0x00000000   Code   RO         2079    .ARM.Collect$$libinit$$00000030  c_w.l(libinit2.o)
    0x08000276   0x00000000   Code   RO         2081    .ARM.Collect$$libinit$$00000032  c_w.l(libinit2.o)
    0x08000276   0x00000002   Code   RO         2082    .ARM.Collect$$libinit$$00000033  c_w.l(libinit2.o)
    0x08000278   0x00000002   Code   RO         2255    .ARM.Collect$$libshutdown$$00000000  c_w.l(libshutdown.o)
    0x0800027a   0x00000000   Code   RO         2213    .ARM.Collect$$libshutdown$$00000003  c_w.l(libshutdown2.o)
    0x0800027a   0x00000000   Code   RO         2216    .ARM.Collect$$libshutdown$$00000006  c_w.l(libshutdown2.o)
    0x0800027a   0x00000000   Code   RO         2219    .ARM.Collect$$libshutdown$$00000009  c_w.l(libshutdown2.o)
    0x0800027a   0x00000000   Code   RO         2221    .ARM.Collect$$libshutdown$$0000000B  c_w.l(libshutdown2.o)
    0x0800027a   0x00000000   Code   RO         2224    .ARM.Collect$$libshutdown$$0000000E  c_w.l(libshutdown2.o)
    0x0800027a   0x00000002   Code   RO         2225    .ARM.Collect$$libshutdown$$0000000F  c_w.l(libshutdown2.o)
    0x0800027c   0x00000000   Code   RO         1997    .ARM.Collect$$rtentry$$00000000  c_w.l(__rtentry.o)
    0x0800027c   0x00000000   Code   RO         2098    .ARM.Collect$$rtentry$$00000002  c_w.l(__rtentry2.o)
    0x0800027c   0x00000006   Code   RO         2110    .ARM.Collect$$rtentry$$00000004  c_w.l(__rtentry4.o)
    0x08000282   0x00000000   Code   RO         2100    .ARM.Collect$$rtentry$$00000009  c_w.l(__rtentry2.o)
    0x08000282   0x00000004   Code   RO         2101    .ARM.Collect$$rtentry$$0000000A  c_w.l(__rtentry2.o)
    0x08000286   0x00000000   Code   RO         2103    .ARM.Collect$$rtentry$$0000000C  c_w.l(__rtentry2.o)
    0x08000286   0x00000008   Code   RO         2104    .ARM.Collect$$rtentry$$0000000D  c_w.l(__rtentry2.o)
    0x0800028e   0x00000002   Code   RO         2201    .ARM.Collect$$rtexit$$00000000  c_w.l(rtexit.o)
    0x08000290   0x00000000   Code   RO         2229    .ARM.Collect$$rtexit$$00000002  c_w.l(rtexit2.o)
    0x08000290   0x00000004   Code   RO         2230    .ARM.Collect$$rtexit$$00000003  c_w.l(rtexit2.o)
    0x08000294   0x00000006   Code   RO         2231    .ARM.Collect$$rtexit$$00000004  c_w.l(rtexit2.o)
    0x0800029a   0x00000002   PAD
    0x0800029c   0x000000b6   Code   RO         1786    .emb_text           port.o
    0x08000352   0x00000002   PAD
    0x08000354   0x00000000   Code   RO         2119    .emb_text           c_w.l(maybetermalloc1.o)
    0x08000354   0x00000348   Code   RO            2    .text               main.o
    0x0800069c   0x00000210   Code   RO          305    .text               system_stm32f4xx.o
    0x080008ac   0x00000064   Code   RO          327    .text               stm32f4xx_it.o
    0x08000910   0x000000a4   Code   RO          372    .text               netconf.o
    0x080009b4   0x00000198   Code   RO          440    .text               stm32f4x7_eth_bsp.o
    0x08000b4c   0x00000108   Code   RO          458    .text               fs.o
    0x08000c54   0x00002134   Code   RO          491    .text               httpserver-socket.o
    0x08002d88   0x000001ec   Code   RO          606    .text               uiappuser.o
    0x08002f74   0x00000ee4   Code   RO          625    .text               uiframework.o
    0x08003e58   0x000007d0   Code   RO          663    .text               lcdhal.o
    0x08004628   0x0000029c   Code   RO          691    .text               cursor.o
    0x080048c4   0x0000474c   Code   RO          726    .text               graphicobject.o
    0x08009010   0x000006d4   Code   RO          784    .text               stm32f4xx_uartstdio.o
    0x080096e4   0x000011b4   Code   RO          812    .text               stm32f4_discovery_lcd_ssd1963.o
    0x0800a898   0x00001e58   Code   RO          843    .text               stm32f4_discovery_tsc2046.o
    0x0800c6f0   0x00000490   Code   RO          867    .text               stm32f4_discovery_user.o
    0x0800cb80   0x0000041a   Code   RO          887    .text               stm32f4xx_usart.o
    0x0800cf9a   0x00000002   PAD
    0x0800cf9c   0x000000e0   Code   RO          903    .text               misc.o
    0x0800d07c   0x00000464   Code   RO          919    .text               stm32f4xx_adc.o
    0x0800d4e0   0x000003a8   Code   RO          935    .text               stm32f4xx_dma.o
    0x0800d888   0x0000011c   Code   RO          951    .text               stm32f4xx_exti.o
    0x0800d9a4   0x00000608   Code   RO          967    .text               stm32f4xx_fsmc.o
    0x0800dfac   0x0000025c   Code   RO          983    .text               stm32f4xx_gpio.o
    0x0800e208   0x00000580   Code   RO          999    .text               stm32f4xx_rcc.o
    0x0800e788   0x0000008c   Code   RO         1017    .text               stm32f4xx_syscfg.o
    0x0800e814   0x000001dc   Code   RO         1033    .text               stm32f4xx_sdio.o
    0x0800e9f0   0x000003f8   Code   RO         1065    .text               stm32f4xx_spi.o
    0x0800ede8   0x000004bc   Code   RO         1081    .text               stm32f4xx_flash.o
    0x0800f2a4   0x00000e64   Code   RO         1097    .text               stm32f4x7_eth.o
    0x08010108   0x000003c4   Code   RO         1116    .text               api_lib.o
    0x080104cc   0x00000b28   Code   RO         1151    .text               api_msg.o
    0x08010ff4   0x00000190   Code   RO         1181    .text               netbuf.o
    0x08011184   0x00001304   Code   RO         1208    .text               sockets.o
    0x08012488   0x00000394   Code   RO         1224    .text               tcpip.o
    0x0801281c   0x000011bc   Code   RO         1271    .text               dhcp.o
    0x080139d8   0x0000001e   Code   RO         1293    .text               init.o
    0x080139f6   0x00000002   PAD
    0x080139f8   0x00000388   Code   RO         1322    .text               mem.o
    0x08013d80   0x000000ac   Code   RO         1337    .text               memp.o
    0x08013e2c   0x00000248   Code   RO         1366    .text               netif.o
    0x08014074   0x000005da   Code   RO         1388    .text               pbuf.o
    0x0801464e   0x00000002   PAD
    0x08014650   0x000001b4   Code   RO         1403    .text               raw.o
    0x08014804   0x00000264   Code   RO         1423    .text               sys.o
    0x08014a68   0x00000c98   Code   RO         1444    .text               tcp.o
    0x08015700   0x0000136c   Code   RO         1465    .text               tcp_in.o
    0x08016a6c   0x00000b10   Code   RO         1488    .text               tcp_out.o
    0x0801757c   0x0000047c   Code   RO         1500    .text               udp.o
    0x080179f8   0x00000404   Code   RO         1529    .text               autoip.o
    0x08017dfc   0x00000234   Code   RO         1544    .text               icmp.o
    0x08018030   0x0000021c   Code   RO         1562    .text               inet.o
    0x0801824c   0x0000015e   Code   RO         1575    .text               inet_chksum.o
    0x080183aa   0x00000002   PAD
    0x080183ac   0x00000378   Code   RO         1587    .text               ip.o
    0x08018724   0x0000004e   Code   RO         1605    .text               ip_addr.o
    0x08018772   0x00000002   PAD
    0x08018774   0x000007c4   Code   RO         1633    .text               etharp.o
    0x08018f38   0x0000029c   Code   RO         1669    .text               ethernetif.o
    0x080191d4   0x0000024c   Code   RO         1688    .text               sys_arch.o
    0x08019420   0x00000094   Code   RO         1718    .text               list.o
    0x080194b4   0x00000b98   Code   RO         1730    .text               queue.o
    0x0801a04c   0x000017e0   Code   RO         1760    .text               tasks.o
    0x0801b82c   0x00000300   Code   RO         1787    .text               port.o
    0x0801bb2c   0x00000130   Code   RO         1816    .text               heap_2.o
    0x0801bc5c   0x00000040   Code   RO         1834    .text               startup_stm32f4xx.o
    0x0801bc9c   0x0000005e   Code   RO         1844    .text               c_w.l(h1_alloc.o)
    0x0801bcfa   0x0000004e   Code   RO         1846    .text               c_w.l(h1_free.o)
    0x0801bd48   0x00000028   Code   RO         1904    .text               c_w.l(noretval__2sprintf.o)
    0x0801bd70   0x0000004e   Code   RO         1908    .text               c_w.l(_printf_pad.o)
    0x0801bdbe   0x00000052   Code   RO         1910    .text               c_w.l(_printf_str.o)
    0x0801be10   0x00000078   Code   RO         1912    .text               c_w.l(_printf_dec.o)
    0x0801be88   0x0000010e   Code   RO         1922    .text               c_w.l(__printf_wp.o)
    0x0801bf96   0x00000058   Code   RO         1939    .text               c_w.l(memcmp.o)
    0x0801bfee   0x00000048   Code   RO         1941    .text               c_w.l(strcpy.o)
    0x0801c036   0x0000003e   Code   RO         1943    .text               c_w.l(strlen.o)
    0x0801c074   0x00000096   Code   RO         1945    .text               c_w.l(strncmp.o)
    0x0801c10a   0x00000018   Code   RO         1947    .text               c_w.l(strcat.o)
    0x0801c122   0x0000008a   Code   RO         1949    .text               c_w.l(rt_memcpy_v6.o)
    0x0801c1ac   0x00000010   Code   RO         1951    .text               c_w.l(aeabi_memset.o)
    0x0801c1bc   0x00000044   Code   RO         1953    .text               c_w.l(rt_memclr.o)
    0x0801c200   0x0000004e   Code   RO         1955    .text               c_w.l(rt_memclr_w.o)
    0x0801c24e   0x00000056   Code   RO         1957    .text               c_w.l(strncpy.o)
    0x0801c2a4   0x00000080   Code   RO         1959    .text               c_w.l(strcmpv7m.o)
    0x0801c324   0x00000006   Code   RO         1961    .text               c_w.l(heapauxi.o)
    0x0801c32a   0x00000002   PAD
    0x0801c32c   0x00000008   Code   RO         2001    .text               c_w.l(rt_heap_descriptor_intlibspace.o)
    0x0801c334   0x00000004   Code   RO         2003    .text               c_w.l(hguard.o)
    0x0801c338   0x0000008a   Code   RO         2005    .text               c_w.l(init_alloc.o)
    0x0801c3c2   0x0000000e   Code   RO         2009    .text               c_w.l(h1_init.o)
    0x0801c3d0   0x000000b2   Code   RO         2023    .text               c_w.l(_printf_intcommon.o)
    0x0801c482   0x0000041a   Code   RO         2025    .text               c_w.l(_printf_fp_dec.o)
    0x0801c89c   0x00000030   Code   RO         2027    .text               c_w.l(_printf_char_common.o)
    0x0801c8cc   0x0000000a   Code   RO         2029    .text               c_w.l(_sputc.o)
    0x0801c8d6   0x0000002c   Code   RO         2031    .text               c_w.l(_printf_char.o)
    0x0801c902   0x00000064   Code   RO         2034    .text               c_w.l(rt_memcpy_w.o)
    0x0801c966   0x00000002   PAD
    0x0801c968   0x00000008   Code   RO         2094    .text               c_w.l(libspace.o)
    0x0801c970   0x00000008   Code   RO         2115    .text               c_w.l(rt_locale_intlibspace.o)
    0x0801c978   0x00000034   Code   RO         2121    .text               c_w.l(h1_extend.o)
    0x0801c9ac   0x0000008a   Code   RO         2125    .text               c_w.l(lludiv10.o)
    0x0801ca36   0x00000002   PAD
    0x0801ca38   0x00000080   Code   RO         2127    .text               c_w.l(_printf_fp_infnan.o)
    0x0801cab8   0x000000dc   Code   RO         2131    .text               c_w.l(bigflt0.o)
    0x0801cb94   0x0000000e   Code   RO         2159    .text               c_w.l(defsig_rtmem_outer.o)
    0x0801cba2   0x00000002   Code   RO         2174    .text               c_w.l(use_no_semi.o)
    0x0801cba4   0x00000000   Code   RO         2176    .text               c_w.l(indicate_semi.o)
    0x0801cba4   0x0000004a   Code   RO         2177    .text               c_w.l(sys_stackheap_outer.o)
    0x0801cbee   0x0000000c   Code   RO         2183    .text               c_w.l(exit.o)
    0x0801cbfa   0x0000000a   Code   RO         2185    .text               c_w.l(defsig_exit.o)
    0x0801cc04   0x00000050   Code   RO         2187    .text               c_w.l(defsig_rtmem_inner.o)
    0x0801cc54   0x0000000c   Code   RO         2199    .text               c_w.l(sys_exit.o)
    0x0801cc60   0x00000032   Code   RO         2209    .text               c_w.l(defsig_general.o)
    0x0801cc92   0x0000000e   Code   RO         2226    .text               c_w.l(sys_wrch.o)
    0x0801cca0   0x0000003e   Code   RO         2134    CL$$btod_d2e        c_w.l(btod.o)
    0x0801ccde   0x00000046   Code   RO         2136    CL$$btod_d2e_denorm_low  c_w.l(btod.o)
    0x0801cd24   0x00000060   Code   RO         2135    CL$$btod_d2e_norm_op1  c_w.l(btod.o)
    0x0801cd84   0x00000338   Code   RO         2144    CL$$btod_div_common  c_w.l(btod.o)
    0x0801d0bc   0x000000c6   Code   RO         2141    CL$$btod_e2e        c_w.l(btod.o)
    0x0801d182   0x00000028   Code   RO         2138    CL$$btod_ediv       c_w.l(btod.o)
    0x0801d1aa   0x00000028   Code   RO         2137    CL$$btod_emul       c_w.l(btod.o)
    0x0801d1d2   0x00000244   Code   RO         2143    CL$$btod_mult_common  c_w.l(btod.o)
    0x0801d416   0x00000030   Code   RO         2172    i.__ARM_fpclassify  m_wm.l(fpclassify.o)
    0x0801d446   0x0000000e   Code   RO         1924    i._is_digit         c_w.l(__printf_wp.o)
    0x0801d454   0x0000002c   Code   RO         2157    locale$$code        c_w.l(lc_numeric_c.o)
    0x0801d480   0x00000062   Code   RO         1965    x$fpl$d2f           fz_wm.l(d2f.o)
    0x0801d4e2   0x00000002   PAD
    0x0801d4e4   0x00000150   Code   RO         1967    x$fpl$dadd          fz_wm.l(daddsub_clz.o)
    0x0801d634   0x00000018   Code   RO         2083    x$fpl$dcmpinf       fz_wm.l(dcmpi.o)
    0x0801d64c   0x000002b0   Code   RO         1974    x$fpl$ddiv          fz_wm.l(ddiv.o)
    0x0801d8fc   0x0000005a   Code   RO         1977    x$fpl$dfixu         fz_wm.l(dfixu.o)
    0x0801d956   0x0000002e   Code   RO         1982    x$fpl$dflt          fz_wm.l(dflt_clz.o)
    0x0801d984   0x00000026   Code   RO         1981    x$fpl$dfltu         fz_wm.l(dflt_clz.o)
    0x0801d9aa   0x00000002   PAD
    0x0801d9ac   0x00000078   Code   RO         1987    x$fpl$dleqf         fz_wm.l(dleqf.o)
    0x0801da24   0x00000154   Code   RO         1989    x$fpl$dmul          fz_wm.l(dmul.o)
    0x0801db78   0x0000009c   Code   RO         2085    x$fpl$dnaninf       fz_wm.l(dnaninf.o)
    0x0801dc14   0x0000000c   Code   RO         2087    x$fpl$dretinf       fz_wm.l(dretinf.o)
    0x0801dc20   0x0000006c   Code   RO         1991    x$fpl$drleqf        fz_wm.l(drleqf.o)
    0x0801dc8c   0x00000016   Code   RO         1968    x$fpl$drsb          fz_wm.l(daddsub_clz.o)
    0x0801dca2   0x00000002   PAD
    0x0801dca4   0x000001d4   Code   RO         1969    x$fpl$dsub          fz_wm.l(daddsub_clz.o)
    0x0801de78   0x0000000a   Code   RO         2168    x$fpl$fpinit        fz_wm.l(fpinit.o)
    0x0801de82   0x0000000a   Code   RO         2089    x$fpl$fretinf       fz_wm.l(fretinf.o)
    0x0801de8c   0x00000004   Code   RO         1993    x$fpl$printf1       fz_wm.l(printf1.o)
    0x0801de90   0x00000000   Code   RO         2091    x$fpl$usenofp       fz_wm.l(usenofp.o)
    0x0801de90   0x0000a974   Data   RO          460    .constdata          fs.o
    0x08028804   0x0000063c   Data   RO          493    .constdata          httpserver-socket.o
    0x08028e40   0x00003ed0   Data   RO          712    .constdata          gl_fonts.o
    0x0802cd10   0x00003ff0   Data   RO          768    .constdata          images.o
    0x08030d00   0x00000004   Data   RO          785    .constdata          stm32f4xx_uartstdio.o
    0x08030d04   0x000029d0   Data   RO          829    .constdata          fonts.o
    0x080336d4   0x00000058   Data   RO          868    .constdata          stm32f4_discovery_user.o
    0x0803372c   0x0000003c   Data   RO         1210    .constdata          sockets.o
    0x08033768   0x00000030   Data   RO         1339    .constdata          memp.o
    0x08033798   0x00000014   Data   RO         1445    .constdata          tcp.o
    0x080337ac   0x00000008   Data   RO         1606    .constdata          ip_addr.o
    0x080337b4   0x0000000c   Data   RO         1635    .constdata          etharp.o
    0x080337c0   0x00000094   Data   RO         2132    .constdata          c_w.l(bigflt0.o)
    0x08033854   0x00000774   Data   RO          494    .conststring        httpserver-socket.o
    0x08033fc8   0x00000011   Data   RO          786    .conststring        stm32f4xx_uartstdio.o
    0x08033fd9   0x00000003   PAD
    0x08033fdc   0x00000075   Data   RO         1446    .conststring        tcp.o
    0x08034051   0x00000003   PAD
    0x08034054   0x00000020   Data   RO         2256    Region$$Table       anon$$obj.o
    0x08034074   0x0000001c   Data   RO         2156    locale$$data        c_w.l(lc_numeric_c.o)


    Execution Region RW_IRAM1 (Base: 0x20000000, Size: 0x00010238, Max: 0x00020000, ABSOLUTE, COMPRESSED[0x000000d4])

    Base Addr    Size         Type   Attr      Idx    E Section Name        Object

    0x20000000   0x00000004   Data   RW            3    .data               main.o
    0x20000004   0x00000014   Data   RW          306    .data               system_stm32f4xx.o
    0x20000018   0x00000004   Data   RW          441    .data               stm32f4x7_eth_bsp.o
    0x2000001c   0x00000014   Data   RW          495    .data               httpserver-socket.o
    0x20000030   0x00000004   Data   RW          627    .data               uiframework.o
    0x20000034   0x00000010   Data   RW          665    .data               lcdhal.o
    0x20000044   0x0000001c   Data   RW          692    .data               cursor.o
    0x20000060   0x00000028   Data   RW          713    .data               gl_fonts.o
    0x20000088   0x0000003b   Data   RW          728    .data               graphicobject.o
    0x200000c3   0x00000001   PAD
    0x200000c4   0x00000009   Data   RW          787    .data               stm32f4xx_uartstdio.o
    0x200000cd   0x00000003   PAD
    0x200000d0   0x00000008   Data   RW          813    .data               stm32f4_discovery_lcd_ssd1963.o
    0x200000d8   0x00000020   Data   RW          830    .data               fonts.o
    0x200000f8   0x0000002c   Data   RW          845    .data               stm32f4_discovery_tsc2046.o
    0x20000124   0x00000030   Data   RW          869    .data               stm32f4_discovery_user.o
    0x20000154   0x00000010   Data   RW         1000    .data               stm32f4xx_rcc.o
    0x20000164   0x00000010   Data   RW         1099    .data               stm32f4x7_eth.o
    0x20000174   0x0000000c   Data   RW         1211    .data               sockets.o
    0x20000180   0x00000010   Data   RW         1225    .data               tcpip.o
    0x20000190   0x00000004   Data   RW         1272    .data               dhcp.o
    0x20000194   0x00000010   Data   RW         1324    .data               mem.o
    0x200001a4   0x00000009   Data   RW         1367    .data               netif.o
    0x200001ad   0x00000003   PAD
    0x200001b0   0x00000004   Data   RW         1404    .data               raw.o
    0x200001b4   0x0000004c   Data   RW         1447    .data               tcp.o
    0x20000200   0x00000020   Data   RW         1467    .data               tcp_in.o
    0x20000220   0x00000004   Data   RW         1501    .data               udp.o
    0x20000224   0x0000000a   Data   RW         1588    .data               ip.o
    0x2000022e   0x00000001   Data   RW         1636    .data               etharp.o
    0x2000022f   0x00000001   PAD
    0x20000230   0x0000000c   Data   RW         1670    .data               ethernetif.o
    0x2000023c   0x00000002   Data   RW         1690    .data               sys_arch.o
    0x2000023e   0x00000002   PAD
    0x20000240   0x0000003c   Data   RW         1762    .data               tasks.o
    0x2000027c   0x0000000c   Data   RW         1788    .data               port.o
    0x20000288   0x00000018   Data   RW         1818    .data               heap_2.o
    0x200002a0   0x00000038   Zero   RW          373    .bss                netconf.o
    0x200002d8   0x000000f0   Zero   RW          459    .bss                fs.o
    0x200003c8   0x000011ac   Zero   RW          492    .bss                httpserver-socket.o
    0x20001574   0x00000520   Zero   RW          626    .bss                uiframework.o
    0x20001a94   0x000000c8   Zero   RW          727    .bss                graphicobject.o
    0x20001b5c   0x0000001c   Zero   RW          844    .bss                stm32f4_discovery_tsc2046.o
    0x20001b78   0x00003cd4   Zero   RW         1098    .bss                stm32f4x7_eth.o
    0x2000584c   0x00000050   Zero   RW         1209    .bss                sockets.o
    0x2000589c   0x00001414   Zero   RW         1323    .bss                mem.o
    0x20006cb0   0x00003b27   Zero   RW         1338    .bss                memp.o
    0x2000a7d7   0x00000001   PAD
    0x2000a7d8   0x00000014   Zero   RW         1466    .bss                tcp_in.o
    0x2000a7ec   0x00000010   Zero   RW         1563    .bss                inet.o
    0x2000a7fc   0x000000a0   Zero   RW         1634    .bss                etharp.o
    0x2000a89c   0x00000030   Zero   RW         1689    .bss                sys_arch.o
    0x2000a8cc   0x00000040   Zero   RW         1731    .bss                queue.o
    0x2000a90c   0x000000c8   Zero   RW         1761    .bss                tasks.o
    0x2000a9d4   0x00005000   Zero   RW         1817    .bss                heap_2.o
    0x2000f9d4   0x00000060   Zero   RW         2095    .bss                c_w.l(libspace.o)
    0x2000fa34   0x00000004   PAD
    0x2000fa38   0x00000400   Zero   RW         1832    HEAP                startup_stm32f4xx.o
    0x2000fe38   0x00000400   Zero   RW         1831    STACK               startup_stm32f4xx.o


==============================================================================

Image component sizes


      Code (inc. data)   RO Data    RW Data    ZI Data      Debug   Object Name

       964         46          0          0          0      20634   api_lib.o
      2856         34          0          0          0       8175   api_msg.o
      1028         34          0          0          0       4598   autoip.o
       668         18          0         28          0       3914   cursor.o
      4540         54          0          4          0      11745   dhcp.o
      1988         22         12          1        160       9070   etharp.o
       668         66          0         12          0       3854   ethernetif.o
         0          0      10704         32          0       1452   fonts.o
       264          8      43380          0        240       6325   fs.o
         0          0      16080         40          0       1701   gl_fonts.o
     18252        574          0         59        200      36240   graphicobject.o
       304         22          0         24      20480       3568   heap_2.o
      8500       4052       3504         20       4524      13924   httpserver-socket.o
       564          0          0          0          0       2683   icmp.o
         0          0      16368          0          0       2018   images.o
       540         12          0          0         16       3484   inet.o
       350          0          0          0          0       2590   inet_chksum.o
        30          0          0          0          0       2007   init.o
       888         20          0         10          0       6298   ip.o
        78          0          8          0          0       5949   ip_addr.o
      2000         86          0         16          0      10990   lcdhal.o
       148          0          0          0          0       2162   list.o
       840         92          0          4          0     375219   main.o
       904         22          0         16       5140       3974   mem.o
       172         18         48          0      15143       2718   memp.o
       224         20          0          0          0       2129   misc.o
       400          0          0          0          0       3241   netbuf.o
       164         32          0          0         56       8283   netconf.o
       584         22          0          9          0       5924   netif.o
      1498          0          0          0          0       5940   pbuf.o
       950         52          0         12          0       9367   port.o
      2968         16          0          0         64      23905   queue.o
       436          6          0          4          0       3733   raw.o
      4868         70         60         12         80      14899   sockets.o
        64         26        392          0       2048        868   startup_stm32f4xx.o
      4532         56          0          8          0      15419   stm32f4_discovery_lcd_ssd1963.o
      7768        250          0         44         28      11861   stm32f4_discovery_tsc2046.o
      1168        114         88         48          0       5111   stm32f4_discovery_user.o
      3684        100          0         16      15572      20224   stm32f4x7_eth.o
       408         22          0          4          0       1929   stm32f4x7_eth_bsp.o
      1124         24          0          0          0      10802   stm32f4xx_adc.o
       936         32          0          0          0       6601   stm32f4xx_dma.o
       284         10          0          0          0       2607   stm32f4xx_exti.o
      1212         26          0          0          0       7221   stm32f4xx_flash.o
      1544         14          0          0          0       5719   stm32f4xx_fsmc.o
       604         36          0          0          0       4373   stm32f4xx_gpio.o
       100          8          0          0          0      10690   stm32f4xx_it.o
      1408         48          0         16          0      11363   stm32f4xx_rcc.o
       476         16          0          0          0       7700   stm32f4xx_sdio.o
      1016         22          0          0          0       7089   stm32f4xx_spi.o
       140         12          0          0          0       1815   stm32f4xx_syscfg.o
      1748         80         21          9          0       6543   stm32f4xx_uartstdio.o
      1050         26          0          0          0       8080   stm32f4xx_usart.o
       612          4          0          0          0       3476   sys.o
       588          8          0          2         48       5594   sys_arch.o
       528         46          0         20          0       2027   system_stm32f4xx.o
      6112        342          0         60        200      24901   tasks.o
      3224        112        137         76          0      18600   tcp.o
      4972        210          0         32         20      13768   tcp_in.o
      2832         12          0          0          0       7138   tcp_out.o
       916         72          0         16          0      15333   tcpip.o
      1148          8          0          4          0      14251   udp.o
       492         30          0          0          0       4121   uiappuser.o
      3812        666          0          4       1312       5698   uiframework.o

    ----------------------------------------------------------------------
    113152       7830      90840        672      65332     883635   Object Totals
         0          0         32          0          0          0   (incl. Generated)
        12          0          6         10          1          0   (incl. Padding)

    ----------------------------------------------------------------------

      Code (inc. data)   RO Data    RW Data    ZI Data      Debug   Library Member Name

        90          0          0          0          0          0   __dczerorl2.o
         8          0          0          0          0         68   __main.o
       284          0          0          0          0        156   __printf_wp.o
         0          0          0          0          0          0   __rtentry.o
        12          0          0          0          0          0   __rtentry2.o
         6          0          0          0          0          0   __rtentry4.o
        52          8          0          0          0          0   __scatter.o
        28          0          0          0          0          0   __scatter_zi.o
         6          0          0          0          0          0   _printf_c.o
        44          0          0          0          0        108   _printf_char.o
        48          6          0          0          0         96   _printf_char_common.o
         6          0          0          0          0          0   _printf_d.o
       120         16          0          0          0         92   _printf_dec.o
         6          0          0          0          0          0   _printf_f.o
      1050          0          0          0          0        216   _printf_fp_dec.o
       128         16          0          0          0         84   _printf_fp_infnan.o
       178          0          0          0          0         88   _printf_intcommon.o
        78          0          0          0          0        108   _printf_pad.o
         0          0          0          0          0          0   _printf_percent.o
         4          0          0          0          0          0   _printf_percent_end.o
        82          0          0          0          0         80   _printf_str.o
         6          0          0          0          0          0   _printf_u.o
        10          0          0          0          0         68   _sputc.o
        16          0          0          0          0         68   aeabi_memset.o
       220          4        148          0          0         96   bigflt0.o
      1910        128          0          0          0        672   btod.o
        10          0          0          0          0         68   defsig_exit.o
        50          0          0          0          0         88   defsig_general.o
        80         58          0          0          0         76   defsig_rtmem_inner.o
        14          0          0          0          0         80   defsig_rtmem_outer.o
        12          0          0          0          0         72   exit.o
        94          0          0          0          0         80   h1_alloc.o
        52          0          0          0          0         68   h1_extend.o
        78          0          0          0          0         80   h1_free.o
        14          0          0          0          0         84   h1_init.o
         6          0          0          0          0        152   heapauxi.o
         4          0          0          0          0        136   hguard.o
         0          0          0          0          0          0   indicate_semi.o
       138          0          0          0          0        168   init_alloc.o
        44         10         28          0          0         76   lc_numeric_c.o
         2          0          0          0          0          0   libinit.o
        30          0          0          0          0          0   libinit2.o
         2          0          0          0          0          0   libshutdown.o
         2          0          0          0          0          0   libshutdown2.o
         8          4          0          0         96         68   libspace.o
       138          0          0          0          0         80   lludiv10.o
         0          0          0          0          0          0   maybetermalloc1.o
        88          0          0          0          0         76   memcmp.o
        40          6          0          0          0         84   noretval__2sprintf.o
         8          4          0          0          0         68   rt_heap_descriptor_intlibspace.o
         8          4          0          0          0         68   rt_locale_intlibspace.o
        68          0          0          0          0         68   rt_memclr.o
        78          0          0          0          0         80   rt_memclr_w.o
       138          0          0          0          0         68   rt_memcpy_v6.o
       100          0          0          0          0         80   rt_memcpy_w.o
         2          0          0          0          0          0   rtexit.o
        10          0          0          0          0          0   rtexit2.o
        24          0          0          0          0         68   strcat.o
       128          0          0          0          0         68   strcmpv7m.o
        72          0          0          0          0         80   strcpy.o
        62          0          0          0          0         76   strlen.o
       150          0          0          0          0         80   strncmp.o
        86          0          0          0          0         76   strncpy.o
        12          4          0          0          0         68   sys_exit.o
        74          0          0          0          0         80   sys_stackheap_outer.o
        14          0          0          0          0         76   sys_wrch.o
         2          0          0          0          0         68   use_no_semi.o
        98          4          0          0          0        140   d2f.o
       826         16          0          0          0        492   daddsub_clz.o
        24          0          0          0          0        116   dcmpi.o
       688        140          0          0          0        256   ddiv.o
        90          4          0          0          0        140   dfixu.o
        84          0          0          0          0        232   dflt_clz.o
       120          4          0          0          0        140   dleqf.o
       340         12          0          0          0        152   dmul.o
       156          4          0          0          0        140   dnaninf.o
        12          0          0          0          0        116   dretinf.o
       108          0          0          0          0        128   drleqf.o
        10          0          0          0          0        116   fpinit.o
        10          0          0          0          0        116   fretinf.o
         4          0          0          0          0        116   printf1.o
         0          0          0          0          0          0   usenofp.o
        48          0          0          0          0        124   fpclassify.o

    ----------------------------------------------------------------------
      8968        452        176          0        100       7232   Library Totals
        16          0          0          0          4          0   (incl. Padding)

    ----------------------------------------------------------------------

      Code (inc. data)   RO Data    RW Data    ZI Data      Debug   Library Name

      6334        268        176          0         96       4708   c_w.l
      2570        184          0          0          0       2400   fz_wm.l
        48          0          0          0          0        124   m_wm.l

    ----------------------------------------------------------------------
      8968        452        176          0        100       7232   Library Totals

    ----------------------------------------------------------------------

==============================================================================


      Code (inc. data)   RO Data    RW Data    ZI Data      Debug   

    122120       8282      91016        672      65432     872111   Grand Totals
    122120       8282      91016        212      65432     872111   ELF Image Totals (compressed)
    122120       8282      91016        212          0          0   ROM Totals

==============================================================================

    Total RO  Size (Code + RO Data)               213136 ( 208.14kB)
    Total RW  Size (RW Data + ZI Data)             66104 (  64.55kB)
    Total ROM Size (Code + RO Data + RW Data)     213348 ( 208.35kB)

==============================================================================

